<!doctype html public "-//w3c//dtd html 4.0 transitional//en">
<html><head>
<title>Static Call Graph - [.\Objects\GD32Motor12.axf]</title></head>
<body><HR>
<H1>Static Call Graph for image .\Objects\GD32Motor12.axf</H1><HR>
<BR><P>#&#060CALLGRAPH&#062# ARM Linker, 6160001: Last Updated: Wed Jun 28 18:00:20 2023
<BR><P>
<H3>Maximum Stack Usage =        592 bytes + Unknown(Cycles, Untraceable Function Pointers)</H3><H3>
Call chain for Maximum Stack Depth:</H3>
main &rArr; Motor_HomeZero_Task_Loop &rArr; stepper_move_T &rArr; Motor_Star_Set &rArr; gpio_output_options_set
<P>
<H3>
Mutually Recursive functions
</H3> <LI><a href="#[1c]">ADC_IRQHandler</a>&nbsp;&nbsp;&nbsp;&rArr;&nbsp;&nbsp;&nbsp;<a href="#[1c]">ADC_IRQHandler</a><BR>
</UL>
<P>
<H3>
Function Pointers
</H3><UL>
 <LI><a href="#[1c]">ADC_IRQHandler</a> from startup_gd32f407_427.o(.text) referenced from startup_gd32f407_427.o(RESET)
 <LI><a href="#[4]">BusFault_Handler</a> from gd32f4xx_it.o(.text.BusFault_Handler) referenced from startup_gd32f407_427.o(RESET)
 <LI><a href="#[20]">CAN0_EWMC_IRQHandler</a> from startup_gd32f407_427.o(.text) referenced from startup_gd32f407_427.o(RESET)
 <LI><a href="#[1e]">CAN0_RX0_IRQHandler</a> from gd32f4xx_it.o(.text.CAN0_RX0_IRQHandler) referenced from startup_gd32f407_427.o(RESET)
 <LI><a href="#[1f]">CAN0_RX1_IRQHandler</a> from startup_gd32f407_427.o(.text) referenced from startup_gd32f407_427.o(RESET)
 <LI><a href="#[1d]">CAN0_TX_IRQHandler</a> from startup_gd32f407_427.o(.text) referenced from startup_gd32f407_427.o(RESET)
 <LI><a href="#[4c]">CAN1_EWMC_IRQHandler</a> from startup_gd32f407_427.o(.text) referenced from startup_gd32f407_427.o(RESET)
 <LI><a href="#[4a]">CAN1_RX0_IRQHandler</a> from startup_gd32f407_427.o(.text) referenced from startup_gd32f407_427.o(RESET)
 <LI><a href="#[4b]">CAN1_RX1_IRQHandler</a> from startup_gd32f407_427.o(.text) referenced from startup_gd32f407_427.o(RESET)
 <LI><a href="#[49]">CAN1_TX_IRQHandler</a> from startup_gd32f407_427.o(.text) referenced from startup_gd32f407_427.o(RESET)
 <LI><a href="#[58]">DCI_IRQHandler</a> from startup_gd32f407_427.o(.text) referenced from startup_gd32f407_427.o(RESET)
 <LI><a href="#[15]">DMA0_Channel0_IRQHandler</a> from startup_gd32f407_427.o(.text) referenced from startup_gd32f407_427.o(RESET)
 <LI><a href="#[16]">DMA0_Channel1_IRQHandler</a> from startup_gd32f407_427.o(.text) referenced from startup_gd32f407_427.o(RESET)
 <LI><a href="#[17]">DMA0_Channel2_IRQHandler</a> from startup_gd32f407_427.o(.text) referenced from startup_gd32f407_427.o(RESET)
 <LI><a href="#[18]">DMA0_Channel3_IRQHandler</a> from startup_gd32f407_427.o(.text) referenced from startup_gd32f407_427.o(RESET)
 <LI><a href="#[19]">DMA0_Channel4_IRQHandler</a> from startup_gd32f407_427.o(.text) referenced from startup_gd32f407_427.o(RESET)
 <LI><a href="#[1a]">DMA0_Channel5_IRQHandler</a> from startup_gd32f407_427.o(.text) referenced from startup_gd32f407_427.o(RESET)
 <LI><a href="#[1b]">DMA0_Channel6_IRQHandler</a> from startup_gd32f407_427.o(.text) referenced from startup_gd32f407_427.o(RESET)
 <LI><a href="#[39]">DMA0_Channel7_IRQHandler</a> from startup_gd32f407_427.o(.text) referenced from startup_gd32f407_427.o(RESET)
 <LI><a href="#[42]">DMA1_Channel0_IRQHandler</a> from startup_gd32f407_427.o(.text) referenced from startup_gd32f407_427.o(RESET)
 <LI><a href="#[43]">DMA1_Channel1_IRQHandler</a> from startup_gd32f407_427.o(.text) referenced from startup_gd32f407_427.o(RESET)
 <LI><a href="#[44]">DMA1_Channel2_IRQHandler</a> from startup_gd32f407_427.o(.text) referenced from startup_gd32f407_427.o(RESET)
 <LI><a href="#[45]">DMA1_Channel3_IRQHandler</a> from startup_gd32f407_427.o(.text) referenced from startup_gd32f407_427.o(RESET)
 <LI><a href="#[46]">DMA1_Channel4_IRQHandler</a> from startup_gd32f407_427.o(.text) referenced from startup_gd32f407_427.o(RESET)
 <LI><a href="#[4e]">DMA1_Channel5_IRQHandler</a> from startup_gd32f407_427.o(.text) referenced from startup_gd32f407_427.o(RESET)
 <LI><a href="#[4f]">DMA1_Channel6_IRQHandler</a> from startup_gd32f407_427.o(.text) referenced from startup_gd32f407_427.o(RESET)
 <LI><a href="#[50]">DMA1_Channel7_IRQHandler</a> from startup_gd32f407_427.o(.text) referenced from startup_gd32f407_427.o(RESET)
 <LI><a href="#[7]">DebugMon_Handler</a> from gd32f4xx_it.o(.text.DebugMon_Handler) referenced from startup_gd32f407_427.o(RESET)
 <LI><a href="#[47]">ENET_IRQHandler</a> from startup_gd32f407_427.o(.text) referenced from startup_gd32f407_427.o(RESET)
 <LI><a href="#[48]">ENET_WKUP_IRQHandler</a> from startup_gd32f407_427.o(.text) referenced from startup_gd32f407_427.o(RESET)
 <LI><a href="#[3a]">EXMC_IRQHandler</a> from startup_gd32f407_427.o(.text) referenced from startup_gd32f407_427.o(RESET)
 <LI><a href="#[10]">EXTI0_IRQHandler</a> from startup_gd32f407_427.o(.text) referenced from startup_gd32f407_427.o(RESET)
 <LI><a href="#[32]">EXTI10_15_IRQHandler</a> from startup_gd32f407_427.o(.text) referenced from startup_gd32f407_427.o(RESET)
 <LI><a href="#[11]">EXTI1_IRQHandler</a> from startup_gd32f407_427.o(.text) referenced from startup_gd32f407_427.o(RESET)
 <LI><a href="#[12]">EXTI2_IRQHandler</a> from startup_gd32f407_427.o(.text) referenced from startup_gd32f407_427.o(RESET)
 <LI><a href="#[13]">EXTI3_IRQHandler</a> from startup_gd32f407_427.o(.text) referenced from startup_gd32f407_427.o(RESET)
 <LI><a href="#[14]">EXTI4_IRQHandler</a> from startup_gd32f407_427.o(.text) referenced from startup_gd32f407_427.o(RESET)
 <LI><a href="#[21]">EXTI5_9_IRQHandler</a> from startup_gd32f407_427.o(.text) referenced from startup_gd32f407_427.o(RESET)
 <LI><a href="#[e]">FMC_IRQHandler</a> from startup_gd32f407_427.o(.text) referenced from startup_gd32f407_427.o(RESET)
 <LI><a href="#[5a]">FPU_IRQHandler</a> from startup_gd32f407_427.o(.text) referenced from startup_gd32f407_427.o(RESET)
 <LI><a href="#[2]">HardFault_Handler</a> from gd32f4xx_it.o(.text.HardFault_Handler) referenced from startup_gd32f407_427.o(RESET)
 <LI><a href="#[2a]">I2C0_ER_IRQHandler</a> from startup_gd32f407_427.o(.text) referenced from startup_gd32f407_427.o(RESET)
 <LI><a href="#[29]">I2C0_EV_IRQHandler</a> from startup_gd32f407_427.o(.text) referenced from startup_gd32f407_427.o(RESET)
 <LI><a href="#[2c]">I2C1_ER_IRQHandler</a> from startup_gd32f407_427.o(.text) referenced from startup_gd32f407_427.o(RESET)
 <LI><a href="#[2b]">I2C1_EV_IRQHandler</a> from startup_gd32f407_427.o(.text) referenced from startup_gd32f407_427.o(RESET)
 <LI><a href="#[53]">I2C2_ER_IRQHandler</a> from startup_gd32f407_427.o(.text) referenced from startup_gd32f407_427.o(RESET)
 <LI><a href="#[52]">I2C2_EV_IRQHandler</a> from startup_gd32f407_427.o(.text) referenced from startup_gd32f407_427.o(RESET)
 <LI><a href="#[b]">LVD_IRQHandler</a> from startup_gd32f407_427.o(.text) referenced from startup_gd32f407_427.o(RESET)
 <LI><a href="#[3]">MemManage_Handler</a> from gd32f4xx_it.o(.text.MemManage_Handler) referenced from startup_gd32f407_427.o(RESET)
 <LI><a href="#[1]">NMI_Handler</a> from gd32f4xx_it.o(.text.NMI_Handler) referenced from startup_gd32f407_427.o(RESET)
 <LI><a href="#[8]">PendSV_Handler</a> from gd32f4xx_it.o(.text.PendSV_Handler) referenced from startup_gd32f407_427.o(RESET)
 <LI><a href="#[f]">RCU_CTC_IRQHandler</a> from startup_gd32f407_427.o(.text) referenced from startup_gd32f407_427.o(RESET)
 <LI><a href="#[33]">RTC_Alarm_IRQHandler</a> from startup_gd32f407_427.o(.text) referenced from startup_gd32f407_427.o(RESET)
 <LI><a href="#[d]">RTC_WKUP_IRQHandler</a> from startup_gd32f407_427.o(.text) referenced from startup_gd32f407_427.o(RESET)
 <LI><a href="#[0]">Reset_Handler</a> from startup_gd32f407_427.o(.text) referenced from startup_gd32f407_427.o(RESET)
 <LI><a href="#[3b]">SDIO_IRQHandler</a> from startup_gd32f407_427.o(.text) referenced from startup_gd32f407_427.o(RESET)
 <LI><a href="#[2d]">SPI0_IRQHandler</a> from startup_gd32f407_427.o(.text) referenced from startup_gd32f407_427.o(RESET)
 <LI><a href="#[2e]">SPI1_IRQHandler</a> from startup_gd32f407_427.o(.text) referenced from startup_gd32f407_427.o(RESET)
 <LI><a href="#[3d]">SPI2_IRQHandler</a> from startup_gd32f407_427.o(.text) referenced from startup_gd32f407_427.o(RESET)
 <LI><a href="#[6]">SVC_Handler</a> from gd32f4xx_it.o(.text.SVC_Handler) referenced from startup_gd32f407_427.o(RESET)
 <LI><a href="#[9]">SysTick_Handler</a> from gd32f4xx_it.o(.text.SysTick_Handler) referenced from startup_gd32f407_427.o(RESET)
 <LI><a href="#[5c]">SystemInit</a> from system_gd32f4xx.o(.text.SystemInit) referenced from startup_gd32f407_427.o(.text)
 <LI><a href="#[c]">TAMPER_STAMP_IRQHandler</a> from startup_gd32f407_427.o(.text) referenced from startup_gd32f407_427.o(RESET)
 <LI><a href="#[22]">TIMER0_BRK_TIMER8_IRQHandler</a> from gd32f4xx_it.o(.text.TIMER0_BRK_TIMER8_IRQHandler) referenced from startup_gd32f407_427.o(RESET)
 <LI><a href="#[25]">TIMER0_Channel_IRQHandler</a> from startup_gd32f407_427.o(.text) referenced from startup_gd32f407_427.o(RESET)
 <LI><a href="#[24]">TIMER0_TRG_CMT_TIMER10_IRQHandler</a> from gd32f4xx_it.o(.text.TIMER0_TRG_CMT_TIMER10_IRQHandler) referenced from startup_gd32f407_427.o(RESET)
 <LI><a href="#[23]">TIMER0_UP_TIMER9_IRQHandler</a> from gd32f4xx_it.o(.text.TIMER0_UP_TIMER9_IRQHandler) referenced from startup_gd32f407_427.o(RESET)
 <LI><a href="#[26]">TIMER1_IRQHandler</a> from gd32f4xx_it.o(.text.TIMER1_IRQHandler) referenced from startup_gd32f407_427.o(RESET)
 <LI><a href="#[27]">TIMER2_IRQHandler</a> from gd32f4xx_it.o(.text.TIMER2_IRQHandler) referenced from startup_gd32f407_427.o(RESET)
 <LI><a href="#[28]">TIMER3_IRQHandler</a> from startup_gd32f407_427.o(.text) referenced from startup_gd32f407_427.o(RESET)
 <LI><a href="#[3c]">TIMER4_IRQHandler</a> from startup_gd32f407_427.o(.text) referenced from startup_gd32f407_427.o(RESET)
 <LI><a href="#[40]">TIMER5_DAC_IRQHandler</a> from gd32f4xx_it.o(.text.TIMER5_DAC_IRQHandler) referenced from startup_gd32f407_427.o(RESET)
 <LI><a href="#[41]">TIMER6_IRQHandler</a> from gd32f4xx_it.o(.text.TIMER6_IRQHandler) referenced from startup_gd32f407_427.o(RESET)
 <LI><a href="#[35]">TIMER7_BRK_TIMER11_IRQHandler</a> from gd32f4xx_it.o(.text.TIMER7_BRK_TIMER11_IRQHandler) referenced from startup_gd32f407_427.o(RESET)
 <LI><a href="#[38]">TIMER7_Channel_IRQHandler</a> from gd32f4xx_it.o(.text.TIMER7_Channel_IRQHandler) referenced from startup_gd32f407_427.o(RESET)
 <LI><a href="#[37]">TIMER7_TRG_CMT_TIMER13_IRQHandler</a> from gd32f4xx_it.o(.text.TIMER7_TRG_CMT_TIMER13_IRQHandler) referenced from startup_gd32f407_427.o(RESET)
 <LI><a href="#[36]">TIMER7_UP_TIMER12_IRQHandler</a> from gd32f4xx_it.o(.text.TIMER7_UP_TIMER12_IRQHandler) referenced from startup_gd32f407_427.o(RESET)
 <LI><a href="#[59]">TRNG_IRQHandler</a> from startup_gd32f407_427.o(.text) referenced from startup_gd32f407_427.o(RESET)
 <LI><a href="#[3e]">UART3_IRQHandler</a> from startup_gd32f407_427.o(.text) referenced from startup_gd32f407_427.o(RESET)
 <LI><a href="#[3f]">UART4_IRQHandler</a> from startup_gd32f407_427.o(.text) referenced from startup_gd32f407_427.o(RESET)
 <LI><a href="#[2f]">USART0_IRQHandler</a> from startup_gd32f407_427.o(.text) referenced from startup_gd32f407_427.o(RESET)
 <LI><a href="#[30]">USART1_IRQHandler</a> from startup_gd32f407_427.o(.text) referenced from startup_gd32f407_427.o(RESET)
 <LI><a href="#[31]">USART2_IRQHandler</a> from startup_gd32f407_427.o(.text) referenced from startup_gd32f407_427.o(RESET)
 <LI><a href="#[51]">USART5_IRQHandler</a> from startup_gd32f407_427.o(.text) referenced from startup_gd32f407_427.o(RESET)
 <LI><a href="#[4d]">USBFS_IRQHandler</a> from startup_gd32f407_427.o(.text) referenced from startup_gd32f407_427.o(RESET)
 <LI><a href="#[34]">USBFS_WKUP_IRQHandler</a> from startup_gd32f407_427.o(.text) referenced from startup_gd32f407_427.o(RESET)
 <LI><a href="#[55]">USBHS_EP1_In_IRQHandler</a> from startup_gd32f407_427.o(.text) referenced from startup_gd32f407_427.o(RESET)
 <LI><a href="#[54]">USBHS_EP1_Out_IRQHandler</a> from startup_gd32f407_427.o(.text) referenced from startup_gd32f407_427.o(RESET)
 <LI><a href="#[57]">USBHS_IRQHandler</a> from startup_gd32f407_427.o(.text) referenced from startup_gd32f407_427.o(RESET)
 <LI><a href="#[56]">USBHS_WKUP_IRQHandler</a> from startup_gd32f407_427.o(.text) referenced from startup_gd32f407_427.o(RESET)
 <LI><a href="#[5]">UsageFault_Handler</a> from gd32f4xx_it.o(.text.UsageFault_Handler) referenced from startup_gd32f407_427.o(RESET)
 <LI><a href="#[a]">WWDGT_IRQHandler</a> from startup_gd32f407_427.o(.text) referenced from startup_gd32f407_427.o(RESET)
 <LI><a href="#[5d]">__main</a> from entry.o(.ARM.Collect$$$$00000000) referenced from startup_gd32f407_427.o(.text)
 <LI><a href="#[5b]">main</a> from main.o(.text.main) referenced from entry9a.o(.ARM.Collect$$$$0000000B)
</UL>
<P>
<H3>
Global Symbols
</H3>
<P><STRONG><a name="[5d]"></a>__main</STRONG> (Thumb, 0 bytes, Stack size unknown bytes, entry.o(.ARM.Collect$$$$00000000))
<BR>[Address Reference Count : 1]<UL><LI> startup_gd32f407_427.o(.text)
</UL>
<P><STRONG><a name="[ec]"></a>_main_stk</STRONG> (Thumb, 0 bytes, Stack size unknown bytes, entry2.o(.ARM.Collect$$$$00000001))

<P><STRONG><a name="[5e]"></a>_main_scatterload</STRONG> (Thumb, 0 bytes, Stack size unknown bytes, entry5.o(.ARM.Collect$$$$00000004))
<BR><BR>[Calls]<UL><LI><a href="#[5f]">&gt;&gt;</a>&nbsp;&nbsp;&nbsp;__scatterload
</UL>

<P><STRONG><a name="[6a]"></a>__main_after_scatterload</STRONG> (Thumb, 0 bytes, Stack size unknown bytes, entry5.o(.ARM.Collect$$$$00000004))
<BR><BR>[Called By]<UL><LI><a href="#[5f]">&gt;&gt;</a>&nbsp;&nbsp;&nbsp;__scatterload
</UL>

<P><STRONG><a name="[ed]"></a>_main_clock</STRONG> (Thumb, 0 bytes, Stack size unknown bytes, entry7b.o(.ARM.Collect$$$$00000008))

<P><STRONG><a name="[ee]"></a>_main_cpp_init</STRONG> (Thumb, 0 bytes, Stack size unknown bytes, entry8b.o(.ARM.Collect$$$$0000000A))

<P><STRONG><a name="[ef]"></a>_main_init</STRONG> (Thumb, 0 bytes, Stack size unknown bytes, entry9a.o(.ARM.Collect$$$$0000000B))

<P><STRONG><a name="[f0]"></a>__rt_final_cpp</STRONG> (Thumb, 0 bytes, Stack size unknown bytes, entry10a.o(.ARM.Collect$$$$0000000D))

<P><STRONG><a name="[f1]"></a>__rt_final_exit</STRONG> (Thumb, 0 bytes, Stack size unknown bytes, entry11a.o(.ARM.Collect$$$$0000000F))

<P><STRONG><a name="[0]"></a>Reset_Handler</STRONG> (Thumb, 8 bytes, Stack size 0 bytes, startup_gd32f407_427.o(.text))
<BR>[Address Reference Count : 1]<UL><LI> startup_gd32f407_427.o(RESET)
</UL>
<P><STRONG><a name="[1c]"></a>ADC_IRQHandler</STRONG> (Thumb, 0 bytes, Stack size 0 bytes, startup_gd32f407_427.o(.text))
<BR><BR>[Calls]<UL><LI><a href="#[1c]">&gt;&gt;</a>&nbsp;&nbsp;&nbsp;ADC_IRQHandler
</UL>
<BR>[Called By]<UL><LI><a href="#[1c]">&gt;&gt;</a>&nbsp;&nbsp;&nbsp;ADC_IRQHandler
</UL>
<BR>[Address Reference Count : 1]<UL><LI> startup_gd32f407_427.o(RESET)
</UL>
<P><STRONG><a name="[20]"></a>CAN0_EWMC_IRQHandler</STRONG> (Thumb, 0 bytes, Stack size 0 bytes, startup_gd32f407_427.o(.text))
<BR>[Address Reference Count : 1]<UL><LI> startup_gd32f407_427.o(RESET)
</UL>
<P><STRONG><a name="[1f]"></a>CAN0_RX1_IRQHandler</STRONG> (Thumb, 0 bytes, Stack size 0 bytes, startup_gd32f407_427.o(.text))
<BR>[Address Reference Count : 1]<UL><LI> startup_gd32f407_427.o(RESET)
</UL>
<P><STRONG><a name="[1d]"></a>CAN0_TX_IRQHandler</STRONG> (Thumb, 0 bytes, Stack size 0 bytes, startup_gd32f407_427.o(.text))
<BR>[Address Reference Count : 1]<UL><LI> startup_gd32f407_427.o(RESET)
</UL>
<P><STRONG><a name="[4c]"></a>CAN1_EWMC_IRQHandler</STRONG> (Thumb, 0 bytes, Stack size 0 bytes, startup_gd32f407_427.o(.text))
<BR>[Address Reference Count : 1]<UL><LI> startup_gd32f407_427.o(RESET)
</UL>
<P><STRONG><a name="[4a]"></a>CAN1_RX0_IRQHandler</STRONG> (Thumb, 0 bytes, Stack size 0 bytes, startup_gd32f407_427.o(.text))
<BR>[Address Reference Count : 1]<UL><LI> startup_gd32f407_427.o(RESET)
</UL>
<P><STRONG><a name="[4b]"></a>CAN1_RX1_IRQHandler</STRONG> (Thumb, 0 bytes, Stack size 0 bytes, startup_gd32f407_427.o(.text))
<BR>[Address Reference Count : 1]<UL><LI> startup_gd32f407_427.o(RESET)
</UL>
<P><STRONG><a name="[49]"></a>CAN1_TX_IRQHandler</STRONG> (Thumb, 0 bytes, Stack size 0 bytes, startup_gd32f407_427.o(.text))
<BR>[Address Reference Count : 1]<UL><LI> startup_gd32f407_427.o(RESET)
</UL>
<P><STRONG><a name="[58]"></a>DCI_IRQHandler</STRONG> (Thumb, 0 bytes, Stack size 0 bytes, startup_gd32f407_427.o(.text))
<BR>[Address Reference Count : 1]<UL><LI> startup_gd32f407_427.o(RESET)
</UL>
<P><STRONG><a name="[15]"></a>DMA0_Channel0_IRQHandler</STRONG> (Thumb, 0 bytes, Stack size 0 bytes, startup_gd32f407_427.o(.text))
<BR>[Address Reference Count : 1]<UL><LI> startup_gd32f407_427.o(RESET)
</UL>
<P><STRONG><a name="[16]"></a>DMA0_Channel1_IRQHandler</STRONG> (Thumb, 0 bytes, Stack size 0 bytes, startup_gd32f407_427.o(.text))
<BR>[Address Reference Count : 1]<UL><LI> startup_gd32f407_427.o(RESET)
</UL>
<P><STRONG><a name="[17]"></a>DMA0_Channel2_IRQHandler</STRONG> (Thumb, 0 bytes, Stack size 0 bytes, startup_gd32f407_427.o(.text))
<BR>[Address Reference Count : 1]<UL><LI> startup_gd32f407_427.o(RESET)
</UL>
<P><STRONG><a name="[18]"></a>DMA0_Channel3_IRQHandler</STRONG> (Thumb, 0 bytes, Stack size 0 bytes, startup_gd32f407_427.o(.text))
<BR>[Address Reference Count : 1]<UL><LI> startup_gd32f407_427.o(RESET)
</UL>
<P><STRONG><a name="[19]"></a>DMA0_Channel4_IRQHandler</STRONG> (Thumb, 0 bytes, Stack size 0 bytes, startup_gd32f407_427.o(.text))
<BR>[Address Reference Count : 1]<UL><LI> startup_gd32f407_427.o(RESET)
</UL>
<P><STRONG><a name="[1a]"></a>DMA0_Channel5_IRQHandler</STRONG> (Thumb, 0 bytes, Stack size 0 bytes, startup_gd32f407_427.o(.text))
<BR>[Address Reference Count : 1]<UL><LI> startup_gd32f407_427.o(RESET)
</UL>
<P><STRONG><a name="[1b]"></a>DMA0_Channel6_IRQHandler</STRONG> (Thumb, 0 bytes, Stack size 0 bytes, startup_gd32f407_427.o(.text))
<BR>[Address Reference Count : 1]<UL><LI> startup_gd32f407_427.o(RESET)
</UL>
<P><STRONG><a name="[39]"></a>DMA0_Channel7_IRQHandler</STRONG> (Thumb, 0 bytes, Stack size 0 bytes, startup_gd32f407_427.o(.text))
<BR>[Address Reference Count : 1]<UL><LI> startup_gd32f407_427.o(RESET)
</UL>
<P><STRONG><a name="[42]"></a>DMA1_Channel0_IRQHandler</STRONG> (Thumb, 0 bytes, Stack size 0 bytes, startup_gd32f407_427.o(.text))
<BR>[Address Reference Count : 1]<UL><LI> startup_gd32f407_427.o(RESET)
</UL>
<P><STRONG><a name="[43]"></a>DMA1_Channel1_IRQHandler</STRONG> (Thumb, 0 bytes, Stack size 0 bytes, startup_gd32f407_427.o(.text))
<BR>[Address Reference Count : 1]<UL><LI> startup_gd32f407_427.o(RESET)
</UL>
<P><STRONG><a name="[44]"></a>DMA1_Channel2_IRQHandler</STRONG> (Thumb, 0 bytes, Stack size 0 bytes, startup_gd32f407_427.o(.text))
<BR>[Address Reference Count : 1]<UL><LI> startup_gd32f407_427.o(RESET)
</UL>
<P><STRONG><a name="[45]"></a>DMA1_Channel3_IRQHandler</STRONG> (Thumb, 0 bytes, Stack size 0 bytes, startup_gd32f407_427.o(.text))
<BR>[Address Reference Count : 1]<UL><LI> startup_gd32f407_427.o(RESET)
</UL>
<P><STRONG><a name="[46]"></a>DMA1_Channel4_IRQHandler</STRONG> (Thumb, 0 bytes, Stack size 0 bytes, startup_gd32f407_427.o(.text))
<BR>[Address Reference Count : 1]<UL><LI> startup_gd32f407_427.o(RESET)
</UL>
<P><STRONG><a name="[4e]"></a>DMA1_Channel5_IRQHandler</STRONG> (Thumb, 0 bytes, Stack size 0 bytes, startup_gd32f407_427.o(.text))
<BR>[Address Reference Count : 1]<UL><LI> startup_gd32f407_427.o(RESET)
</UL>
<P><STRONG><a name="[4f]"></a>DMA1_Channel6_IRQHandler</STRONG> (Thumb, 0 bytes, Stack size 0 bytes, startup_gd32f407_427.o(.text))
<BR>[Address Reference Count : 1]<UL><LI> startup_gd32f407_427.o(RESET)
</UL>
<P><STRONG><a name="[50]"></a>DMA1_Channel7_IRQHandler</STRONG> (Thumb, 0 bytes, Stack size 0 bytes, startup_gd32f407_427.o(.text))
<BR>[Address Reference Count : 1]<UL><LI> startup_gd32f407_427.o(RESET)
</UL>
<P><STRONG><a name="[47]"></a>ENET_IRQHandler</STRONG> (Thumb, 0 bytes, Stack size 0 bytes, startup_gd32f407_427.o(.text))
<BR>[Address Reference Count : 1]<UL><LI> startup_gd32f407_427.o(RESET)
</UL>
<P><STRONG><a name="[48]"></a>ENET_WKUP_IRQHandler</STRONG> (Thumb, 0 bytes, Stack size 0 bytes, startup_gd32f407_427.o(.text))
<BR>[Address Reference Count : 1]<UL><LI> startup_gd32f407_427.o(RESET)
</UL>
<P><STRONG><a name="[3a]"></a>EXMC_IRQHandler</STRONG> (Thumb, 0 bytes, Stack size 0 bytes, startup_gd32f407_427.o(.text))
<BR>[Address Reference Count : 1]<UL><LI> startup_gd32f407_427.o(RESET)
</UL>
<P><STRONG><a name="[10]"></a>EXTI0_IRQHandler</STRONG> (Thumb, 0 bytes, Stack size 0 bytes, startup_gd32f407_427.o(.text))
<BR>[Address Reference Count : 1]<UL><LI> startup_gd32f407_427.o(RESET)
</UL>
<P><STRONG><a name="[32]"></a>EXTI10_15_IRQHandler</STRONG> (Thumb, 0 bytes, Stack size 0 bytes, startup_gd32f407_427.o(.text))
<BR>[Address Reference Count : 1]<UL><LI> startup_gd32f407_427.o(RESET)
</UL>
<P><STRONG><a name="[11]"></a>EXTI1_IRQHandler</STRONG> (Thumb, 0 bytes, Stack size 0 bytes, startup_gd32f407_427.o(.text))
<BR>[Address Reference Count : 1]<UL><LI> startup_gd32f407_427.o(RESET)
</UL>
<P><STRONG><a name="[12]"></a>EXTI2_IRQHandler</STRONG> (Thumb, 0 bytes, Stack size 0 bytes, startup_gd32f407_427.o(.text))
<BR>[Address Reference Count : 1]<UL><LI> startup_gd32f407_427.o(RESET)
</UL>
<P><STRONG><a name="[13]"></a>EXTI3_IRQHandler</STRONG> (Thumb, 0 bytes, Stack size 0 bytes, startup_gd32f407_427.o(.text))
<BR>[Address Reference Count : 1]<UL><LI> startup_gd32f407_427.o(RESET)
</UL>
<P><STRONG><a name="[14]"></a>EXTI4_IRQHandler</STRONG> (Thumb, 0 bytes, Stack size 0 bytes, startup_gd32f407_427.o(.text))
<BR>[Address Reference Count : 1]<UL><LI> startup_gd32f407_427.o(RESET)
</UL>
<P><STRONG><a name="[21]"></a>EXTI5_9_IRQHandler</STRONG> (Thumb, 0 bytes, Stack size 0 bytes, startup_gd32f407_427.o(.text))
<BR>[Address Reference Count : 1]<UL><LI> startup_gd32f407_427.o(RESET)
</UL>
<P><STRONG><a name="[e]"></a>FMC_IRQHandler</STRONG> (Thumb, 0 bytes, Stack size 0 bytes, startup_gd32f407_427.o(.text))
<BR>[Address Reference Count : 1]<UL><LI> startup_gd32f407_427.o(RESET)
</UL>
<P><STRONG><a name="[5a]"></a>FPU_IRQHandler</STRONG> (Thumb, 0 bytes, Stack size 0 bytes, startup_gd32f407_427.o(.text))
<BR>[Address Reference Count : 1]<UL><LI> startup_gd32f407_427.o(RESET)
</UL>
<P><STRONG><a name="[2a]"></a>I2C0_ER_IRQHandler</STRONG> (Thumb, 0 bytes, Stack size 0 bytes, startup_gd32f407_427.o(.text))
<BR>[Address Reference Count : 1]<UL><LI> startup_gd32f407_427.o(RESET)
</UL>
<P><STRONG><a name="[29]"></a>I2C0_EV_IRQHandler</STRONG> (Thumb, 0 bytes, Stack size 0 bytes, startup_gd32f407_427.o(.text))
<BR>[Address Reference Count : 1]<UL><LI> startup_gd32f407_427.o(RESET)
</UL>
<P><STRONG><a name="[2c]"></a>I2C1_ER_IRQHandler</STRONG> (Thumb, 0 bytes, Stack size 0 bytes, startup_gd32f407_427.o(.text))
<BR>[Address Reference Count : 1]<UL><LI> startup_gd32f407_427.o(RESET)
</UL>
<P><STRONG><a name="[2b]"></a>I2C1_EV_IRQHandler</STRONG> (Thumb, 0 bytes, Stack size 0 bytes, startup_gd32f407_427.o(.text))
<BR>[Address Reference Count : 1]<UL><LI> startup_gd32f407_427.o(RESET)
</UL>
<P><STRONG><a name="[53]"></a>I2C2_ER_IRQHandler</STRONG> (Thumb, 0 bytes, Stack size 0 bytes, startup_gd32f407_427.o(.text))
<BR>[Address Reference Count : 1]<UL><LI> startup_gd32f407_427.o(RESET)
</UL>
<P><STRONG><a name="[52]"></a>I2C2_EV_IRQHandler</STRONG> (Thumb, 0 bytes, Stack size 0 bytes, startup_gd32f407_427.o(.text))
<BR>[Address Reference Count : 1]<UL><LI> startup_gd32f407_427.o(RESET)
</UL>
<P><STRONG><a name="[b]"></a>LVD_IRQHandler</STRONG> (Thumb, 0 bytes, Stack size 0 bytes, startup_gd32f407_427.o(.text))
<BR>[Address Reference Count : 1]<UL><LI> startup_gd32f407_427.o(RESET)
</UL>
<P><STRONG><a name="[f]"></a>RCU_CTC_IRQHandler</STRONG> (Thumb, 0 bytes, Stack size 0 bytes, startup_gd32f407_427.o(.text))
<BR>[Address Reference Count : 1]<UL><LI> startup_gd32f407_427.o(RESET)
</UL>
<P><STRONG><a name="[33]"></a>RTC_Alarm_IRQHandler</STRONG> (Thumb, 0 bytes, Stack size 0 bytes, startup_gd32f407_427.o(.text))
<BR>[Address Reference Count : 1]<UL><LI> startup_gd32f407_427.o(RESET)
</UL>
<P><STRONG><a name="[d]"></a>RTC_WKUP_IRQHandler</STRONG> (Thumb, 0 bytes, Stack size 0 bytes, startup_gd32f407_427.o(.text))
<BR>[Address Reference Count : 1]<UL><LI> startup_gd32f407_427.o(RESET)
</UL>
<P><STRONG><a name="[3b]"></a>SDIO_IRQHandler</STRONG> (Thumb, 0 bytes, Stack size 0 bytes, startup_gd32f407_427.o(.text))
<BR>[Address Reference Count : 1]<UL><LI> startup_gd32f407_427.o(RESET)
</UL>
<P><STRONG><a name="[2d]"></a>SPI0_IRQHandler</STRONG> (Thumb, 0 bytes, Stack size 0 bytes, startup_gd32f407_427.o(.text))
<BR>[Address Reference Count : 1]<UL><LI> startup_gd32f407_427.o(RESET)
</UL>
<P><STRONG><a name="[2e]"></a>SPI1_IRQHandler</STRONG> (Thumb, 0 bytes, Stack size 0 bytes, startup_gd32f407_427.o(.text))
<BR>[Address Reference Count : 1]<UL><LI> startup_gd32f407_427.o(RESET)
</UL>
<P><STRONG><a name="[3d]"></a>SPI2_IRQHandler</STRONG> (Thumb, 0 bytes, Stack size 0 bytes, startup_gd32f407_427.o(.text))
<BR>[Address Reference Count : 1]<UL><LI> startup_gd32f407_427.o(RESET)
</UL>
<P><STRONG><a name="[c]"></a>TAMPER_STAMP_IRQHandler</STRONG> (Thumb, 0 bytes, Stack size 0 bytes, startup_gd32f407_427.o(.text))
<BR>[Address Reference Count : 1]<UL><LI> startup_gd32f407_427.o(RESET)
</UL>
<P><STRONG><a name="[25]"></a>TIMER0_Channel_IRQHandler</STRONG> (Thumb, 0 bytes, Stack size 0 bytes, startup_gd32f407_427.o(.text))
<BR>[Address Reference Count : 1]<UL><LI> startup_gd32f407_427.o(RESET)
</UL>
<P><STRONG><a name="[28]"></a>TIMER3_IRQHandler</STRONG> (Thumb, 0 bytes, Stack size 0 bytes, startup_gd32f407_427.o(.text))
<BR>[Address Reference Count : 1]<UL><LI> startup_gd32f407_427.o(RESET)
</UL>
<P><STRONG><a name="[3c]"></a>TIMER4_IRQHandler</STRONG> (Thumb, 0 bytes, Stack size 0 bytes, startup_gd32f407_427.o(.text))
<BR>[Address Reference Count : 1]<UL><LI> startup_gd32f407_427.o(RESET)
</UL>
<P><STRONG><a name="[59]"></a>TRNG_IRQHandler</STRONG> (Thumb, 0 bytes, Stack size 0 bytes, startup_gd32f407_427.o(.text))
<BR>[Address Reference Count : 1]<UL><LI> startup_gd32f407_427.o(RESET)
</UL>
<P><STRONG><a name="[3e]"></a>UART3_IRQHandler</STRONG> (Thumb, 0 bytes, Stack size 0 bytes, startup_gd32f407_427.o(.text))
<BR>[Address Reference Count : 1]<UL><LI> startup_gd32f407_427.o(RESET)
</UL>
<P><STRONG><a name="[3f]"></a>UART4_IRQHandler</STRONG> (Thumb, 0 bytes, Stack size 0 bytes, startup_gd32f407_427.o(.text))
<BR>[Address Reference Count : 1]<UL><LI> startup_gd32f407_427.o(RESET)
</UL>
<P><STRONG><a name="[2f]"></a>USART0_IRQHandler</STRONG> (Thumb, 0 bytes, Stack size 0 bytes, startup_gd32f407_427.o(.text))
<BR>[Address Reference Count : 1]<UL><LI> startup_gd32f407_427.o(RESET)
</UL>
<P><STRONG><a name="[30]"></a>USART1_IRQHandler</STRONG> (Thumb, 0 bytes, Stack size 0 bytes, startup_gd32f407_427.o(.text))
<BR>[Address Reference Count : 1]<UL><LI> startup_gd32f407_427.o(RESET)
</UL>
<P><STRONG><a name="[31]"></a>USART2_IRQHandler</STRONG> (Thumb, 0 bytes, Stack size 0 bytes, startup_gd32f407_427.o(.text))
<BR>[Address Reference Count : 1]<UL><LI> startup_gd32f407_427.o(RESET)
</UL>
<P><STRONG><a name="[51]"></a>USART5_IRQHandler</STRONG> (Thumb, 0 bytes, Stack size 0 bytes, startup_gd32f407_427.o(.text))
<BR>[Address Reference Count : 1]<UL><LI> startup_gd32f407_427.o(RESET)
</UL>
<P><STRONG><a name="[4d]"></a>USBFS_IRQHandler</STRONG> (Thumb, 0 bytes, Stack size 0 bytes, startup_gd32f407_427.o(.text))
<BR>[Address Reference Count : 1]<UL><LI> startup_gd32f407_427.o(RESET)
</UL>
<P><STRONG><a name="[34]"></a>USBFS_WKUP_IRQHandler</STRONG> (Thumb, 0 bytes, Stack size 0 bytes, startup_gd32f407_427.o(.text))
<BR>[Address Reference Count : 1]<UL><LI> startup_gd32f407_427.o(RESET)
</UL>
<P><STRONG><a name="[55]"></a>USBHS_EP1_In_IRQHandler</STRONG> (Thumb, 0 bytes, Stack size 0 bytes, startup_gd32f407_427.o(.text))
<BR>[Address Reference Count : 1]<UL><LI> startup_gd32f407_427.o(RESET)
</UL>
<P><STRONG><a name="[54]"></a>USBHS_EP1_Out_IRQHandler</STRONG> (Thumb, 0 bytes, Stack size 0 bytes, startup_gd32f407_427.o(.text))
<BR>[Address Reference Count : 1]<UL><LI> startup_gd32f407_427.o(RESET)
</UL>
<P><STRONG><a name="[57]"></a>USBHS_IRQHandler</STRONG> (Thumb, 0 bytes, Stack size 0 bytes, startup_gd32f407_427.o(.text))
<BR>[Address Reference Count : 1]<UL><LI> startup_gd32f407_427.o(RESET)
</UL>
<P><STRONG><a name="[56]"></a>USBHS_WKUP_IRQHandler</STRONG> (Thumb, 0 bytes, Stack size 0 bytes, startup_gd32f407_427.o(.text))
<BR>[Address Reference Count : 1]<UL><LI> startup_gd32f407_427.o(RESET)
</UL>
<P><STRONG><a name="[a]"></a>WWDGT_IRQHandler</STRONG> (Thumb, 0 bytes, Stack size 0 bytes, startup_gd32f407_427.o(.text))
<BR>[Address Reference Count : 1]<UL><LI> startup_gd32f407_427.o(RESET)
</UL>
<P><STRONG><a name="[60]"></a>__aeabi_dmul</STRONG> (Thumb, 228 bytes, Stack size 48 bytes, dmul.o(.text))
<BR><BR>[Stack]<UL><LI>Max Depth = 88<LI>Call Chain = __aeabi_dmul &rArr; _double_epilogue &rArr; _double_round
</UL>
<BR>[Calls]<UL><LI><a href="#[61]">&gt;&gt;</a>&nbsp;&nbsp;&nbsp;_double_epilogue
</UL>
<BR>[Called By]<UL><LI><a href="#[84]">&gt;&gt;</a>&nbsp;&nbsp;&nbsp;stepper_move_T
</UL>

<P><STRONG><a name="[62]"></a>__aeabi_ddiv</STRONG> (Thumb, 222 bytes, Stack size 32 bytes, ddiv.o(.text))
<BR><BR>[Stack]<UL><LI>Max Depth = 40<LI>Call Chain = __aeabi_ddiv &rArr; _double_round
</UL>
<BR>[Calls]<UL><LI><a href="#[63]">&gt;&gt;</a>&nbsp;&nbsp;&nbsp;_double_round
</UL>
<BR>[Called By]<UL><LI><a href="#[84]">&gt;&gt;</a>&nbsp;&nbsp;&nbsp;stepper_move_T
</UL>

<P><STRONG><a name="[64]"></a>__aeabi_ui2d</STRONG> (Thumb, 26 bytes, Stack size 16 bytes, dfltui.o(.text))
<BR><BR>[Stack]<UL><LI>Max Depth = 56<LI>Call Chain = __aeabi_ui2d &rArr; _double_epilogue &rArr; _double_round
</UL>
<BR>[Calls]<UL><LI><a href="#[61]">&gt;&gt;</a>&nbsp;&nbsp;&nbsp;_double_epilogue
</UL>
<BR>[Called By]<UL><LI><a href="#[84]">&gt;&gt;</a>&nbsp;&nbsp;&nbsp;stepper_move_T
</UL>

<P><STRONG><a name="[65]"></a>__aeabi_d2iz</STRONG> (Thumb, 62 bytes, Stack size 16 bytes, dfixi.o(.text))
<BR><BR>[Stack]<UL><LI>Max Depth = 16<LI>Call Chain = __aeabi_d2iz
</UL>
<BR>[Calls]<UL><LI><a href="#[66]">&gt;&gt;</a>&nbsp;&nbsp;&nbsp;__aeabi_llsr
</UL>
<BR>[Called By]<UL><LI><a href="#[84]">&gt;&gt;</a>&nbsp;&nbsp;&nbsp;stepper_move_T
</UL>

<P><STRONG><a name="[67]"></a>__aeabi_d2uiz</STRONG> (Thumb, 50 bytes, Stack size 8 bytes, dfixui.o(.text))
<BR><BR>[Stack]<UL><LI>Max Depth = 8<LI>Call Chain = __aeabi_d2uiz
</UL>
<BR>[Calls]<UL><LI><a href="#[66]">&gt;&gt;</a>&nbsp;&nbsp;&nbsp;__aeabi_llsr
</UL>
<BR>[Called By]<UL><LI><a href="#[84]">&gt;&gt;</a>&nbsp;&nbsp;&nbsp;stepper_move_T
</UL>

<P><STRONG><a name="[dd]"></a>__aeabi_f2d</STRONG> (Thumb, 38 bytes, Stack size 0 bytes, f2d.o(.text))
<BR><BR>[Called By]<UL><LI><a href="#[84]">&gt;&gt;</a>&nbsp;&nbsp;&nbsp;stepper_move_T
</UL>

<P><STRONG><a name="[66]"></a>__aeabi_llsr</STRONG> (Thumb, 32 bytes, Stack size 0 bytes, llushr.o(.text))
<BR><BR>[Called By]<UL><LI><a href="#[67]">&gt;&gt;</a>&nbsp;&nbsp;&nbsp;__aeabi_d2uiz
<LI><a href="#[65]">&gt;&gt;</a>&nbsp;&nbsp;&nbsp;__aeabi_d2iz
<LI><a href="#[61]">&gt;&gt;</a>&nbsp;&nbsp;&nbsp;_double_epilogue
<LI><a href="#[69]">&gt;&gt;</a>&nbsp;&nbsp;&nbsp;_dsqrt
</UL>

<P><STRONG><a name="[f2]"></a>_ll_ushift_r</STRONG> (Thumb, 0 bytes, Stack size 0 bytes, llushr.o(.text), UNUSED)

<P><STRONG><a name="[f3]"></a>__I$use$fp</STRONG> (Thumb, 0 bytes, Stack size 8 bytes, iusefp.o(.text), UNUSED)

<P><STRONG><a name="[63]"></a>_double_round</STRONG> (Thumb, 30 bytes, Stack size 8 bytes, depilogue.o(.text))
<BR><BR>[Stack]<UL><LI>Max Depth = 8<LI>Call Chain = _double_round
</UL>
<BR>[Called By]<UL><LI><a href="#[62]">&gt;&gt;</a>&nbsp;&nbsp;&nbsp;__aeabi_ddiv
<LI><a href="#[61]">&gt;&gt;</a>&nbsp;&nbsp;&nbsp;_double_epilogue
<LI><a href="#[69]">&gt;&gt;</a>&nbsp;&nbsp;&nbsp;_dsqrt
</UL>

<P><STRONG><a name="[61]"></a>_double_epilogue</STRONG> (Thumb, 156 bytes, Stack size 32 bytes, depilogue.o(.text))
<BR><BR>[Stack]<UL><LI>Max Depth = 40<LI>Call Chain = _double_epilogue &rArr; _double_round
</UL>
<BR>[Calls]<UL><LI><a href="#[68]">&gt;&gt;</a>&nbsp;&nbsp;&nbsp;__aeabi_llsl
<LI><a href="#[66]">&gt;&gt;</a>&nbsp;&nbsp;&nbsp;__aeabi_llsr
<LI><a href="#[63]">&gt;&gt;</a>&nbsp;&nbsp;&nbsp;_double_round
</UL>
<BR>[Called By]<UL><LI><a href="#[64]">&gt;&gt;</a>&nbsp;&nbsp;&nbsp;__aeabi_ui2d
<LI><a href="#[60]">&gt;&gt;</a>&nbsp;&nbsp;&nbsp;__aeabi_dmul
</UL>

<P><STRONG><a name="[69]"></a>_dsqrt</STRONG> (Thumb, 162 bytes, Stack size 32 bytes, dsqrt.o(.text))
<BR><BR>[Stack]<UL><LI>Max Depth = 40<LI>Call Chain = _dsqrt &rArr; _double_round
</UL>
<BR>[Calls]<UL><LI><a href="#[66]">&gt;&gt;</a>&nbsp;&nbsp;&nbsp;__aeabi_llsr
<LI><a href="#[63]">&gt;&gt;</a>&nbsp;&nbsp;&nbsp;_double_round
</UL>
<BR>[Called By]<UL><LI><a href="#[de]">&gt;&gt;</a>&nbsp;&nbsp;&nbsp;__hardfp_sqrt
</UL>

<P><STRONG><a name="[5f]"></a>__scatterload</STRONG> (Thumb, 28 bytes, Stack size 0 bytes, init.o(.text))
<BR><BR>[Calls]<UL><LI><a href="#[6a]">&gt;&gt;</a>&nbsp;&nbsp;&nbsp;__main_after_scatterload
</UL>
<BR>[Called By]<UL><LI><a href="#[5e]">&gt;&gt;</a>&nbsp;&nbsp;&nbsp;_main_scatterload
</UL>

<P><STRONG><a name="[f4]"></a>__scatterload_rt2</STRONG> (Thumb, 0 bytes, Stack size 0 bytes, init.o(.text), UNUSED)

<P><STRONG><a name="[68]"></a>__aeabi_llsl</STRONG> (Thumb, 30 bytes, Stack size 0 bytes, llshl.o(.text))
<BR><BR>[Called By]<UL><LI><a href="#[61]">&gt;&gt;</a>&nbsp;&nbsp;&nbsp;_double_epilogue
</UL>

<P><STRONG><a name="[f5]"></a>_ll_shift_l</STRONG> (Thumb, 0 bytes, Stack size 0 bytes, llshl.o(.text), UNUSED)

<P><STRONG><a name="[4]"></a>BusFault_Handler</STRONG> (Thumb, 4 bytes, Stack size 0 bytes, gd32f4xx_it.o(.text.BusFault_Handler))
<BR>[Address Reference Count : 1]<UL><LI> startup_gd32f407_427.o(RESET)
</UL>
<P><STRONG><a name="[1e]"></a>CAN0_RX0_IRQHandler</STRONG> (Thumb, 92 bytes, Stack size 40 bytes, gd32f4xx_it.o(.text.CAN0_RX0_IRQHandler))
<BR><BR>[Stack]<UL><LI>Max Depth = 92<LI>Call Chain = CAN0_RX0_IRQHandler &rArr; EnQueue &rArr; QueueFull
</UL>
<BR>[Calls]<UL><LI><a href="#[6c]">&gt;&gt;</a>&nbsp;&nbsp;&nbsp;can_message_receive
<LI><a href="#[6b]">&gt;&gt;</a>&nbsp;&nbsp;&nbsp;can_interrupt_flag_get
<LI><a href="#[6e]">&gt;&gt;</a>&nbsp;&nbsp;&nbsp;can_interrupt_flag_clear
<LI><a href="#[6d]">&gt;&gt;</a>&nbsp;&nbsp;&nbsp;EnQueue
</UL>
<BR>[Address Reference Count : 1]<UL><LI> startup_gd32f407_427.o(RESET)
</UL>
<P><STRONG><a name="[6f]"></a>Can0_Init</STRONG> (Thumb, 12 bytes, Stack size 8 bytes, can.o(.text.Can0_Init))
<BR><BR>[Stack]<UL><LI>Max Depth = 104<LI>Call Chain = Can0_Init &rArr; can_config &rArr; can_init
</UL>
<BR>[Calls]<UL><LI><a href="#[70]">&gt;&gt;</a>&nbsp;&nbsp;&nbsp;can_gpio_config
<LI><a href="#[71]">&gt;&gt;</a>&nbsp;&nbsp;&nbsp;can_config
</UL>
<BR>[Called By]<UL><LI><a href="#[5b]">&gt;&gt;</a>&nbsp;&nbsp;&nbsp;main
</UL>

<P><STRONG><a name="[7]"></a>DebugMon_Handler</STRONG> (Thumb, 2 bytes, Stack size 0 bytes, gd32f4xx_it.o(.text.DebugMon_Handler))
<BR>[Address Reference Count : 1]<UL><LI> startup_gd32f407_427.o(RESET)
</UL>
<P><STRONG><a name="[72]"></a>DipSwitch_4bitInit</STRONG> (Thumb, 82 bytes, Stack size 16 bytes, gpio.o(.text.DipSwitch_4bitInit))
<BR><BR>[Stack]<UL><LI>Max Depth = 44<LI>Call Chain = DipSwitch_4bitInit &rArr; gpio_mode_set
</UL>
<BR>[Calls]<UL><LI><a href="#[73]">&gt;&gt;</a>&nbsp;&nbsp;&nbsp;rcu_periph_clock_enable
<LI><a href="#[74]">&gt;&gt;</a>&nbsp;&nbsp;&nbsp;gpio_mode_set
</UL>
<BR>[Called By]<UL><LI><a href="#[d6]">&gt;&gt;</a>&nbsp;&nbsp;&nbsp;gpio_init
</UL>

<P><STRONG><a name="[6d]"></a>EnQueue</STRONG> (Thumb, 116 bytes, Stack size 48 bytes, queue.o(.text.EnQueue))
<BR><BR>[Stack]<UL><LI>Max Depth = 52<LI>Call Chain = EnQueue &rArr; QueueFull
</UL>
<BR>[Calls]<UL><LI><a href="#[75]">&gt;&gt;</a>&nbsp;&nbsp;&nbsp;QueueFull
</UL>
<BR>[Called By]<UL><LI><a href="#[1e]">&gt;&gt;</a>&nbsp;&nbsp;&nbsp;CAN0_RX0_IRQHandler
</UL>

<P><STRONG><a name="[76]"></a>GetDipSwitch_4bit</STRONG> (Thumb, 112 bytes, Stack size 16 bytes, gpio.o(.text.GetDipSwitch_4bit))
<BR><BR>[Stack]<UL><LI>Max Depth = 28<LI>Call Chain = GetDipSwitch_4bit &rArr; gpio_input_bit_get
</UL>
<BR>[Calls]<UL><LI><a href="#[77]">&gt;&gt;</a>&nbsp;&nbsp;&nbsp;gpio_input_bit_get
</UL>
<BR>[Called By]<UL><LI><a href="#[71]">&gt;&gt;</a>&nbsp;&nbsp;&nbsp;can_config
</UL>

<P><STRONG><a name="[2]"></a>HardFault_Handler</STRONG> (Thumb, 4 bytes, Stack size 0 bytes, gd32f4xx_it.o(.text.HardFault_Handler))
<BR>[Address Reference Count : 1]<UL><LI> startup_gd32f407_427.o(RESET)
</UL>
<P><STRONG><a name="[d1]"></a>InitQueue</STRONG> (Thumb, 34 bytes, Stack size 12 bytes, queue.o(.text.InitQueue))
<BR><BR>[Stack]<UL><LI>Max Depth = 12<LI>Call Chain = InitQueue
</UL>
<BR>[Called By]<UL><LI><a href="#[71]">&gt;&gt;</a>&nbsp;&nbsp;&nbsp;can_config
</UL>

<P><STRONG><a name="[3]"></a>MemManage_Handler</STRONG> (Thumb, 4 bytes, Stack size 0 bytes, gd32f4xx_it.o(.text.MemManage_Handler))
<BR>[Address Reference Count : 1]<UL><LI> startup_gd32f407_427.o(RESET)
</UL>
<P><STRONG><a name="[78]"></a>MotorDir_12bitInit</STRONG> (Thumb, 386 bytes, Stack size 72 bytes, gpio.o(.text.MotorDir_12bitInit))
<BR><BR>[Stack]<UL><LI>Max Depth = 100<LI>Call Chain = MotorDir_12bitInit &rArr; gpio_mode_set
</UL>
<BR>[Calls]<UL><LI><a href="#[73]">&gt;&gt;</a>&nbsp;&nbsp;&nbsp;rcu_periph_clock_enable
<LI><a href="#[74]">&gt;&gt;</a>&nbsp;&nbsp;&nbsp;gpio_mode_set
<LI><a href="#[79]">&gt;&gt;</a>&nbsp;&nbsp;&nbsp;gpio_output_options_set
</UL>
<BR>[Called By]<UL><LI><a href="#[d6]">&gt;&gt;</a>&nbsp;&nbsp;&nbsp;gpio_init
</UL>

<P><STRONG><a name="[da]"></a>Motor_12B_Init</STRONG> (Thumb, 244 bytes, Stack size 72 bytes, motormove.o(.text.Motor_12B_Init))
<BR><BR>[Stack]<UL><LI>Max Depth = 72<LI>Call Chain = Motor_12B_Init
</UL>
<BR>[Called By]<UL><LI><a href="#[5b]">&gt;&gt;</a>&nbsp;&nbsp;&nbsp;main
</UL>

<P><STRONG><a name="[7a]"></a>Motor_ClockCurrentSet_loop</STRONG> (Thumb, 228 bytes, Stack size 128 bytes, motormove.o(.text.Motor_ClockCurrentSet_loop))
<BR><BR>[Stack]<UL><LI>Max Depth = 192<LI>Call Chain = Motor_ClockCurrentSet_loop &rArr; Motor_Current_Set &rArr; timer_channel_output_pulse_value_config
</UL>
<BR>[Calls]<UL><LI><a href="#[7b]">&gt;&gt;</a>&nbsp;&nbsp;&nbsp;Motor_Current_Set
</UL>
<BR>[Called By]<UL><LI><a href="#[5b]">&gt;&gt;</a>&nbsp;&nbsp;&nbsp;main
</UL>

<P><STRONG><a name="[7b]"></a>Motor_Current_Set</STRONG> (Thumb, 232 bytes, Stack size 48 bytes, motoroperation.o(.text.Motor_Current_Set))
<BR><BR>[Stack]<UL><LI>Max Depth = 64<LI>Call Chain = Motor_Current_Set &rArr; timer_channel_output_pulse_value_config
</UL>
<BR>[Calls]<UL><LI><a href="#[7c]">&gt;&gt;</a>&nbsp;&nbsp;&nbsp;timer_channel_output_pulse_value_config
</UL>
<BR>[Called By]<UL><LI><a href="#[84]">&gt;&gt;</a>&nbsp;&nbsp;&nbsp;stepper_move_T
<LI><a href="#[a4]">&gt;&gt;</a>&nbsp;&nbsp;&nbsp;TestFunction
<LI><a href="#[7a]">&gt;&gt;</a>&nbsp;&nbsp;&nbsp;Motor_ClockCurrentSet_loop
</UL>

<P><STRONG><a name="[7d]"></a>Motor_Dir_Set</STRONG> (Thumb, 284 bytes, Stack size 128 bytes, motoroperation.o(.text.Motor_Dir_Set))
<BR><BR>[Stack]<UL><LI>Max Depth = 140<LI>Call Chain = Motor_Dir_Set &rArr; gpio_bit_write
</UL>
<BR>[Calls]<UL><LI><a href="#[7e]">&gt;&gt;</a>&nbsp;&nbsp;&nbsp;gpio_bit_write
</UL>
<BR>[Called By]<UL><LI><a href="#[84]">&gt;&gt;</a>&nbsp;&nbsp;&nbsp;stepper_move_T
</UL>

<P><STRONG><a name="[7f]"></a>Motor_Enbl_Set</STRONG> (Thumb, 162 bytes, Stack size 24 bytes, motoroperation.o(.text.Motor_Enbl_Set))
<BR><BR>[Stack]<UL><LI>Max Depth = 36<LI>Call Chain = Motor_Enbl_Set &rArr; gpio_bit_write
</UL>
<BR>[Calls]<UL><LI><a href="#[7e]">&gt;&gt;</a>&nbsp;&nbsp;&nbsp;gpio_bit_write
</UL>
<BR>[Called By]<UL><LI><a href="#[a4]">&gt;&gt;</a>&nbsp;&nbsp;&nbsp;TestFunction
</UL>

<P><STRONG><a name="[80]"></a>Motor_Fault_Init</STRONG> (Thumb, 100 bytes, Stack size 16 bytes, gpio.o(.text.Motor_Fault_Init))
<BR><BR>[Stack]<UL><LI>Max Depth = 44<LI>Call Chain = Motor_Fault_Init &rArr; gpio_mode_set
</UL>
<BR>[Calls]<UL><LI><a href="#[73]">&gt;&gt;</a>&nbsp;&nbsp;&nbsp;rcu_periph_clock_enable
<LI><a href="#[74]">&gt;&gt;</a>&nbsp;&nbsp;&nbsp;gpio_mode_set
</UL>
<BR>[Called By]<UL><LI><a href="#[d6]">&gt;&gt;</a>&nbsp;&nbsp;&nbsp;gpio_init
</UL>

<P><STRONG><a name="[81]"></a>Motor_HomeZero_Task_Loop</STRONG> (Thumb, 762 bytes, Stack size 200 bytes, motormove.o(.text.Motor_HomeZero_Task_Loop))
<BR><BR>[Stack]<UL><LI>Max Depth = 576<LI>Call Chain = Motor_HomeZero_Task_Loop &rArr; stepper_move_T &rArr; Motor_Star_Set &rArr; gpio_output_options_set
</UL>
<BR>[Calls]<UL><LI><a href="#[83]">&gt;&gt;</a>&nbsp;&nbsp;&nbsp;SetRuningFlag
<LI><a href="#[84]">&gt;&gt;</a>&nbsp;&nbsp;&nbsp;stepper_move_T
<LI><a href="#[77]">&gt;&gt;</a>&nbsp;&nbsp;&nbsp;gpio_input_bit_get
<LI><a href="#[82]">&gt;&gt;</a>&nbsp;&nbsp;&nbsp;Motor_Stop_Set
</UL>
<BR>[Called By]<UL><LI><a href="#[5b]">&gt;&gt;</a>&nbsp;&nbsp;&nbsp;main
</UL>

<P><STRONG><a name="[91]"></a>Motor_Home_CountTime</STRONG> (Thumb, 170 bytes, Stack size 0 bytes, motormove.o(.text.Motor_Home_CountTime))
<BR><BR>[Called By]<UL><LI><a href="#[9]">&gt;&gt;</a>&nbsp;&nbsp;&nbsp;SysTick_Handler
</UL>

<P><STRONG><a name="[85]"></a>Motor_Microstep_Init</STRONG> (Thumb, 190 bytes, Stack size 40 bytes, gpio.o(.text.Motor_Microstep_Init))
<BR><BR>[Stack]<UL><LI>Max Depth = 68<LI>Call Chain = Motor_Microstep_Init &rArr; gpio_mode_set
</UL>
<BR>[Calls]<UL><LI><a href="#[73]">&gt;&gt;</a>&nbsp;&nbsp;&nbsp;rcu_periph_clock_enable
<LI><a href="#[74]">&gt;&gt;</a>&nbsp;&nbsp;&nbsp;gpio_mode_set
<LI><a href="#[79]">&gt;&gt;</a>&nbsp;&nbsp;&nbsp;gpio_output_options_set
</UL>
<BR>[Called By]<UL><LI><a href="#[d6]">&gt;&gt;</a>&nbsp;&nbsp;&nbsp;gpio_init
</UL>

<P><STRONG><a name="[86]"></a>Motor_Microstep_Set</STRONG> (Thumb, 278 bytes, Stack size 40 bytes, motoroperation.o(.text.Motor_Microstep_Set))
<BR><BR>[Stack]<UL><LI>Max Depth = 52<LI>Call Chain = Motor_Microstep_Set &rArr; gpio_bit_write
</UL>
<BR>[Calls]<UL><LI><a href="#[7e]">&gt;&gt;</a>&nbsp;&nbsp;&nbsp;gpio_bit_write
</UL>
<BR>[Called By]<UL><LI><a href="#[a4]">&gt;&gt;</a>&nbsp;&nbsp;&nbsp;TestFunction
</UL>

<P><STRONG><a name="[87]"></a>Motor_Nenbl_Init</STRONG> (Thumb, 162 bytes, Stack size 32 bytes, gpio.o(.text.Motor_Nenbl_Init))
<BR><BR>[Stack]<UL><LI>Max Depth = 60<LI>Call Chain = Motor_Nenbl_Init &rArr; gpio_mode_set
</UL>
<BR>[Calls]<UL><LI><a href="#[73]">&gt;&gt;</a>&nbsp;&nbsp;&nbsp;rcu_periph_clock_enable
<LI><a href="#[74]">&gt;&gt;</a>&nbsp;&nbsp;&nbsp;gpio_mode_set
<LI><a href="#[79]">&gt;&gt;</a>&nbsp;&nbsp;&nbsp;gpio_output_options_set
<LI><a href="#[7e]">&gt;&gt;</a>&nbsp;&nbsp;&nbsp;gpio_bit_write
</UL>
<BR>[Called By]<UL><LI><a href="#[d6]">&gt;&gt;</a>&nbsp;&nbsp;&nbsp;gpio_init
</UL>

<P><STRONG><a name="[88]"></a>Motor_Star_Set</STRONG> (Thumb, 522 bytes, Stack size 192 bytes, motoroperation.o(.text.Motor_Star_Set))
<BR><BR>[Stack]<UL><LI>Max Depth = 216<LI>Call Chain = Motor_Star_Set &rArr; gpio_output_options_set
</UL>
<BR>[Calls]<UL><LI><a href="#[89]">&gt;&gt;</a>&nbsp;&nbsp;&nbsp;timer_interrupt_enable
<LI><a href="#[8a]">&gt;&gt;</a>&nbsp;&nbsp;&nbsp;timer_enable
<LI><a href="#[7c]">&gt;&gt;</a>&nbsp;&nbsp;&nbsp;timer_channel_output_pulse_value_config
<LI><a href="#[8b]">&gt;&gt;</a>&nbsp;&nbsp;&nbsp;timer_autoreload_value_config
<LI><a href="#[79]">&gt;&gt;</a>&nbsp;&nbsp;&nbsp;gpio_output_options_set
</UL>
<BR>[Called By]<UL><LI><a href="#[84]">&gt;&gt;</a>&nbsp;&nbsp;&nbsp;stepper_move_T
</UL>

<P><STRONG><a name="[82]"></a>Motor_Stop_Set</STRONG> (Thumb, 506 bytes, Stack size 192 bytes, motoroperation.o(.text.Motor_Stop_Set))
<BR><BR>[Stack]<UL><LI>Max Depth = 216<LI>Call Chain = Motor_Stop_Set &rArr; gpio_output_options_set
</UL>
<BR>[Calls]<UL><LI><a href="#[8c]">&gt;&gt;</a>&nbsp;&nbsp;&nbsp;timer_interrupt_disable
<LI><a href="#[8b]">&gt;&gt;</a>&nbsp;&nbsp;&nbsp;timer_autoreload_value_config
<LI><a href="#[79]">&gt;&gt;</a>&nbsp;&nbsp;&nbsp;gpio_output_options_set
<LI><a href="#[8d]">&gt;&gt;</a>&nbsp;&nbsp;&nbsp;timer_interrupt_flag_clear
</UL>
<BR>[Called By]<UL><LI><a href="#[97]">&gt;&gt;</a>&nbsp;&nbsp;&nbsp;speed_decision
<LI><a href="#[81]">&gt;&gt;</a>&nbsp;&nbsp;&nbsp;Motor_HomeZero_Task_Loop
</UL>

<P><STRONG><a name="[1]"></a>NMI_Handler</STRONG> (Thumb, 2 bytes, Stack size 0 bytes, gd32f4xx_it.o(.text.NMI_Handler))
<BR>[Address Reference Count : 1]<UL><LI> startup_gd32f407_427.o(RESET)
</UL>
<P><STRONG><a name="[8]"></a>PendSV_Handler</STRONG> (Thumb, 2 bytes, Stack size 0 bytes, gd32f4xx_it.o(.text.PendSV_Handler))
<BR>[Address Reference Count : 1]<UL><LI> startup_gd32f407_427.o(RESET)
</UL>
<P><STRONG><a name="[75]"></a>QueueFull</STRONG> (Thumb, 34 bytes, Stack size 4 bytes, queue.o(.text.QueueFull))
<BR><BR>[Stack]<UL><LI>Max Depth = 4<LI>Call Chain = QueueFull
</UL>
<BR>[Called By]<UL><LI><a href="#[6d]">&gt;&gt;</a>&nbsp;&nbsp;&nbsp;EnQueue
</UL>

<P><STRONG><a name="[6]"></a>SVC_Handler</STRONG> (Thumb, 2 bytes, Stack size 0 bytes, gd32f4xx_it.o(.text.SVC_Handler))
<BR>[Address Reference Count : 1]<UL><LI> startup_gd32f407_427.o(RESET)
</UL>
<P><STRONG><a name="[8e]"></a>Sensor_12bitInit</STRONG> (Thumb, 204 bytes, Stack size 40 bytes, gpio.o(.text.Sensor_12bitInit))
<BR><BR>[Stack]<UL><LI>Max Depth = 68<LI>Call Chain = Sensor_12bitInit &rArr; gpio_mode_set
</UL>
<BR>[Calls]<UL><LI><a href="#[73]">&gt;&gt;</a>&nbsp;&nbsp;&nbsp;rcu_periph_clock_enable
<LI><a href="#[74]">&gt;&gt;</a>&nbsp;&nbsp;&nbsp;gpio_mode_set
</UL>
<BR>[Called By]<UL><LI><a href="#[d6]">&gt;&gt;</a>&nbsp;&nbsp;&nbsp;gpio_init
</UL>

<P><STRONG><a name="[83]"></a>SetRuningFlag</STRONG> (Thumb, 160 bytes, Stack size 72 bytes, motormove.o(.text.SetRuningFlag))
<BR><BR>[Stack]<UL><LI>Max Depth = 72<LI>Call Chain = SetRuningFlag
</UL>
<BR>[Called By]<UL><LI><a href="#[81]">&gt;&gt;</a>&nbsp;&nbsp;&nbsp;Motor_HomeZero_Task_Loop
</UL>

<P><STRONG><a name="[9]"></a>SysTick_Handler</STRONG> (Thumb, 40 bytes, Stack size 8 bytes, gd32f4xx_it.o(.text.SysTick_Handler))
<BR><BR>[Stack]<UL><LI>Max Depth = 8<LI>Call Chain = SysTick_Handler
</UL>
<BR>[Calls]<UL><LI><a href="#[92]">&gt;&gt;</a>&nbsp;&nbsp;&nbsp;delay_decrement
<LI><a href="#[91]">&gt;&gt;</a>&nbsp;&nbsp;&nbsp;Motor_Home_CountTime
</UL>
<BR>[Address Reference Count : 1]<UL><LI> startup_gd32f407_427.o(RESET)
</UL>
<P><STRONG><a name="[5c]"></a>SystemInit</STRONG> (Thumb, 174 bytes, Stack size 16 bytes, system_gd32f4xx.o(.text.SystemInit))
<BR><BR>[Stack]<UL><LI>Max Depth = 24<LI>Call Chain = SystemInit &rArr; system_clock_config
</UL>
<BR>[Calls]<UL><LI><a href="#[93]">&gt;&gt;</a>&nbsp;&nbsp;&nbsp;system_clock_config
</UL>
<BR>[Address Reference Count : 1]<UL><LI> startup_gd32f407_427.o(.text)
</UL>
<P><STRONG><a name="[94]"></a>System_Led</STRONG> (Thumb, 60 bytes, Stack size 16 bytes, gpio.o(.text.System_Led))
<BR><BR>[Stack]<UL><LI>Max Depth = 24<LI>Call Chain = System_Led &rArr; gpio_bit_toggle
</UL>
<BR>[Calls]<UL><LI><a href="#[95]">&gt;&gt;</a>&nbsp;&nbsp;&nbsp;gpio_bit_toggle
</UL>
<BR>[Called By]<UL><LI><a href="#[5b]">&gt;&gt;</a>&nbsp;&nbsp;&nbsp;main
</UL>

<P><STRONG><a name="[96]"></a>TIM10_Interrupt_Mt7</STRONG> (Thumb, 58 bytes, Stack size 16 bytes, motorstep.o(.text.TIM10_Interrupt_Mt7))
<BR><BR>[Stack]<UL><LI>Max Depth = 256<LI>Call Chain = TIM10_Interrupt_Mt7 &rArr; speed_decision &rArr; Motor_Stop_Set &rArr; gpio_output_options_set
</UL>
<BR>[Calls]<UL><LI><a href="#[97]">&gt;&gt;</a>&nbsp;&nbsp;&nbsp;speed_decision
<LI><a href="#[95]">&gt;&gt;</a>&nbsp;&nbsp;&nbsp;gpio_bit_toggle
<LI><a href="#[8b]">&gt;&gt;</a>&nbsp;&nbsp;&nbsp;timer_autoreload_value_config
</UL>
<BR>[Called By]<UL><LI><a href="#[24]">&gt;&gt;</a>&nbsp;&nbsp;&nbsp;TIMER0_TRG_CMT_TIMER10_IRQHandler
</UL>

<P><STRONG><a name="[98]"></a>TIM11_Interrupt_Mt8</STRONG> (Thumb, 58 bytes, Stack size 16 bytes, motorstep.o(.text.TIM11_Interrupt_Mt8))
<BR><BR>[Stack]<UL><LI>Max Depth = 256<LI>Call Chain = TIM11_Interrupt_Mt8 &rArr; speed_decision &rArr; Motor_Stop_Set &rArr; gpio_output_options_set
</UL>
<BR>[Calls]<UL><LI><a href="#[97]">&gt;&gt;</a>&nbsp;&nbsp;&nbsp;speed_decision
<LI><a href="#[95]">&gt;&gt;</a>&nbsp;&nbsp;&nbsp;gpio_bit_toggle
<LI><a href="#[8b]">&gt;&gt;</a>&nbsp;&nbsp;&nbsp;timer_autoreload_value_config
</UL>
<BR>[Called By]<UL><LI><a href="#[35]">&gt;&gt;</a>&nbsp;&nbsp;&nbsp;TIMER7_BRK_TIMER11_IRQHandler
</UL>

<P><STRONG><a name="[99]"></a>TIM12_Interrupt_Mt9</STRONG> (Thumb, 56 bytes, Stack size 16 bytes, motorstep.o(.text.TIM12_Interrupt_Mt9))
<BR><BR>[Stack]<UL><LI>Max Depth = 256<LI>Call Chain = TIM12_Interrupt_Mt9 &rArr; speed_decision &rArr; Motor_Stop_Set &rArr; gpio_output_options_set
</UL>
<BR>[Calls]<UL><LI><a href="#[97]">&gt;&gt;</a>&nbsp;&nbsp;&nbsp;speed_decision
<LI><a href="#[95]">&gt;&gt;</a>&nbsp;&nbsp;&nbsp;gpio_bit_toggle
<LI><a href="#[8b]">&gt;&gt;</a>&nbsp;&nbsp;&nbsp;timer_autoreload_value_config
</UL>
<BR>[Called By]<UL><LI><a href="#[36]">&gt;&gt;</a>&nbsp;&nbsp;&nbsp;TIMER7_UP_TIMER12_IRQHandler
</UL>

<P><STRONG><a name="[9a]"></a>TIM13_Interrupt_Mt10</STRONG> (Thumb, 56 bytes, Stack size 16 bytes, motorstep.o(.text.TIM13_Interrupt_Mt10))
<BR><BR>[Stack]<UL><LI>Max Depth = 256<LI>Call Chain = TIM13_Interrupt_Mt10 &rArr; speed_decision &rArr; Motor_Stop_Set &rArr; gpio_output_options_set
</UL>
<BR>[Calls]<UL><LI><a href="#[97]">&gt;&gt;</a>&nbsp;&nbsp;&nbsp;speed_decision
<LI><a href="#[95]">&gt;&gt;</a>&nbsp;&nbsp;&nbsp;gpio_bit_toggle
<LI><a href="#[8b]">&gt;&gt;</a>&nbsp;&nbsp;&nbsp;timer_autoreload_value_config
</UL>
<BR>[Called By]<UL><LI><a href="#[37]">&gt;&gt;</a>&nbsp;&nbsp;&nbsp;TIMER7_TRG_CMT_TIMER13_IRQHandler
</UL>

<P><STRONG><a name="[9b]"></a>TIM1_Interrupt_Mt4</STRONG> (Thumb, 54 bytes, Stack size 16 bytes, motorstep.o(.text.TIM1_Interrupt_Mt4))
<BR><BR>[Stack]<UL><LI>Max Depth = 256<LI>Call Chain = TIM1_Interrupt_Mt4 &rArr; speed_decision &rArr; Motor_Stop_Set &rArr; gpio_output_options_set
</UL>
<BR>[Calls]<UL><LI><a href="#[97]">&gt;&gt;</a>&nbsp;&nbsp;&nbsp;speed_decision
<LI><a href="#[95]">&gt;&gt;</a>&nbsp;&nbsp;&nbsp;gpio_bit_toggle
<LI><a href="#[8b]">&gt;&gt;</a>&nbsp;&nbsp;&nbsp;timer_autoreload_value_config
</UL>
<BR>[Called By]<UL><LI><a href="#[26]">&gt;&gt;</a>&nbsp;&nbsp;&nbsp;TIMER1_IRQHandler
</UL>

<P><STRONG><a name="[9c]"></a>TIM2_Interrupt_Mt1</STRONG> (Thumb, 58 bytes, Stack size 16 bytes, motorstep.o(.text.TIM2_Interrupt_Mt1))
<BR><BR>[Stack]<UL><LI>Max Depth = 256<LI>Call Chain = TIM2_Interrupt_Mt1 &rArr; speed_decision &rArr; Motor_Stop_Set &rArr; gpio_output_options_set
</UL>
<BR>[Calls]<UL><LI><a href="#[97]">&gt;&gt;</a>&nbsp;&nbsp;&nbsp;speed_decision
<LI><a href="#[95]">&gt;&gt;</a>&nbsp;&nbsp;&nbsp;gpio_bit_toggle
<LI><a href="#[8b]">&gt;&gt;</a>&nbsp;&nbsp;&nbsp;timer_autoreload_value_config
</UL>
<BR>[Called By]<UL><LI><a href="#[27]">&gt;&gt;</a>&nbsp;&nbsp;&nbsp;TIMER2_IRQHandler
</UL>

<P><STRONG><a name="[9d]"></a>TIM5_Interrupt_Mt2</STRONG> (Thumb, 58 bytes, Stack size 16 bytes, motorstep.o(.text.TIM5_Interrupt_Mt2))
<BR><BR>[Stack]<UL><LI>Max Depth = 256<LI>Call Chain = TIM5_Interrupt_Mt2 &rArr; speed_decision &rArr; Motor_Stop_Set &rArr; gpio_output_options_set
</UL>
<BR>[Calls]<UL><LI><a href="#[97]">&gt;&gt;</a>&nbsp;&nbsp;&nbsp;speed_decision
<LI><a href="#[95]">&gt;&gt;</a>&nbsp;&nbsp;&nbsp;gpio_bit_toggle
<LI><a href="#[8b]">&gt;&gt;</a>&nbsp;&nbsp;&nbsp;timer_autoreload_value_config
</UL>
<BR>[Called By]<UL><LI><a href="#[40]">&gt;&gt;</a>&nbsp;&nbsp;&nbsp;TIMER5_DAC_IRQHandler
</UL>

<P><STRONG><a name="[9e]"></a>TIM6_Interrupt_Mt3</STRONG> (Thumb, 56 bytes, Stack size 16 bytes, motorstep.o(.text.TIM6_Interrupt_Mt3))
<BR><BR>[Stack]<UL><LI>Max Depth = 256<LI>Call Chain = TIM6_Interrupt_Mt3 &rArr; speed_decision &rArr; Motor_Stop_Set &rArr; gpio_output_options_set
</UL>
<BR>[Calls]<UL><LI><a href="#[97]">&gt;&gt;</a>&nbsp;&nbsp;&nbsp;speed_decision
<LI><a href="#[95]">&gt;&gt;</a>&nbsp;&nbsp;&nbsp;gpio_bit_toggle
<LI><a href="#[8b]">&gt;&gt;</a>&nbsp;&nbsp;&nbsp;timer_autoreload_value_config
</UL>
<BR>[Called By]<UL><LI><a href="#[41]">&gt;&gt;</a>&nbsp;&nbsp;&nbsp;TIMER6_IRQHandler
</UL>

<P><STRONG><a name="[9f]"></a>TIM7_Interrupt_Mt11_Mt12</STRONG> (Thumb, 178 bytes, Stack size 32 bytes, motorstep.o(.text.TIM7_Interrupt_Mt11_Mt12))
<BR><BR>[Stack]<UL><LI>Max Depth = 272<LI>Call Chain = TIM7_Interrupt_Mt11_Mt12 &rArr; speed_decision &rArr; Motor_Stop_Set &rArr; gpio_output_options_set
</UL>
<BR>[Calls]<UL><LI><a href="#[a1]">&gt;&gt;</a>&nbsp;&nbsp;&nbsp;timer_counter_read
<LI><a href="#[97]">&gt;&gt;</a>&nbsp;&nbsp;&nbsp;speed_decision
<LI><a href="#[7c]">&gt;&gt;</a>&nbsp;&nbsp;&nbsp;timer_channel_output_pulse_value_config
<LI><a href="#[a0]">&gt;&gt;</a>&nbsp;&nbsp;&nbsp;timer_interrupt_flag_get
<LI><a href="#[8d]">&gt;&gt;</a>&nbsp;&nbsp;&nbsp;timer_interrupt_flag_clear
</UL>
<BR>[Called By]<UL><LI><a href="#[38]">&gt;&gt;</a>&nbsp;&nbsp;&nbsp;TIMER7_Channel_IRQHandler
</UL>

<P><STRONG><a name="[a2]"></a>TIM8_Interrupt_Mt5</STRONG> (Thumb, 58 bytes, Stack size 16 bytes, motorstep.o(.text.TIM8_Interrupt_Mt5))
<BR><BR>[Stack]<UL><LI>Max Depth = 256<LI>Call Chain = TIM8_Interrupt_Mt5 &rArr; speed_decision &rArr; Motor_Stop_Set &rArr; gpio_output_options_set
</UL>
<BR>[Calls]<UL><LI><a href="#[97]">&gt;&gt;</a>&nbsp;&nbsp;&nbsp;speed_decision
<LI><a href="#[95]">&gt;&gt;</a>&nbsp;&nbsp;&nbsp;gpio_bit_toggle
<LI><a href="#[8b]">&gt;&gt;</a>&nbsp;&nbsp;&nbsp;timer_autoreload_value_config
</UL>
<BR>[Called By]<UL><LI><a href="#[22]">&gt;&gt;</a>&nbsp;&nbsp;&nbsp;TIMER0_BRK_TIMER8_IRQHandler
</UL>

<P><STRONG><a name="[a3]"></a>TIM9_Interrupt_Mt6</STRONG> (Thumb, 58 bytes, Stack size 16 bytes, motorstep.o(.text.TIM9_Interrupt_Mt6))
<BR><BR>[Stack]<UL><LI>Max Depth = 256<LI>Call Chain = TIM9_Interrupt_Mt6 &rArr; speed_decision &rArr; Motor_Stop_Set &rArr; gpio_output_options_set
</UL>
<BR>[Calls]<UL><LI><a href="#[97]">&gt;&gt;</a>&nbsp;&nbsp;&nbsp;speed_decision
<LI><a href="#[95]">&gt;&gt;</a>&nbsp;&nbsp;&nbsp;gpio_bit_toggle
<LI><a href="#[8b]">&gt;&gt;</a>&nbsp;&nbsp;&nbsp;timer_autoreload_value_config
</UL>
<BR>[Called By]<UL><LI><a href="#[23]">&gt;&gt;</a>&nbsp;&nbsp;&nbsp;TIMER0_UP_TIMER9_IRQHandler
</UL>

<P><STRONG><a name="[22]"></a>TIMER0_BRK_TIMER8_IRQHandler</STRONG> (Thumb, 22 bytes, Stack size 8 bytes, gd32f4xx_it.o(.text.TIMER0_BRK_TIMER8_IRQHandler))
<BR><BR>[Stack]<UL><LI>Max Depth = 264<LI>Call Chain = TIMER0_BRK_TIMER8_IRQHandler &rArr; TIM8_Interrupt_Mt5 &rArr; speed_decision &rArr; Motor_Stop_Set &rArr; gpio_output_options_set
</UL>
<BR>[Calls]<UL><LI><a href="#[8d]">&gt;&gt;</a>&nbsp;&nbsp;&nbsp;timer_interrupt_flag_clear
<LI><a href="#[a2]">&gt;&gt;</a>&nbsp;&nbsp;&nbsp;TIM8_Interrupt_Mt5
</UL>
<BR>[Address Reference Count : 1]<UL><LI> startup_gd32f407_427.o(RESET)
</UL>
<P><STRONG><a name="[24]"></a>TIMER0_TRG_CMT_TIMER10_IRQHandler</STRONG> (Thumb, 22 bytes, Stack size 8 bytes, gd32f4xx_it.o(.text.TIMER0_TRG_CMT_TIMER10_IRQHandler))
<BR><BR>[Stack]<UL><LI>Max Depth = 264<LI>Call Chain = TIMER0_TRG_CMT_TIMER10_IRQHandler &rArr; TIM10_Interrupt_Mt7 &rArr; speed_decision &rArr; Motor_Stop_Set &rArr; gpio_output_options_set
</UL>
<BR>[Calls]<UL><LI><a href="#[8d]">&gt;&gt;</a>&nbsp;&nbsp;&nbsp;timer_interrupt_flag_clear
<LI><a href="#[96]">&gt;&gt;</a>&nbsp;&nbsp;&nbsp;TIM10_Interrupt_Mt7
</UL>
<BR>[Address Reference Count : 1]<UL><LI> startup_gd32f407_427.o(RESET)
</UL>
<P><STRONG><a name="[23]"></a>TIMER0_UP_TIMER9_IRQHandler</STRONG> (Thumb, 22 bytes, Stack size 8 bytes, gd32f4xx_it.o(.text.TIMER0_UP_TIMER9_IRQHandler))
<BR><BR>[Stack]<UL><LI>Max Depth = 264<LI>Call Chain = TIMER0_UP_TIMER9_IRQHandler &rArr; TIM9_Interrupt_Mt6 &rArr; speed_decision &rArr; Motor_Stop_Set &rArr; gpio_output_options_set
</UL>
<BR>[Calls]<UL><LI><a href="#[8d]">&gt;&gt;</a>&nbsp;&nbsp;&nbsp;timer_interrupt_flag_clear
<LI><a href="#[a3]">&gt;&gt;</a>&nbsp;&nbsp;&nbsp;TIM9_Interrupt_Mt6
</UL>
<BR>[Address Reference Count : 1]<UL><LI> startup_gd32f407_427.o(RESET)
</UL>
<P><STRONG><a name="[26]"></a>TIMER1_IRQHandler</STRONG> (Thumb, 18 bytes, Stack size 8 bytes, gd32f4xx_it.o(.text.TIMER1_IRQHandler))
<BR><BR>[Stack]<UL><LI>Max Depth = 264<LI>Call Chain = TIMER1_IRQHandler &rArr; TIM1_Interrupt_Mt4 &rArr; speed_decision &rArr; Motor_Stop_Set &rArr; gpio_output_options_set
</UL>
<BR>[Calls]<UL><LI><a href="#[8d]">&gt;&gt;</a>&nbsp;&nbsp;&nbsp;timer_interrupt_flag_clear
<LI><a href="#[9b]">&gt;&gt;</a>&nbsp;&nbsp;&nbsp;TIM1_Interrupt_Mt4
</UL>
<BR>[Address Reference Count : 1]<UL><LI> startup_gd32f407_427.o(RESET)
</UL>
<P><STRONG><a name="[27]"></a>TIMER2_IRQHandler</STRONG> (Thumb, 22 bytes, Stack size 8 bytes, gd32f4xx_it.o(.text.TIMER2_IRQHandler))
<BR><BR>[Stack]<UL><LI>Max Depth = 264<LI>Call Chain = TIMER2_IRQHandler &rArr; TIM2_Interrupt_Mt1 &rArr; speed_decision &rArr; Motor_Stop_Set &rArr; gpio_output_options_set
</UL>
<BR>[Calls]<UL><LI><a href="#[8d]">&gt;&gt;</a>&nbsp;&nbsp;&nbsp;timer_interrupt_flag_clear
<LI><a href="#[9c]">&gt;&gt;</a>&nbsp;&nbsp;&nbsp;TIM2_Interrupt_Mt1
</UL>
<BR>[Address Reference Count : 1]<UL><LI> startup_gd32f407_427.o(RESET)
</UL>
<P><STRONG><a name="[40]"></a>TIMER5_DAC_IRQHandler</STRONG> (Thumb, 22 bytes, Stack size 8 bytes, gd32f4xx_it.o(.text.TIMER5_DAC_IRQHandler))
<BR><BR>[Stack]<UL><LI>Max Depth = 264<LI>Call Chain = TIMER5_DAC_IRQHandler &rArr; TIM5_Interrupt_Mt2 &rArr; speed_decision &rArr; Motor_Stop_Set &rArr; gpio_output_options_set
</UL>
<BR>[Calls]<UL><LI><a href="#[8d]">&gt;&gt;</a>&nbsp;&nbsp;&nbsp;timer_interrupt_flag_clear
<LI><a href="#[9d]">&gt;&gt;</a>&nbsp;&nbsp;&nbsp;TIM5_Interrupt_Mt2
</UL>
<BR>[Address Reference Count : 1]<UL><LI> startup_gd32f407_427.o(RESET)
</UL>
<P><STRONG><a name="[41]"></a>TIMER6_IRQHandler</STRONG> (Thumb, 22 bytes, Stack size 8 bytes, gd32f4xx_it.o(.text.TIMER6_IRQHandler))
<BR><BR>[Stack]<UL><LI>Max Depth = 264<LI>Call Chain = TIMER6_IRQHandler &rArr; TIM6_Interrupt_Mt3 &rArr; speed_decision &rArr; Motor_Stop_Set &rArr; gpio_output_options_set
</UL>
<BR>[Calls]<UL><LI><a href="#[8d]">&gt;&gt;</a>&nbsp;&nbsp;&nbsp;timer_interrupt_flag_clear
<LI><a href="#[9e]">&gt;&gt;</a>&nbsp;&nbsp;&nbsp;TIM6_Interrupt_Mt3
</UL>
<BR>[Address Reference Count : 1]<UL><LI> startup_gd32f407_427.o(RESET)
</UL>
<P><STRONG><a name="[35]"></a>TIMER7_BRK_TIMER11_IRQHandler</STRONG> (Thumb, 22 bytes, Stack size 8 bytes, gd32f4xx_it.o(.text.TIMER7_BRK_TIMER11_IRQHandler))
<BR><BR>[Stack]<UL><LI>Max Depth = 264<LI>Call Chain = TIMER7_BRK_TIMER11_IRQHandler &rArr; TIM11_Interrupt_Mt8 &rArr; speed_decision &rArr; Motor_Stop_Set &rArr; gpio_output_options_set
</UL>
<BR>[Calls]<UL><LI><a href="#[8d]">&gt;&gt;</a>&nbsp;&nbsp;&nbsp;timer_interrupt_flag_clear
<LI><a href="#[98]">&gt;&gt;</a>&nbsp;&nbsp;&nbsp;TIM11_Interrupt_Mt8
</UL>
<BR>[Address Reference Count : 1]<UL><LI> startup_gd32f407_427.o(RESET)
</UL>
<P><STRONG><a name="[38]"></a>TIMER7_Channel_IRQHandler</STRONG> (Thumb, 52 bytes, Stack size 8 bytes, gd32f4xx_it.o(.text.TIMER7_Channel_IRQHandler))
<BR><BR>[Stack]<UL><LI>Max Depth = 280<LI>Call Chain = TIMER7_Channel_IRQHandler &rArr; TIM7_Interrupt_Mt11_Mt12 &rArr; speed_decision &rArr; Motor_Stop_Set &rArr; gpio_output_options_set
</UL>
<BR>[Calls]<UL><LI><a href="#[a0]">&gt;&gt;</a>&nbsp;&nbsp;&nbsp;timer_interrupt_flag_get
<LI><a href="#[9f]">&gt;&gt;</a>&nbsp;&nbsp;&nbsp;TIM7_Interrupt_Mt11_Mt12
</UL>
<BR>[Address Reference Count : 1]<UL><LI> startup_gd32f407_427.o(RESET)
</UL>
<P><STRONG><a name="[37]"></a>TIMER7_TRG_CMT_TIMER13_IRQHandler</STRONG> (Thumb, 22 bytes, Stack size 8 bytes, gd32f4xx_it.o(.text.TIMER7_TRG_CMT_TIMER13_IRQHandler))
<BR><BR>[Stack]<UL><LI>Max Depth = 264<LI>Call Chain = TIMER7_TRG_CMT_TIMER13_IRQHandler &rArr; TIM13_Interrupt_Mt10 &rArr; speed_decision &rArr; Motor_Stop_Set &rArr; gpio_output_options_set
</UL>
<BR>[Calls]<UL><LI><a href="#[8d]">&gt;&gt;</a>&nbsp;&nbsp;&nbsp;timer_interrupt_flag_clear
<LI><a href="#[9a]">&gt;&gt;</a>&nbsp;&nbsp;&nbsp;TIM13_Interrupt_Mt10
</UL>
<BR>[Address Reference Count : 1]<UL><LI> startup_gd32f407_427.o(RESET)
</UL>
<P><STRONG><a name="[36]"></a>TIMER7_UP_TIMER12_IRQHandler</STRONG> (Thumb, 22 bytes, Stack size 8 bytes, gd32f4xx_it.o(.text.TIMER7_UP_TIMER12_IRQHandler))
<BR><BR>[Stack]<UL><LI>Max Depth = 264<LI>Call Chain = TIMER7_UP_TIMER12_IRQHandler &rArr; TIM12_Interrupt_Mt9 &rArr; speed_decision &rArr; Motor_Stop_Set &rArr; gpio_output_options_set
</UL>
<BR>[Calls]<UL><LI><a href="#[8d]">&gt;&gt;</a>&nbsp;&nbsp;&nbsp;timer_interrupt_flag_clear
<LI><a href="#[99]">&gt;&gt;</a>&nbsp;&nbsp;&nbsp;TIM12_Interrupt_Mt9
</UL>
<BR>[Address Reference Count : 1]<UL><LI> startup_gd32f407_427.o(RESET)
</UL>
<P><STRONG><a name="[a4]"></a>TestFunction</STRONG> (Thumb, 38 bytes, Stack size 16 bytes, motoroperation.o(.text.TestFunction))
<BR><BR>[Stack]<UL><LI>Max Depth = 80<LI>Call Chain = TestFunction &rArr; Motor_Current_Set &rArr; timer_channel_output_pulse_value_config
</UL>
<BR>[Calls]<UL><LI><a href="#[86]">&gt;&gt;</a>&nbsp;&nbsp;&nbsp;Motor_Microstep_Set
<LI><a href="#[7f]">&gt;&gt;</a>&nbsp;&nbsp;&nbsp;Motor_Enbl_Set
<LI><a href="#[7b]">&gt;&gt;</a>&nbsp;&nbsp;&nbsp;Motor_Current_Set
</UL>
<BR>[Called By]<UL><LI><a href="#[5b]">&gt;&gt;</a>&nbsp;&nbsp;&nbsp;main
</UL>

<P><STRONG><a name="[a5]"></a>Time10_Step7_Gpio_Config</STRONG> (Thumb, 54 bytes, Stack size 24 bytes, time.o(.text.Time10_Step7_Gpio_Config))
<BR><BR>[Stack]<UL><LI>Max Depth = 52<LI>Call Chain = Time10_Step7_Gpio_Config &rArr; gpio_mode_set
</UL>
<BR>[Calls]<UL><LI><a href="#[73]">&gt;&gt;</a>&nbsp;&nbsp;&nbsp;rcu_periph_clock_enable
<LI><a href="#[74]">&gt;&gt;</a>&nbsp;&nbsp;&nbsp;gpio_mode_set
<LI><a href="#[79]">&gt;&gt;</a>&nbsp;&nbsp;&nbsp;gpio_output_options_set
</UL>
<BR>[Called By]<UL><LI><a href="#[ba]">&gt;&gt;</a>&nbsp;&nbsp;&nbsp;Timer10_Step7_Config
</UL>

<P><STRONG><a name="[a6]"></a>Time11_Step8_Gpio_Config</STRONG> (Thumb, 54 bytes, Stack size 24 bytes, time.o(.text.Time11_Step8_Gpio_Config))
<BR><BR>[Stack]<UL><LI>Max Depth = 52<LI>Call Chain = Time11_Step8_Gpio_Config &rArr; gpio_mode_set
</UL>
<BR>[Calls]<UL><LI><a href="#[73]">&gt;&gt;</a>&nbsp;&nbsp;&nbsp;rcu_periph_clock_enable
<LI><a href="#[74]">&gt;&gt;</a>&nbsp;&nbsp;&nbsp;gpio_mode_set
<LI><a href="#[79]">&gt;&gt;</a>&nbsp;&nbsp;&nbsp;gpio_output_options_set
</UL>
<BR>[Called By]<UL><LI><a href="#[be]">&gt;&gt;</a>&nbsp;&nbsp;&nbsp;Timer11_Step8_Config
</UL>

<P><STRONG><a name="[a7]"></a>Time12_Step9_Gpio_Config</STRONG> (Thumb, 52 bytes, Stack size 24 bytes, time.o(.text.Time12_Step9_Gpio_Config))
<BR><BR>[Stack]<UL><LI>Max Depth = 52<LI>Call Chain = Time12_Step9_Gpio_Config &rArr; gpio_mode_set
</UL>
<BR>[Calls]<UL><LI><a href="#[73]">&gt;&gt;</a>&nbsp;&nbsp;&nbsp;rcu_periph_clock_enable
<LI><a href="#[74]">&gt;&gt;</a>&nbsp;&nbsp;&nbsp;gpio_mode_set
<LI><a href="#[79]">&gt;&gt;</a>&nbsp;&nbsp;&nbsp;gpio_output_options_set
</UL>
<BR>[Called By]<UL><LI><a href="#[bf]">&gt;&gt;</a>&nbsp;&nbsp;&nbsp;Timer12_Step9_Config
</UL>

<P><STRONG><a name="[a8]"></a>Time13_Step10_Gpio_Config</STRONG> (Thumb, 52 bytes, Stack size 24 bytes, time.o(.text.Time13_Step10_Gpio_Config))
<BR><BR>[Stack]<UL><LI>Max Depth = 52<LI>Call Chain = Time13_Step10_Gpio_Config &rArr; gpio_mode_set
</UL>
<BR>[Calls]<UL><LI><a href="#[73]">&gt;&gt;</a>&nbsp;&nbsp;&nbsp;rcu_periph_clock_enable
<LI><a href="#[74]">&gt;&gt;</a>&nbsp;&nbsp;&nbsp;gpio_mode_set
<LI><a href="#[79]">&gt;&gt;</a>&nbsp;&nbsp;&nbsp;gpio_output_options_set
</UL>
<BR>[Called By]<UL><LI><a href="#[c0]">&gt;&gt;</a>&nbsp;&nbsp;&nbsp;Timer13_Step10_Config
</UL>

<P><STRONG><a name="[a9]"></a>Time1_Step4_Gpio_Config</STRONG> (Thumb, 54 bytes, Stack size 24 bytes, time.o(.text.Time1_Step4_Gpio_Config))
<BR><BR>[Stack]<UL><LI>Max Depth = 52<LI>Call Chain = Time1_Step4_Gpio_Config &rArr; gpio_mode_set
</UL>
<BR>[Calls]<UL><LI><a href="#[73]">&gt;&gt;</a>&nbsp;&nbsp;&nbsp;rcu_periph_clock_enable
<LI><a href="#[74]">&gt;&gt;</a>&nbsp;&nbsp;&nbsp;gpio_mode_set
<LI><a href="#[79]">&gt;&gt;</a>&nbsp;&nbsp;&nbsp;gpio_output_options_set
</UL>
<BR>[Called By]<UL><LI><a href="#[c1]">&gt;&gt;</a>&nbsp;&nbsp;&nbsp;Timer1_Step4_Config
</UL>

<P><STRONG><a name="[aa]"></a>Time2_Step1_Gpio_Config</STRONG> (Thumb, 52 bytes, Stack size 24 bytes, time.o(.text.Time2_Step1_Gpio_Config))
<BR><BR>[Stack]<UL><LI>Max Depth = 52<LI>Call Chain = Time2_Step1_Gpio_Config &rArr; gpio_mode_set
</UL>
<BR>[Calls]<UL><LI><a href="#[73]">&gt;&gt;</a>&nbsp;&nbsp;&nbsp;rcu_periph_clock_enable
<LI><a href="#[74]">&gt;&gt;</a>&nbsp;&nbsp;&nbsp;gpio_mode_set
<LI><a href="#[79]">&gt;&gt;</a>&nbsp;&nbsp;&nbsp;gpio_output_options_set
</UL>
<BR>[Called By]<UL><LI><a href="#[c2]">&gt;&gt;</a>&nbsp;&nbsp;&nbsp;Timer2_Step1_Config
</UL>

<P><STRONG><a name="[ab]"></a>Time5_Step2_Gpio_Config</STRONG> (Thumb, 52 bytes, Stack size 24 bytes, time.o(.text.Time5_Step2_Gpio_Config))
<BR><BR>[Stack]<UL><LI>Max Depth = 52<LI>Call Chain = Time5_Step2_Gpio_Config &rArr; gpio_mode_set
</UL>
<BR>[Calls]<UL><LI><a href="#[73]">&gt;&gt;</a>&nbsp;&nbsp;&nbsp;rcu_periph_clock_enable
<LI><a href="#[74]">&gt;&gt;</a>&nbsp;&nbsp;&nbsp;gpio_mode_set
<LI><a href="#[79]">&gt;&gt;</a>&nbsp;&nbsp;&nbsp;gpio_output_options_set
</UL>
<BR>[Called By]<UL><LI><a href="#[c7]">&gt;&gt;</a>&nbsp;&nbsp;&nbsp;Timer5_Step2_Config
</UL>

<P><STRONG><a name="[ac]"></a>Time6_Step3_Gpio_Config</STRONG> (Thumb, 52 bytes, Stack size 24 bytes, time.o(.text.Time6_Step3_Gpio_Config))
<BR><BR>[Stack]<UL><LI>Max Depth = 52<LI>Call Chain = Time6_Step3_Gpio_Config &rArr; gpio_mode_set
</UL>
<BR>[Calls]<UL><LI><a href="#[73]">&gt;&gt;</a>&nbsp;&nbsp;&nbsp;rcu_periph_clock_enable
<LI><a href="#[74]">&gt;&gt;</a>&nbsp;&nbsp;&nbsp;gpio_mode_set
<LI><a href="#[79]">&gt;&gt;</a>&nbsp;&nbsp;&nbsp;gpio_output_options_set
</UL>
<BR>[Called By]<UL><LI><a href="#[c8]">&gt;&gt;</a>&nbsp;&nbsp;&nbsp;Timer6_Step3_Config
</UL>

<P><STRONG><a name="[ad]"></a>Time7_Step11And12_Gpio_Config</STRONG> (Thumb, 108 bytes, Stack size 40 bytes, time.o(.text.Time7_Step11And12_Gpio_Config))
<BR><BR>[Stack]<UL><LI>Max Depth = 68<LI>Call Chain = Time7_Step11And12_Gpio_Config &rArr; gpio_mode_set
</UL>
<BR>[Calls]<UL><LI><a href="#[ae]">&gt;&gt;</a>&nbsp;&nbsp;&nbsp;gpio_af_set
<LI><a href="#[73]">&gt;&gt;</a>&nbsp;&nbsp;&nbsp;rcu_periph_clock_enable
<LI><a href="#[74]">&gt;&gt;</a>&nbsp;&nbsp;&nbsp;gpio_mode_set
<LI><a href="#[79]">&gt;&gt;</a>&nbsp;&nbsp;&nbsp;gpio_output_options_set
</UL>
<BR>[Called By]<UL><LI><a href="#[c9]">&gt;&gt;</a>&nbsp;&nbsp;&nbsp;Timer7_Step11And12_config
</UL>

<P><STRONG><a name="[af]"></a>Time8_Step5_Gpio_Config</STRONG> (Thumb, 54 bytes, Stack size 24 bytes, time.o(.text.Time8_Step5_Gpio_Config))
<BR><BR>[Stack]<UL><LI>Max Depth = 52<LI>Call Chain = Time8_Step5_Gpio_Config &rArr; gpio_mode_set
</UL>
<BR>[Calls]<UL><LI><a href="#[73]">&gt;&gt;</a>&nbsp;&nbsp;&nbsp;rcu_periph_clock_enable
<LI><a href="#[74]">&gt;&gt;</a>&nbsp;&nbsp;&nbsp;gpio_mode_set
<LI><a href="#[79]">&gt;&gt;</a>&nbsp;&nbsp;&nbsp;gpio_output_options_set
</UL>
<BR>[Called By]<UL><LI><a href="#[ca]">&gt;&gt;</a>&nbsp;&nbsp;&nbsp;Timer8_Step5_Config
</UL>

<P><STRONG><a name="[b0]"></a>Time9_Step6_Gpio_Config</STRONG> (Thumb, 54 bytes, Stack size 24 bytes, time.o(.text.Time9_Step6_Gpio_Config))
<BR><BR>[Stack]<UL><LI>Max Depth = 52<LI>Call Chain = Time9_Step6_Gpio_Config &rArr; gpio_mode_set
</UL>
<BR>[Calls]<UL><LI><a href="#[73]">&gt;&gt;</a>&nbsp;&nbsp;&nbsp;rcu_periph_clock_enable
<LI><a href="#[74]">&gt;&gt;</a>&nbsp;&nbsp;&nbsp;gpio_mode_set
<LI><a href="#[79]">&gt;&gt;</a>&nbsp;&nbsp;&nbsp;gpio_output_options_set
</UL>
<BR>[Called By]<UL><LI><a href="#[cb]">&gt;&gt;</a>&nbsp;&nbsp;&nbsp;Timer9_Step6_Config
</UL>

<P><STRONG><a name="[b1]"></a>Timer0_PWM2_Config</STRONG> (Thumb, 302 bytes, Stack size 64 bytes, time.o(.text.Timer0_PWM2_Config))
<BR><BR>[Stack]<UL><LI>Max Depth = 140<LI>Call Chain = Timer0_PWM2_Config &rArr; timer_deinit &rArr; rcu_periph_reset_enable
</UL>
<BR>[Calls]<UL><LI><a href="#[b9]">&gt;&gt;</a>&nbsp;&nbsp;&nbsp;timer_primary_output_config
<LI><a href="#[b5]">&gt;&gt;</a>&nbsp;&nbsp;&nbsp;timer_init
<LI><a href="#[b3]">&gt;&gt;</a>&nbsp;&nbsp;&nbsp;timer_deinit
<LI><a href="#[b8]">&gt;&gt;</a>&nbsp;&nbsp;&nbsp;timer_channel_output_shadow_config
<LI><a href="#[b7]">&gt;&gt;</a>&nbsp;&nbsp;&nbsp;timer_channel_output_mode_config
<LI><a href="#[b6]">&gt;&gt;</a>&nbsp;&nbsp;&nbsp;timer_channel_output_config
<LI><a href="#[b2]">&gt;&gt;</a>&nbsp;&nbsp;&nbsp;rcu_timer_clock_prescaler_config
<LI><a href="#[b4]">&gt;&gt;</a>&nbsp;&nbsp;&nbsp;Timer0_gpio_config
<LI><a href="#[73]">&gt;&gt;</a>&nbsp;&nbsp;&nbsp;rcu_periph_clock_enable
<LI><a href="#[8a]">&gt;&gt;</a>&nbsp;&nbsp;&nbsp;timer_enable
<LI><a href="#[7c]">&gt;&gt;</a>&nbsp;&nbsp;&nbsp;timer_channel_output_pulse_value_config
</UL>
<BR>[Called By]<UL><LI><a href="#[5b]">&gt;&gt;</a>&nbsp;&nbsp;&nbsp;main
</UL>

<P><STRONG><a name="[b4]"></a>Timer0_gpio_config</STRONG> (Thumb, 182 bytes, Stack size 40 bytes, time.o(.text.Timer0_gpio_config))
<BR><BR>[Stack]<UL><LI>Max Depth = 68<LI>Call Chain = Timer0_gpio_config &rArr; gpio_mode_set
</UL>
<BR>[Calls]<UL><LI><a href="#[ae]">&gt;&gt;</a>&nbsp;&nbsp;&nbsp;gpio_af_set
<LI><a href="#[73]">&gt;&gt;</a>&nbsp;&nbsp;&nbsp;rcu_periph_clock_enable
<LI><a href="#[74]">&gt;&gt;</a>&nbsp;&nbsp;&nbsp;gpio_mode_set
<LI><a href="#[79]">&gt;&gt;</a>&nbsp;&nbsp;&nbsp;gpio_output_options_set
</UL>
<BR>[Called By]<UL><LI><a href="#[b1]">&gt;&gt;</a>&nbsp;&nbsp;&nbsp;Timer0_PWM2_Config
</UL>

<P><STRONG><a name="[ba]"></a>Timer10_Step7_Config</STRONG> (Thumb, 108 bytes, Stack size 32 bytes, time.o(.text.Timer10_Step7_Config))
<BR><BR>[Stack]<UL><LI>Max Depth = 108<LI>Call Chain = Timer10_Step7_Config &rArr; timer_deinit &rArr; rcu_periph_reset_enable
</UL>
<BR>[Calls]<UL><LI><a href="#[bb]">&gt;&gt;</a>&nbsp;&nbsp;&nbsp;timer_internal_clock_config
<LI><a href="#[b5]">&gt;&gt;</a>&nbsp;&nbsp;&nbsp;timer_init
<LI><a href="#[b3]">&gt;&gt;</a>&nbsp;&nbsp;&nbsp;timer_deinit
<LI><a href="#[bc]">&gt;&gt;</a>&nbsp;&nbsp;&nbsp;timer_auto_reload_shadow_enable
<LI><a href="#[b2]">&gt;&gt;</a>&nbsp;&nbsp;&nbsp;rcu_timer_clock_prescaler_config
<LI><a href="#[a5]">&gt;&gt;</a>&nbsp;&nbsp;&nbsp;Time10_Step7_Gpio_Config
<LI><a href="#[bd]">&gt;&gt;</a>&nbsp;&nbsp;&nbsp;nvic_irq_enable
<LI><a href="#[73]">&gt;&gt;</a>&nbsp;&nbsp;&nbsp;rcu_periph_clock_enable
<LI><a href="#[8d]">&gt;&gt;</a>&nbsp;&nbsp;&nbsp;timer_interrupt_flag_clear
</UL>
<BR>[Called By]<UL><LI><a href="#[5b]">&gt;&gt;</a>&nbsp;&nbsp;&nbsp;main
</UL>

<P><STRONG><a name="[be]"></a>Timer11_Step8_Config</STRONG> (Thumb, 108 bytes, Stack size 32 bytes, time.o(.text.Timer11_Step8_Config))
<BR><BR>[Stack]<UL><LI>Max Depth = 108<LI>Call Chain = Timer11_Step8_Config &rArr; timer_deinit &rArr; rcu_periph_reset_enable
</UL>
<BR>[Calls]<UL><LI><a href="#[bb]">&gt;&gt;</a>&nbsp;&nbsp;&nbsp;timer_internal_clock_config
<LI><a href="#[b5]">&gt;&gt;</a>&nbsp;&nbsp;&nbsp;timer_init
<LI><a href="#[b3]">&gt;&gt;</a>&nbsp;&nbsp;&nbsp;timer_deinit
<LI><a href="#[bc]">&gt;&gt;</a>&nbsp;&nbsp;&nbsp;timer_auto_reload_shadow_enable
<LI><a href="#[b2]">&gt;&gt;</a>&nbsp;&nbsp;&nbsp;rcu_timer_clock_prescaler_config
<LI><a href="#[a6]">&gt;&gt;</a>&nbsp;&nbsp;&nbsp;Time11_Step8_Gpio_Config
<LI><a href="#[bd]">&gt;&gt;</a>&nbsp;&nbsp;&nbsp;nvic_irq_enable
<LI><a href="#[73]">&gt;&gt;</a>&nbsp;&nbsp;&nbsp;rcu_periph_clock_enable
<LI><a href="#[8d]">&gt;&gt;</a>&nbsp;&nbsp;&nbsp;timer_interrupt_flag_clear
</UL>
<BR>[Called By]<UL><LI><a href="#[5b]">&gt;&gt;</a>&nbsp;&nbsp;&nbsp;main
</UL>

<P><STRONG><a name="[bf]"></a>Timer12_Step9_Config</STRONG> (Thumb, 108 bytes, Stack size 32 bytes, time.o(.text.Timer12_Step9_Config))
<BR><BR>[Stack]<UL><LI>Max Depth = 108<LI>Call Chain = Timer12_Step9_Config &rArr; timer_deinit &rArr; rcu_periph_reset_enable
</UL>
<BR>[Calls]<UL><LI><a href="#[bb]">&gt;&gt;</a>&nbsp;&nbsp;&nbsp;timer_internal_clock_config
<LI><a href="#[b5]">&gt;&gt;</a>&nbsp;&nbsp;&nbsp;timer_init
<LI><a href="#[b3]">&gt;&gt;</a>&nbsp;&nbsp;&nbsp;timer_deinit
<LI><a href="#[bc]">&gt;&gt;</a>&nbsp;&nbsp;&nbsp;timer_auto_reload_shadow_enable
<LI><a href="#[b2]">&gt;&gt;</a>&nbsp;&nbsp;&nbsp;rcu_timer_clock_prescaler_config
<LI><a href="#[a7]">&gt;&gt;</a>&nbsp;&nbsp;&nbsp;Time12_Step9_Gpio_Config
<LI><a href="#[bd]">&gt;&gt;</a>&nbsp;&nbsp;&nbsp;nvic_irq_enable
<LI><a href="#[73]">&gt;&gt;</a>&nbsp;&nbsp;&nbsp;rcu_periph_clock_enable
<LI><a href="#[8d]">&gt;&gt;</a>&nbsp;&nbsp;&nbsp;timer_interrupt_flag_clear
</UL>
<BR>[Called By]<UL><LI><a href="#[5b]">&gt;&gt;</a>&nbsp;&nbsp;&nbsp;main
</UL>

<P><STRONG><a name="[c0]"></a>Timer13_Step10_Config</STRONG> (Thumb, 108 bytes, Stack size 32 bytes, time.o(.text.Timer13_Step10_Config))
<BR><BR>[Stack]<UL><LI>Max Depth = 108<LI>Call Chain = Timer13_Step10_Config &rArr; timer_deinit &rArr; rcu_periph_reset_enable
</UL>
<BR>[Calls]<UL><LI><a href="#[bb]">&gt;&gt;</a>&nbsp;&nbsp;&nbsp;timer_internal_clock_config
<LI><a href="#[b5]">&gt;&gt;</a>&nbsp;&nbsp;&nbsp;timer_init
<LI><a href="#[b3]">&gt;&gt;</a>&nbsp;&nbsp;&nbsp;timer_deinit
<LI><a href="#[bc]">&gt;&gt;</a>&nbsp;&nbsp;&nbsp;timer_auto_reload_shadow_enable
<LI><a href="#[b2]">&gt;&gt;</a>&nbsp;&nbsp;&nbsp;rcu_timer_clock_prescaler_config
<LI><a href="#[a8]">&gt;&gt;</a>&nbsp;&nbsp;&nbsp;Time13_Step10_Gpio_Config
<LI><a href="#[bd]">&gt;&gt;</a>&nbsp;&nbsp;&nbsp;nvic_irq_enable
<LI><a href="#[73]">&gt;&gt;</a>&nbsp;&nbsp;&nbsp;rcu_periph_clock_enable
<LI><a href="#[8d]">&gt;&gt;</a>&nbsp;&nbsp;&nbsp;timer_interrupt_flag_clear
</UL>
<BR>[Called By]<UL><LI><a href="#[5b]">&gt;&gt;</a>&nbsp;&nbsp;&nbsp;main
</UL>

<P><STRONG><a name="[c1]"></a>Timer1_Step4_Config</STRONG> (Thumb, 104 bytes, Stack size 32 bytes, time.o(.text.Timer1_Step4_Config))
<BR><BR>[Stack]<UL><LI>Max Depth = 108<LI>Call Chain = Timer1_Step4_Config &rArr; timer_deinit &rArr; rcu_periph_reset_enable
</UL>
<BR>[Calls]<UL><LI><a href="#[bb]">&gt;&gt;</a>&nbsp;&nbsp;&nbsp;timer_internal_clock_config
<LI><a href="#[b5]">&gt;&gt;</a>&nbsp;&nbsp;&nbsp;timer_init
<LI><a href="#[b3]">&gt;&gt;</a>&nbsp;&nbsp;&nbsp;timer_deinit
<LI><a href="#[bc]">&gt;&gt;</a>&nbsp;&nbsp;&nbsp;timer_auto_reload_shadow_enable
<LI><a href="#[b2]">&gt;&gt;</a>&nbsp;&nbsp;&nbsp;rcu_timer_clock_prescaler_config
<LI><a href="#[a9]">&gt;&gt;</a>&nbsp;&nbsp;&nbsp;Time1_Step4_Gpio_Config
<LI><a href="#[bd]">&gt;&gt;</a>&nbsp;&nbsp;&nbsp;nvic_irq_enable
<LI><a href="#[73]">&gt;&gt;</a>&nbsp;&nbsp;&nbsp;rcu_periph_clock_enable
<LI><a href="#[8d]">&gt;&gt;</a>&nbsp;&nbsp;&nbsp;timer_interrupt_flag_clear
</UL>
<BR>[Called By]<UL><LI><a href="#[5b]">&gt;&gt;</a>&nbsp;&nbsp;&nbsp;main
</UL>

<P><STRONG><a name="[c2]"></a>Timer2_Step1_Config</STRONG> (Thumb, 108 bytes, Stack size 32 bytes, time.o(.text.Timer2_Step1_Config))
<BR><BR>[Stack]<UL><LI>Max Depth = 108<LI>Call Chain = Timer2_Step1_Config &rArr; timer_deinit &rArr; rcu_periph_reset_enable
</UL>
<BR>[Calls]<UL><LI><a href="#[bb]">&gt;&gt;</a>&nbsp;&nbsp;&nbsp;timer_internal_clock_config
<LI><a href="#[b5]">&gt;&gt;</a>&nbsp;&nbsp;&nbsp;timer_init
<LI><a href="#[b3]">&gt;&gt;</a>&nbsp;&nbsp;&nbsp;timer_deinit
<LI><a href="#[bc]">&gt;&gt;</a>&nbsp;&nbsp;&nbsp;timer_auto_reload_shadow_enable
<LI><a href="#[b2]">&gt;&gt;</a>&nbsp;&nbsp;&nbsp;rcu_timer_clock_prescaler_config
<LI><a href="#[aa]">&gt;&gt;</a>&nbsp;&nbsp;&nbsp;Time2_Step1_Gpio_Config
<LI><a href="#[bd]">&gt;&gt;</a>&nbsp;&nbsp;&nbsp;nvic_irq_enable
<LI><a href="#[73]">&gt;&gt;</a>&nbsp;&nbsp;&nbsp;rcu_periph_clock_enable
<LI><a href="#[8d]">&gt;&gt;</a>&nbsp;&nbsp;&nbsp;timer_interrupt_flag_clear
</UL>
<BR>[Called By]<UL><LI><a href="#[5b]">&gt;&gt;</a>&nbsp;&nbsp;&nbsp;main
</UL>

<P><STRONG><a name="[c3]"></a>Timer3_PWM3_Config</STRONG> (Thumb, 296 bytes, Stack size 64 bytes, time.o(.text.Timer3_PWM3_Config))
<BR><BR>[Stack]<UL><LI>Max Depth = 140<LI>Call Chain = Timer3_PWM3_Config &rArr; timer_deinit &rArr; rcu_periph_reset_enable
</UL>
<BR>[Calls]<UL><LI><a href="#[b5]">&gt;&gt;</a>&nbsp;&nbsp;&nbsp;timer_init
<LI><a href="#[b3]">&gt;&gt;</a>&nbsp;&nbsp;&nbsp;timer_deinit
<LI><a href="#[b8]">&gt;&gt;</a>&nbsp;&nbsp;&nbsp;timer_channel_output_shadow_config
<LI><a href="#[b7]">&gt;&gt;</a>&nbsp;&nbsp;&nbsp;timer_channel_output_mode_config
<LI><a href="#[b6]">&gt;&gt;</a>&nbsp;&nbsp;&nbsp;timer_channel_output_config
<LI><a href="#[b2]">&gt;&gt;</a>&nbsp;&nbsp;&nbsp;rcu_timer_clock_prescaler_config
<LI><a href="#[c4]">&gt;&gt;</a>&nbsp;&nbsp;&nbsp;Timer3_gpio_config
<LI><a href="#[73]">&gt;&gt;</a>&nbsp;&nbsp;&nbsp;rcu_periph_clock_enable
<LI><a href="#[8a]">&gt;&gt;</a>&nbsp;&nbsp;&nbsp;timer_enable
<LI><a href="#[7c]">&gt;&gt;</a>&nbsp;&nbsp;&nbsp;timer_channel_output_pulse_value_config
</UL>
<BR>[Called By]<UL><LI><a href="#[5b]">&gt;&gt;</a>&nbsp;&nbsp;&nbsp;main
</UL>

<P><STRONG><a name="[c4]"></a>Timer3_gpio_config</STRONG> (Thumb, 180 bytes, Stack size 40 bytes, time.o(.text.Timer3_gpio_config))
<BR><BR>[Stack]<UL><LI>Max Depth = 68<LI>Call Chain = Timer3_gpio_config &rArr; gpio_mode_set
</UL>
<BR>[Calls]<UL><LI><a href="#[ae]">&gt;&gt;</a>&nbsp;&nbsp;&nbsp;gpio_af_set
<LI><a href="#[73]">&gt;&gt;</a>&nbsp;&nbsp;&nbsp;rcu_periph_clock_enable
<LI><a href="#[74]">&gt;&gt;</a>&nbsp;&nbsp;&nbsp;gpio_mode_set
<LI><a href="#[79]">&gt;&gt;</a>&nbsp;&nbsp;&nbsp;gpio_output_options_set
</UL>
<BR>[Called By]<UL><LI><a href="#[c3]">&gt;&gt;</a>&nbsp;&nbsp;&nbsp;Timer3_PWM3_Config
</UL>

<P><STRONG><a name="[c5]"></a>Timer4_PWM1_Config</STRONG> (Thumb, 296 bytes, Stack size 64 bytes, time.o(.text.Timer4_PWM1_Config))
<BR><BR>[Stack]<UL><LI>Max Depth = 140<LI>Call Chain = Timer4_PWM1_Config &rArr; timer_deinit &rArr; rcu_periph_reset_enable
</UL>
<BR>[Calls]<UL><LI><a href="#[b5]">&gt;&gt;</a>&nbsp;&nbsp;&nbsp;timer_init
<LI><a href="#[b3]">&gt;&gt;</a>&nbsp;&nbsp;&nbsp;timer_deinit
<LI><a href="#[b8]">&gt;&gt;</a>&nbsp;&nbsp;&nbsp;timer_channel_output_shadow_config
<LI><a href="#[b7]">&gt;&gt;</a>&nbsp;&nbsp;&nbsp;timer_channel_output_mode_config
<LI><a href="#[b6]">&gt;&gt;</a>&nbsp;&nbsp;&nbsp;timer_channel_output_config
<LI><a href="#[b2]">&gt;&gt;</a>&nbsp;&nbsp;&nbsp;rcu_timer_clock_prescaler_config
<LI><a href="#[c6]">&gt;&gt;</a>&nbsp;&nbsp;&nbsp;Timer4_gpio_config
<LI><a href="#[73]">&gt;&gt;</a>&nbsp;&nbsp;&nbsp;rcu_periph_clock_enable
<LI><a href="#[8a]">&gt;&gt;</a>&nbsp;&nbsp;&nbsp;timer_enable
<LI><a href="#[7c]">&gt;&gt;</a>&nbsp;&nbsp;&nbsp;timer_channel_output_pulse_value_config
</UL>
<BR>[Called By]<UL><LI><a href="#[5b]">&gt;&gt;</a>&nbsp;&nbsp;&nbsp;main
</UL>

<P><STRONG><a name="[c6]"></a>Timer4_gpio_config</STRONG> (Thumb, 168 bytes, Stack size 32 bytes, time.o(.text.Timer4_gpio_config))
<BR><BR>[Stack]<UL><LI>Max Depth = 60<LI>Call Chain = Timer4_gpio_config &rArr; gpio_mode_set
</UL>
<BR>[Calls]<UL><LI><a href="#[ae]">&gt;&gt;</a>&nbsp;&nbsp;&nbsp;gpio_af_set
<LI><a href="#[73]">&gt;&gt;</a>&nbsp;&nbsp;&nbsp;rcu_periph_clock_enable
<LI><a href="#[74]">&gt;&gt;</a>&nbsp;&nbsp;&nbsp;gpio_mode_set
<LI><a href="#[79]">&gt;&gt;</a>&nbsp;&nbsp;&nbsp;gpio_output_options_set
</UL>
<BR>[Called By]<UL><LI><a href="#[c5]">&gt;&gt;</a>&nbsp;&nbsp;&nbsp;Timer4_PWM1_Config
</UL>

<P><STRONG><a name="[c7]"></a>Timer5_Step2_Config</STRONG> (Thumb, 108 bytes, Stack size 32 bytes, time.o(.text.Timer5_Step2_Config))
<BR><BR>[Stack]<UL><LI>Max Depth = 108<LI>Call Chain = Timer5_Step2_Config &rArr; timer_deinit &rArr; rcu_periph_reset_enable
</UL>
<BR>[Calls]<UL><LI><a href="#[bb]">&gt;&gt;</a>&nbsp;&nbsp;&nbsp;timer_internal_clock_config
<LI><a href="#[b5]">&gt;&gt;</a>&nbsp;&nbsp;&nbsp;timer_init
<LI><a href="#[b3]">&gt;&gt;</a>&nbsp;&nbsp;&nbsp;timer_deinit
<LI><a href="#[bc]">&gt;&gt;</a>&nbsp;&nbsp;&nbsp;timer_auto_reload_shadow_enable
<LI><a href="#[b2]">&gt;&gt;</a>&nbsp;&nbsp;&nbsp;rcu_timer_clock_prescaler_config
<LI><a href="#[ab]">&gt;&gt;</a>&nbsp;&nbsp;&nbsp;Time5_Step2_Gpio_Config
<LI><a href="#[bd]">&gt;&gt;</a>&nbsp;&nbsp;&nbsp;nvic_irq_enable
[...]
<LI><a href="#[90]">&gt;&gt;</a>&nbsp;&nbsp;&nbsp;NVIC_SetPriority
</UL>
<BR>[Called By]<UL><LI><a href="#[5b]">&gt;&gt;</a>&nbsp;&nbsp;&nbsp;main
</UL>

<P><STRONG><a name="[bc]"></a>timer_auto_reload_shadow_enable</STRONG> (Thumb, 18 bytes, Stack size 4 bytes, gd32f4xx_timer.o(.text.timer_auto_reload_shadow_enable))
<BR><BR>[Stack]<UL><LI>Max Depth = 4<LI>Call Chain = timer_auto_reload_shadow_enable
</UL>
<BR>[Called By]<UL><LI><a href="#[cb]">&gt;&gt;</a>&nbsp;&nbsp;&nbsp;Timer9_Step6_Config
<LI><a href="#[ca]">&gt;&gt;</a>&nbsp;&nbsp;&nbsp;Timer8_Step5_Config
<LI><a href="#[c9]">&gt;&gt;</a>&nbsp;&nbsp;&nbsp;Timer7_Step11And12_config
<LI><a href="#[c8]">&gt;&gt;</a>&nbsp;&nbsp;&nbsp;Timer6_Step3_Config
<LI><a href="#[c7]">&gt;&gt;</a>&nbsp;&nbsp;&nbsp;Timer5_Step2_Config
<LI><a href="#[c2]">&gt;&gt;</a>&nbsp;&nbsp;&nbsp;Timer2_Step1_Config
<LI><a href="#[c1]">&gt;&gt;</a>&nbsp;&nbsp;&nbsp;Timer1_Step4_Config
<LI><a href="#[c0]">&gt;&gt;</a>&nbsp;&nbsp;&nbsp;Timer13_Step10_Config
<LI><a href="#[bf]">&gt;&gt;</a>&nbsp;&nbsp;&nbsp;Timer12_Step9_Config
<LI><a href="#[be]">&gt;&gt;</a>&nbsp;&nbsp;&nbsp;Timer11_Step8_Config
<LI><a href="#[ba]">&gt;&gt;</a>&nbsp;&nbsp;&nbsp;Timer10_Step7_Config
</UL>

<P><STRONG><a name="[8b]"></a>timer_autoreload_value_config</STRONG> (Thumb, 16 bytes, Stack size 8 bytes, gd32f4xx_timer.o(.text.timer_autoreload_value_config))
<BR><BR>[Stack]<UL><LI>Max Depth = 8<LI>Call Chain = timer_autoreload_value_config
</UL>
<BR>[Called By]<UL><LI><a href="#[82]">&gt;&gt;</a>&nbsp;&nbsp;&nbsp;Motor_Stop_Set
<LI><a href="#[88]">&gt;&gt;</a>&nbsp;&nbsp;&nbsp;Motor_Star_Set
<LI><a href="#[a3]">&gt;&gt;</a>&nbsp;&nbsp;&nbsp;TIM9_Interrupt_Mt6
<LI><a href="#[a2]">&gt;&gt;</a>&nbsp;&nbsp;&nbsp;TIM8_Interrupt_Mt5
<LI><a href="#[9e]">&gt;&gt;</a>&nbsp;&nbsp;&nbsp;TIM6_Interrupt_Mt3
<LI><a href="#[9d]">&gt;&gt;</a>&nbsp;&nbsp;&nbsp;TIM5_Interrupt_Mt2
<LI><a href="#[9c]">&gt;&gt;</a>&nbsp;&nbsp;&nbsp;TIM2_Interrupt_Mt1
<LI><a href="#[9b]">&gt;&gt;</a>&nbsp;&nbsp;&nbsp;TIM1_Interrupt_Mt4
<LI><a href="#[9a]">&gt;&gt;</a>&nbsp;&nbsp;&nbsp;TIM13_Interrupt_Mt10
<LI><a href="#[99]">&gt;&gt;</a>&nbsp;&nbsp;&nbsp;TIM12_Interrupt_Mt9
<LI><a href="#[98]">&gt;&gt;</a>&nbsp;&nbsp;&nbsp;TIM11_Interrupt_Mt8
<LI><a href="#[96]">&gt;&gt;</a>&nbsp;&nbsp;&nbsp;TIM10_Interrupt_Mt7
</UL>

<P><STRONG><a name="[b6]"></a>timer_channel_output_config</STRONG> (Thumb, 712 bytes, Stack size 16 bytes, gd32f4xx_timer.o(.text.timer_channel_output_config))
<BR><BR>[Stack]<UL><LI>Max Depth = 16<LI>Call Chain = timer_channel_output_config
</UL>
<BR>[Called By]<UL><LI><a href="#[c9]">&gt;&gt;</a>&nbsp;&nbsp;&nbsp;Timer7_Step11And12_config
<LI><a href="#[c5]">&gt;&gt;</a>&nbsp;&nbsp;&nbsp;Timer4_PWM1_Config
<LI><a href="#[c3]">&gt;&gt;</a>&nbsp;&nbsp;&nbsp;Timer3_PWM3_Config
<LI><a href="#[b1]">&gt;&gt;</a>&nbsp;&nbsp;&nbsp;Timer0_PWM2_Config
</UL>

<P><STRONG><a name="[b7]"></a>timer_channel_output_mode_config</STRONG> (Thumb, 140 bytes, Stack size 12 bytes, gd32f4xx_timer.o(.text.timer_channel_output_mode_config))
<BR><BR>[Stack]<UL><LI>Max Depth = 12<LI>Call Chain = timer_channel_output_mode_config
</UL>
<BR>[Called By]<UL><LI><a href="#[c9]">&gt;&gt;</a>&nbsp;&nbsp;&nbsp;Timer7_Step11And12_config
<LI><a href="#[c5]">&gt;&gt;</a>&nbsp;&nbsp;&nbsp;Timer4_PWM1_Config
<LI><a href="#[c3]">&gt;&gt;</a>&nbsp;&nbsp;&nbsp;Timer3_PWM3_Config
<LI><a href="#[b1]">&gt;&gt;</a>&nbsp;&nbsp;&nbsp;Timer0_PWM2_Config
</UL>

<P><STRONG><a name="[7c]"></a>timer_channel_output_pulse_value_config</STRONG> (Thumb, 70 bytes, Stack size 16 bytes, gd32f4xx_timer.o(.text.timer_channel_output_pulse_value_config))
<BR><BR>[Stack]<UL><LI>Max Depth = 16<LI>Call Chain = timer_channel_output_pulse_value_config
</UL>
<BR>[Called By]<UL><LI><a href="#[88]">&gt;&gt;</a>&nbsp;&nbsp;&nbsp;Motor_Star_Set
<LI><a href="#[7b]">&gt;&gt;</a>&nbsp;&nbsp;&nbsp;Motor_Current_Set
<LI><a href="#[c9]">&gt;&gt;</a>&nbsp;&nbsp;&nbsp;Timer7_Step11And12_config
<LI><a href="#[c5]">&gt;&gt;</a>&nbsp;&nbsp;&nbsp;Timer4_PWM1_Config
<LI><a href="#[c3]">&gt;&gt;</a>&nbsp;&nbsp;&nbsp;Timer3_PWM3_Config
<LI><a href="#[b1]">&gt;&gt;</a>&nbsp;&nbsp;&nbsp;Timer0_PWM2_Config
<LI><a href="#[9f]">&gt;&gt;</a>&nbsp;&nbsp;&nbsp;TIM7_Interrupt_Mt11_Mt12
</UL>

<P><STRONG><a name="[b8]"></a>timer_channel_output_shadow_config</STRONG> (Thumb, 140 bytes, Stack size 12 bytes, gd32f4xx_timer.o(.text.timer_channel_output_shadow_config))
<BR><BR>[Stack]<UL><LI>Max Depth = 12<LI>Call Chain = timer_channel_output_shadow_config
</UL>
<BR>[Called By]<UL><LI><a href="#[c9]">&gt;&gt;</a>&nbsp;&nbsp;&nbsp;Timer7_Step11And12_config
<LI><a href="#[c5]">&gt;&gt;</a>&nbsp;&nbsp;&nbsp;Timer4_PWM1_Config
<LI><a href="#[c3]">&gt;&gt;</a>&nbsp;&nbsp;&nbsp;Timer3_PWM3_Config
<LI><a href="#[b1]">&gt;&gt;</a>&nbsp;&nbsp;&nbsp;Timer0_PWM2_Config
</UL>

<P><STRONG><a name="[a1]"></a>timer_counter_read</STRONG> (Thumb, 20 bytes, Stack size 8 bytes, gd32f4xx_timer.o(.text.timer_counter_read))
<BR><BR>[Stack]<UL><LI>Max Depth = 8<LI>Call Chain = timer_counter_read
</UL>
<BR>[Called By]<UL><LI><a href="#[9f]">&gt;&gt;</a>&nbsp;&nbsp;&nbsp;TIM7_Interrupt_Mt11_Mt12
</UL>

<P><STRONG><a name="[b3]"></a>timer_deinit</STRONG> (Thumb, 488 bytes, Stack size 72 bytes, gd32f4xx_timer.o(.text.timer_deinit))
<BR><BR>[Stack]<UL><LI>Max Depth = 76<LI>Call Chain = timer_deinit &rArr; rcu_periph_reset_enable
</UL>
<BR>[Calls]<UL><LI><a href="#[d2]">&gt;&gt;</a>&nbsp;&nbsp;&nbsp;rcu_periph_reset_enable
<LI><a href="#[d3]">&gt;&gt;</a>&nbsp;&nbsp;&nbsp;rcu_periph_reset_disable
</UL>
<BR>[Called By]<UL><LI><a href="#[cb]">&gt;&gt;</a>&nbsp;&nbsp;&nbsp;Timer9_Step6_Config
<LI><a href="#[ca]">&gt;&gt;</a>&nbsp;&nbsp;&nbsp;Timer8_Step5_Config
<LI><a href="#[c9]">&gt;&gt;</a>&nbsp;&nbsp;&nbsp;Timer7_Step11And12_config
<LI><a href="#[c8]">&gt;&gt;</a>&nbsp;&nbsp;&nbsp;Timer6_Step3_Config
<LI><a href="#[c7]">&gt;&gt;</a>&nbsp;&nbsp;&nbsp;Timer5_Step2_Config
<LI><a href="#[c5]">&gt;&gt;</a>&nbsp;&nbsp;&nbsp;Timer4_PWM1_Config
<LI><a href="#[c3]">&gt;&gt;</a>&nbsp;&nbsp;&nbsp;Timer3_PWM3_Config
<LI><a href="#[c2]">&gt;&gt;</a>&nbsp;&nbsp;&nbsp;Timer2_Step1_Config
<LI><a href="#[c1]">&gt;&gt;</a>&nbsp;&nbsp;&nbsp;Timer1_Step4_Config
<LI><a href="#[c0]">&gt;&gt;</a>&nbsp;&nbsp;&nbsp;Timer13_Step10_Config
<LI><a href="#[bf]">&gt;&gt;</a>&nbsp;&nbsp;&nbsp;Timer12_Step9_Config
<LI><a href="#[be]">&gt;&gt;</a>&nbsp;&nbsp;&nbsp;Timer11_Step8_Config
<LI><a href="#[ba]">&gt;&gt;</a>&nbsp;&nbsp;&nbsp;Timer10_Step7_Config
<LI><a href="#[b1]">&gt;&gt;</a>&nbsp;&nbsp;&nbsp;Timer0_PWM2_Config
</UL>

<P><STRONG><a name="[8a]"></a>timer_enable</STRONG> (Thumb, 18 bytes, Stack size 4 bytes, gd32f4xx_timer.o(.text.timer_enable))
<BR><BR>[Stack]<UL><LI>Max Depth = 4<LI>Call Chain = timer_enable
</UL>
<BR>[Called By]<UL><LI><a href="#[88]">&gt;&gt;</a>&nbsp;&nbsp;&nbsp;Motor_Star_Set
<LI><a href="#[c5]">&gt;&gt;</a>&nbsp;&nbsp;&nbsp;Timer4_PWM1_Config
<LI><a href="#[c3]">&gt;&gt;</a>&nbsp;&nbsp;&nbsp;Timer3_PWM3_Config
<LI><a href="#[b1]">&gt;&gt;</a>&nbsp;&nbsp;&nbsp;Timer0_PWM2_Config
</UL>

<P><STRONG><a name="[b5]"></a>timer_init</STRONG> (Thumb, 256 bytes, Stack size 8 bytes, gd32f4xx_timer.o(.text.timer_init))
<BR><BR>[Stack]<UL><LI>Max Depth = 8<LI>Call Chain = timer_init
</UL>
<BR>[Called By]<UL><LI><a href="#[cb]">&gt;&gt;</a>&nbsp;&nbsp;&nbsp;Timer9_Step6_Config
<LI><a href="#[ca]">&gt;&gt;</a>&nbsp;&nbsp;&nbsp;Timer8_Step5_Config
<LI><a href="#[c9]">&gt;&gt;</a>&nbsp;&nbsp;&nbsp;Timer7_Step11And12_config
<LI><a href="#[c8]">&gt;&gt;</a>&nbsp;&nbsp;&nbsp;Timer6_Step3_Config
<LI><a href="#[c7]">&gt;&gt;</a>&nbsp;&nbsp;&nbsp;Timer5_Step2_Config
<LI><a href="#[c5]">&gt;&gt;</a>&nbsp;&nbsp;&nbsp;Timer4_PWM1_Config
<LI><a href="#[c3]">&gt;&gt;</a>&nbsp;&nbsp;&nbsp;Timer3_PWM3_Config
<LI><a href="#[c2]">&gt;&gt;</a>&nbsp;&nbsp;&nbsp;Timer2_Step1_Config
<LI><a href="#[c1]">&gt;&gt;</a>&nbsp;&nbsp;&nbsp;Timer1_Step4_Config
<LI><a href="#[c0]">&gt;&gt;</a>&nbsp;&nbsp;&nbsp;Timer13_Step10_Config
<LI><a href="#[bf]">&gt;&gt;</a>&nbsp;&nbsp;&nbsp;Timer12_Step9_Config
<LI><a href="#[be]">&gt;&gt;</a>&nbsp;&nbsp;&nbsp;Timer11_Step8_Config
<LI><a href="#[ba]">&gt;&gt;</a>&nbsp;&nbsp;&nbsp;Timer10_Step7_Config
<LI><a href="#[b1]">&gt;&gt;</a>&nbsp;&nbsp;&nbsp;Timer0_PWM2_Config
</UL>

<P><STRONG><a name="[bb]"></a>timer_internal_clock_config</STRONG> (Thumb, 18 bytes, Stack size 4 bytes, gd32f4xx_timer.o(.text.timer_internal_clock_config))
<BR><BR>[Stack]<UL><LI>Max Depth = 4<LI>Call Chain = timer_internal_clock_config
</UL>
<BR>[Called By]<UL><LI><a href="#[cb]">&gt;&gt;</a>&nbsp;&nbsp;&nbsp;Timer9_Step6_Config
<LI><a href="#[ca]">&gt;&gt;</a>&nbsp;&nbsp;&nbsp;Timer8_Step5_Config
<LI><a href="#[c8]">&gt;&gt;</a>&nbsp;&nbsp;&nbsp;Timer6_Step3_Config
<LI><a href="#[c7]">&gt;&gt;</a>&nbsp;&nbsp;&nbsp;Timer5_Step2_Config
<LI><a href="#[c2]">&gt;&gt;</a>&nbsp;&nbsp;&nbsp;Timer2_Step1_Config
<LI><a href="#[c1]">&gt;&gt;</a>&nbsp;&nbsp;&nbsp;Timer1_Step4_Config
<LI><a href="#[c0]">&gt;&gt;</a>&nbsp;&nbsp;&nbsp;Timer13_Step10_Config
<LI><a href="#[bf]">&gt;&gt;</a>&nbsp;&nbsp;&nbsp;Timer12_Step9_Config
<LI><a href="#[be]">&gt;&gt;</a>&nbsp;&nbsp;&nbsp;Timer11_Step8_Config
<LI><a href="#[ba]">&gt;&gt;</a>&nbsp;&nbsp;&nbsp;Timer10_Step7_Config
</UL>

<P><STRONG><a name="[8c]"></a>timer_interrupt_disable</STRONG> (Thumb, 20 bytes, Stack size 8 bytes, gd32f4xx_timer.o(.text.timer_interrupt_disable))
<BR><BR>[Stack]<UL><LI>Max Depth = 8<LI>Call Chain = timer_interrupt_disable
</UL>
<BR>[Called By]<UL><LI><a href="#[82]">&gt;&gt;</a>&nbsp;&nbsp;&nbsp;Motor_Stop_Set
</UL>

<P><STRONG><a name="[89]"></a>timer_interrupt_enable</STRONG> (Thumb, 20 bytes, Stack size 8 bytes, gd32f4xx_timer.o(.text.timer_interrupt_enable))
<BR><BR>[Stack]<UL><LI>Max Depth = 8<LI>Call Chain = timer_interrupt_enable
</UL>
<BR>[Called By]<UL><LI><a href="#[88]">&gt;&gt;</a>&nbsp;&nbsp;&nbsp;Motor_Star_Set
</UL>

<P><STRONG><a name="[8d]"></a>timer_interrupt_flag_clear</STRONG> (Thumb, 18 bytes, Stack size 8 bytes, gd32f4xx_timer.o(.text.timer_interrupt_flag_clear))
<BR><BR>[Stack]<UL><LI>Max Depth = 8<LI>Call Chain = timer_interrupt_flag_clear
</UL>
<BR>[Called By]<UL><LI><a href="#[82]">&gt;&gt;</a>&nbsp;&nbsp;&nbsp;Motor_Stop_Set
<LI><a href="#[cb]">&gt;&gt;</a>&nbsp;&nbsp;&nbsp;Timer9_Step6_Config
<LI><a href="#[ca]">&gt;&gt;</a>&nbsp;&nbsp;&nbsp;Timer8_Step5_Config
<LI><a href="#[c9]">&gt;&gt;</a>&nbsp;&nbsp;&nbsp;Timer7_Step11And12_config
<LI><a href="#[c8]">&gt;&gt;</a>&nbsp;&nbsp;&nbsp;Timer6_Step3_Config
<LI><a href="#[c7]">&gt;&gt;</a>&nbsp;&nbsp;&nbsp;Timer5_Step2_Config
<LI><a href="#[c2]">&gt;&gt;</a>&nbsp;&nbsp;&nbsp;Timer2_Step1_Config
<LI><a href="#[c1]">&gt;&gt;</a>&nbsp;&nbsp;&nbsp;Timer1_Step4_Config
<LI><a href="#[c0]">&gt;&gt;</a>&nbsp;&nbsp;&nbsp;Timer13_Step10_Config
<LI><a href="#[bf]">&gt;&gt;</a>&nbsp;&nbsp;&nbsp;Timer12_Step9_Config
<LI><a href="#[be]">&gt;&gt;</a>&nbsp;&nbsp;&nbsp;Timer11_Step8_Config
<LI><a href="#[ba]">&gt;&gt;</a>&nbsp;&nbsp;&nbsp;Timer10_Step7_Config
<LI><a href="#[36]">&gt;&gt;</a>&nbsp;&nbsp;&nbsp;TIMER7_UP_TIMER12_IRQHandler
<LI><a href="#[37]">&gt;&gt;</a>&nbsp;&nbsp;&nbsp;TIMER7_TRG_CMT_TIMER13_IRQHandler
<LI><a href="#[35]">&gt;&gt;</a>&nbsp;&nbsp;&nbsp;TIMER7_BRK_TIMER11_IRQHandler
<LI><a href="#[41]">&gt;&gt;</a>&nbsp;&nbsp;&nbsp;TIMER6_IRQHandler
<LI><a href="#[40]">&gt;&gt;</a>&nbsp;&nbsp;&nbsp;TIMER5_DAC_IRQHandler
<LI><a href="#[27]">&gt;&gt;</a>&nbsp;&nbsp;&nbsp;TIMER2_IRQHandler
<LI><a href="#[26]">&gt;&gt;</a>&nbsp;&nbsp;&nbsp;TIMER1_IRQHandler
<LI><a href="#[23]">&gt;&gt;</a>&nbsp;&nbsp;&nbsp;TIMER0_UP_TIMER9_IRQHandler
<LI><a href="#[24]">&gt;&gt;</a>&nbsp;&nbsp;&nbsp;TIMER0_TRG_CMT_TIMER10_IRQHandler
<LI><a href="#[22]">&gt;&gt;</a>&nbsp;&nbsp;&nbsp;TIMER0_BRK_TIMER8_IRQHandler
<LI><a href="#[9f]">&gt;&gt;</a>&nbsp;&nbsp;&nbsp;TIM7_Interrupt_Mt11_Mt12
</UL>

<P><STRONG><a name="[a0]"></a>timer_interrupt_flag_get</STRONG> (Thumb, 58 bytes, Stack size 16 bytes, gd32f4xx_timer.o(.text.timer_interrupt_flag_get))
<BR><BR>[Stack]<UL><LI>Max Depth = 16<LI>Call Chain = timer_interrupt_flag_get
</UL>
<BR>[Called By]<UL><LI><a href="#[38]">&gt;&gt;</a>&nbsp;&nbsp;&nbsp;TIMER7_Channel_IRQHandler
<LI><a href="#[9f]">&gt;&gt;</a>&nbsp;&nbsp;&nbsp;TIM7_Interrupt_Mt11_Mt12
</UL>

<P><STRONG><a name="[b9]"></a>timer_primary_output_config</STRONG> (Thumb, 46 bytes, Stack size 8 bytes, gd32f4xx_timer.o(.text.timer_primary_output_config))
<BR><BR>[Stack]<UL><LI>Max Depth = 8<LI>Call Chain = timer_primary_output_config
</UL>
<BR>[Called By]<UL><LI><a href="#[c9]">&gt;&gt;</a>&nbsp;&nbsp;&nbsp;Timer7_Step11And12_config
<LI><a href="#[b1]">&gt;&gt;</a>&nbsp;&nbsp;&nbsp;Timer0_PWM2_Config
</UL>

<P><STRONG><a name="[d9]"></a>uart1_int</STRONG> (Thumb, 202 bytes, Stack size 48 bytes, uart.o(.text.uart1_int))
<BR><BR>[Stack]<UL><LI>Max Depth = 184<LI>Call Chain = uart1_int &rArr; usart_baudrate_set &rArr; rcu_clock_freq_get
</UL>
<BR>[Calls]<UL><LI><a href="#[e2]">&gt;&gt;</a>&nbsp;&nbsp;&nbsp;usart_word_length_set
<LI><a href="#[e8]">&gt;&gt;</a>&nbsp;&nbsp;&nbsp;usart_transmit_config
<LI><a href="#[e3]">&gt;&gt;</a>&nbsp;&nbsp;&nbsp;usart_stop_bit_set
<LI><a href="#[e7]">&gt;&gt;</a>&nbsp;&nbsp;&nbsp;usart_receive_config
<LI><a href="#[e4]">&gt;&gt;</a>&nbsp;&nbsp;&nbsp;usart_parity_config
<LI><a href="#[e6]">&gt;&gt;</a>&nbsp;&nbsp;&nbsp;usart_oversample_config
<LI><a href="#[e9]">&gt;&gt;</a>&nbsp;&nbsp;&nbsp;usart_enable
<LI><a href="#[e0]">&gt;&gt;</a>&nbsp;&nbsp;&nbsp;usart_deinit
<LI><a href="#[e5]">&gt;&gt;</a>&nbsp;&nbsp;&nbsp;usart_data_first_config
<LI><a href="#[e1]">&gt;&gt;</a>&nbsp;&nbsp;&nbsp;usart_baudrate_set
<LI><a href="#[ae]">&gt;&gt;</a>&nbsp;&nbsp;&nbsp;gpio_af_set
<LI><a href="#[73]">&gt;&gt;</a>&nbsp;&nbsp;&nbsp;rcu_periph_clock_enable
<LI><a href="#[74]">&gt;&gt;</a>&nbsp;&nbsp;&nbsp;gpio_mode_set
<LI><a href="#[79]">&gt;&gt;</a>&nbsp;&nbsp;&nbsp;gpio_output_options_set
</UL>
<BR>[Called By]<UL><LI><a href="#[5b]">&gt;&gt;</a>&nbsp;&nbsp;&nbsp;main
</UL>

<P><STRONG><a name="[e1]"></a>usart_baudrate_set</STRONG> (Thumb, 344 bytes, Stack size 40 bytes, gd32f4xx_usart.o(.text.usart_baudrate_set))
<BR><BR>[Stack]<UL><LI>Max Depth = 136<LI>Call Chain = usart_baudrate_set &rArr; rcu_clock_freq_get
</UL>
<BR>[Calls]<UL><LI><a href="#[ea]">&gt;&gt;</a>&nbsp;&nbsp;&nbsp;rcu_clock_freq_get
</UL>
<BR>[Called By]<UL><LI><a href="#[d9]">&gt;&gt;</a>&nbsp;&nbsp;&nbsp;uart1_int
</UL>

<P><STRONG><a name="[e5]"></a>usart_data_first_config</STRONG> (Thumb, 46 bytes, Stack size 12 bytes, gd32f4xx_usart.o(.text.usart_data_first_config))
<BR><BR>[Stack]<UL><LI>Max Depth = 12<LI>Call Chain = usart_data_first_config
</UL>
<BR>[Called By]<UL><LI><a href="#[d9]">&gt;&gt;</a>&nbsp;&nbsp;&nbsp;uart1_int
</UL>

<P><STRONG><a name="[e0]"></a>usart_deinit</STRONG> (Thumb, 286 bytes, Stack size 48 bytes, gd32f4xx_usart.o(.text.usart_deinit))
<BR><BR>[Stack]<UL><LI>Max Depth = 52<LI>Call Chain = usart_deinit &rArr; rcu_periph_reset_enable
</UL>
<BR>[Calls]<UL><LI><a href="#[d2]">&gt;&gt;</a>&nbsp;&nbsp;&nbsp;rcu_periph_reset_enable
<LI><a href="#[d3]">&gt;&gt;</a>&nbsp;&nbsp;&nbsp;rcu_periph_reset_disable
</UL>
<BR>[Called By]<UL><LI><a href="#[d9]">&gt;&gt;</a>&nbsp;&nbsp;&nbsp;uart1_int
</UL>

<P><STRONG><a name="[e9]"></a>usart_enable</STRONG> (Thumb, 18 bytes, Stack size 4 bytes, gd32f4xx_usart.o(.text.usart_enable))
<BR><BR>[Stack]<UL><LI>Max Depth = 4<LI>Call Chain = usart_enable
</UL>
<BR>[Called By]<UL><LI><a href="#[d9]">&gt;&gt;</a>&nbsp;&nbsp;&nbsp;uart1_int
</UL>

<P><STRONG><a name="[e6]"></a>usart_oversample_config</STRONG> (Thumb, 30 bytes, Stack size 8 bytes, gd32f4xx_usart.o(.text.usart_oversample_config))
<BR><BR>[Stack]<UL><LI>Max Depth = 8<LI>Call Chain = usart_oversample_config
</UL>
<BR>[Called By]<UL><LI><a href="#[d9]">&gt;&gt;</a>&nbsp;&nbsp;&nbsp;uart1_int
</UL>

<P><STRONG><a name="[e4]"></a>usart_parity_config</STRONG> (Thumb, 30 bytes, Stack size 8 bytes, gd32f4xx_usart.o(.text.usart_parity_config))
<BR><BR>[Stack]<UL><LI>Max Depth = 8<LI>Call Chain = usart_parity_config
</UL>
<BR>[Called By]<UL><LI><a href="#[d9]">&gt;&gt;</a>&nbsp;&nbsp;&nbsp;uart1_int
</UL>

<P><STRONG><a name="[e7]"></a>usart_receive_config</STRONG> (Thumb, 42 bytes, Stack size 12 bytes, gd32f4xx_usart.o(.text.usart_receive_config))
<BR><BR>[Stack]<UL><LI>Max Depth = 12<LI>Call Chain = usart_receive_config
</UL>
<BR>[Called By]<UL><LI><a href="#[d9]">&gt;&gt;</a>&nbsp;&nbsp;&nbsp;uart1_int
</UL>

<P><STRONG><a name="[e3]"></a>usart_stop_bit_set</STRONG> (Thumb, 30 bytes, Stack size 8 bytes, gd32f4xx_usart.o(.text.usart_stop_bit_set))
<BR><BR>[Stack]<UL><LI>Max Depth = 8<LI>Call Chain = usart_stop_bit_set
</UL>
<BR>[Called By]<UL><LI><a href="#[d9]">&gt;&gt;</a>&nbsp;&nbsp;&nbsp;uart1_int
</UL>

<P><STRONG><a name="[e8]"></a>usart_transmit_config</STRONG> (Thumb, 42 bytes, Stack size 12 bytes, gd32f4xx_usart.o(.text.usart_transmit_config))
<BR><BR>[Stack]<UL><LI>Max Depth = 12<LI>Call Chain = usart_transmit_config
</UL>
<BR>[Called By]<UL><LI><a href="#[d9]">&gt;&gt;</a>&nbsp;&nbsp;&nbsp;uart1_int
</UL>

<P><STRONG><a name="[e2]"></a>usart_word_length_set</STRONG> (Thumb, 30 bytes, Stack size 8 bytes, gd32f4xx_usart.o(.text.usart_word_length_set))
<BR><BR>[Stack]<UL><LI>Max Depth = 8<LI>Call Chain = usart_word_length_set
</UL>
<BR>[Called By]<UL><LI><a href="#[d9]">&gt;&gt;</a>&nbsp;&nbsp;&nbsp;uart1_int
</UL>

<P><STRONG><a name="[de]"></a>__hardfp_sqrt</STRONG> (Thumb, 122 bytes, Stack size 32 bytes, sqrt.o(i.__hardfp_sqrt))
<BR><BR>[Stack]<UL><LI>Max Depth = 72<LI>Call Chain = __hardfp_sqrt &rArr; _dsqrt &rArr; _double_round
</UL>
<BR>[Calls]<UL><LI><a href="#[eb]">&gt;&gt;</a>&nbsp;&nbsp;&nbsp;__set_errno
<LI><a href="#[69]">&gt;&gt;</a>&nbsp;&nbsp;&nbsp;_dsqrt
</UL>
<BR>[Called By]<UL><LI><a href="#[84]">&gt;&gt;</a>&nbsp;&nbsp;&nbsp;stepper_move_T
</UL>

<P><STRONG><a name="[f6]"></a>__scatterload_copy</STRONG> (Thumb, 14 bytes, Stack size unknown bytes, handlers.o(i.__scatterload_copy), UNUSED)

<P><STRONG><a name="[f7]"></a>__scatterload_null</STRONG> (Thumb, 2 bytes, Stack size unknown bytes, handlers.o(i.__scatterload_null), UNUSED)

<P><STRONG><a name="[f8]"></a>__scatterload_zeroinit</STRONG> (Thumb, 14 bytes, Stack size unknown bytes, handlers.o(i.__scatterload_zeroinit), UNUSED)

<P><STRONG><a name="[eb]"></a>__set_errno</STRONG> (Thumb, 6 bytes, Stack size 0 bytes, errno.o(i.__set_errno))
<BR><BR>[Called By]<UL><LI><a href="#[de]">&gt;&gt;</a>&nbsp;&nbsp;&nbsp;__hardfp_sqrt
</UL>
<P>
<H3>
Local Symbols
</H3>
<P><STRONG><a name="[df]"></a>system_clock_200m_8m_hxtal</STRONG> (Thumb, 184 bytes, Stack size 0 bytes, system_gd32f4xx.o(.text.system_clock_200m_8m_hxtal))
<BR><BR>[Called By]<UL><LI><a href="#[93]">&gt;&gt;</a>&nbsp;&nbsp;&nbsp;system_clock_config
</UL>

<P><STRONG><a name="[93]"></a>system_clock_config</STRONG> (Thumb, 8 bytes, Stack size 8 bytes, system_gd32f4xx.o(.text.system_clock_config))
<BR><BR>[Stack]<UL><LI>Max Depth = 8<LI>Call Chain = system_clock_config
</UL>
<BR>[Calls]<UL><LI><a href="#[df]">&gt;&gt;</a>&nbsp;&nbsp;&nbsp;system_clock_200m_8m_hxtal
</UL>
<BR>[Called By]<UL><LI><a href="#[5c]">&gt;&gt;</a>&nbsp;&nbsp;&nbsp;SystemInit
</UL>

<P><STRONG><a name="[90]"></a>NVIC_SetPriority</STRONG> (Thumb, 68 bytes, Stack size 8 bytes, systick.o(.text.NVIC_SetPriority))
<BR><BR>[Stack]<UL><LI>Max Depth = 8<LI>Call Chain = NVIC_SetPriority
</UL>
<BR>[Called By]<UL><LI><a href="#[d8]">&gt;&gt;</a>&nbsp;&nbsp;&nbsp;systick_config
<LI><a href="#[8f]">&gt;&gt;</a>&nbsp;&nbsp;&nbsp;SysTick_Config
</UL>

<P><STRONG><a name="[8f]"></a>SysTick_Config</STRONG> (Thumb, 82 bytes, Stack size 16 bytes, systick.o(.text.SysTick_Config))
<BR><BR>[Stack]<UL><LI>Max Depth = 24<LI>Call Chain = SysTick_Config &rArr; NVIC_SetPriority
</UL>
<BR>[Calls]<UL><LI><a href="#[90]">&gt;&gt;</a>&nbsp;&nbsp;&nbsp;NVIC_SetPriority
</UL>
<BR>[Called By]<UL><LI><a href="#[d8]">&gt;&gt;</a>&nbsp;&nbsp;&nbsp;systick_config
</UL>
<P>
<H3>
Undefined Global Symbols
</H3><HR></body></html>
