Component: ARM Compiler 6.16 Tool: armlink [5dfeaa00]

==============================================================================

Section Cross References

    system_gd32f4xx.o(.text.SystemInit) refers to system_gd32f4xx.o(.text.system_clock_config) for system_clock_config
    system_gd32f4xx.o(.ARM.exidx.text.SystemInit) refers to system_gd32f4xx.o(.text.SystemInit) for [Anonymous Symbol]
    system_gd32f4xx.o(.text.system_clock_config) refers to system_gd32f4xx.o(.text.system_clock_200m_8m_hxtal) for system_clock_200m_8m_hxtal
    system_gd32f4xx.o(.ARM.exidx.text.system_clock_config) refers to system_gd32f4xx.o(.text.system_clock_config) for [Anonymous Symbol]
    system_gd32f4xx.o(.text.SystemCoreClockUpdate) refers to system_gd32f4xx.o(.data.SystemCoreClock) for SystemCoreClock
    system_gd32f4xx.o(.ARM.exidx.text.SystemCoreClockUpdate) refers to system_gd32f4xx.o(.text.SystemCoreClockUpdate) for [Anonymous Symbol]
    system_gd32f4xx.o(.ARM.exidx.text.system_clock_200m_8m_hxtal) refers to system_gd32f4xx.o(.text.system_clock_200m_8m_hxtal) for [Anonymous Symbol]
    gd32f4xx_it.o(.ARM.exidx.text.NMI_Handler) refers to gd32f4xx_it.o(.text.NMI_Handler) for [Anonymous Symbol]
    gd32f4xx_it.o(.ARM.exidx.text.HardFault_Handler) refers to gd32f4xx_it.o(.text.HardFault_Handler) for [Anonymous Symbol]
    gd32f4xx_it.o(.ARM.exidx.text.MemManage_Handler) refers to gd32f4xx_it.o(.text.MemManage_Handler) for [Anonymous Symbol]
    gd32f4xx_it.o(.ARM.exidx.text.BusFault_Handler) refers to gd32f4xx_it.o(.text.BusFault_Handler) for [Anonymous Symbol]
    gd32f4xx_it.o(.ARM.exidx.text.UsageFault_Handler) refers to gd32f4xx_it.o(.text.UsageFault_Handler) for [Anonymous Symbol]
    gd32f4xx_it.o(.ARM.exidx.text.SVC_Handler) refers to gd32f4xx_it.o(.text.SVC_Handler) for [Anonymous Symbol]
    gd32f4xx_it.o(.ARM.exidx.text.DebugMon_Handler) refers to gd32f4xx_it.o(.text.DebugMon_Handler) for [Anonymous Symbol]
    gd32f4xx_it.o(.ARM.exidx.text.PendSV_Handler) refers to gd32f4xx_it.o(.text.PendSV_Handler) for [Anonymous Symbol]
    gd32f4xx_it.o(.text.CAN0_RX0_IRQHandler) refers to gd32f4xx_can.o(.text.can_interrupt_flag_get) for can_interrupt_flag_get
    gd32f4xx_it.o(.text.CAN0_RX0_IRQHandler) refers to gd32f4xx_can.o(.text.can_message_receive) for can_message_receive
    gd32f4xx_it.o(.text.CAN0_RX0_IRQHandler) refers to can.o(.bss.Can1_revQueuebuff) for Can1_revQueuebuff
    gd32f4xx_it.o(.text.CAN0_RX0_IRQHandler) refers to queue.o(.text.EnQueue) for EnQueue
    gd32f4xx_it.o(.text.CAN0_RX0_IRQHandler) refers to gd32f4xx_can.o(.text.can_interrupt_flag_clear) for can_interrupt_flag_clear
    gd32f4xx_it.o(.ARM.exidx.text.CAN0_RX0_IRQHandler) refers to gd32f4xx_it.o(.text.CAN0_RX0_IRQHandler) for [Anonymous Symbol]
    gd32f4xx_it.o(.text.TIMER2_IRQHandler) refers to gd32f4xx_timer.o(.text.timer_interrupt_flag_clear) for timer_interrupt_flag_clear
    gd32f4xx_it.o(.text.TIMER2_IRQHandler) refers to motorstep.o(.text.TIM2_Interrupt_Mt1) for TIM2_Interrupt_Mt1
    gd32f4xx_it.o(.ARM.exidx.text.TIMER2_IRQHandler) refers to gd32f4xx_it.o(.text.TIMER2_IRQHandler) for [Anonymous Symbol]
    gd32f4xx_it.o(.text.TIMER5_DAC_IRQHandler) refers to gd32f4xx_timer.o(.text.timer_interrupt_flag_clear) for timer_interrupt_flag_clear
    gd32f4xx_it.o(.text.TIMER5_DAC_IRQHandler) refers to motorstep.o(.text.TIM5_Interrupt_Mt2) for TIM5_Interrupt_Mt2
    gd32f4xx_it.o(.ARM.exidx.text.TIMER5_DAC_IRQHandler) refers to gd32f4xx_it.o(.text.TIMER5_DAC_IRQHandler) for [Anonymous Symbol]
    gd32f4xx_it.o(.text.TIMER6_IRQHandler) refers to gd32f4xx_timer.o(.text.timer_interrupt_flag_clear) for timer_interrupt_flag_clear
    gd32f4xx_it.o(.text.TIMER6_IRQHandler) refers to motorstep.o(.text.TIM6_Interrupt_Mt3) for TIM6_Interrupt_Mt3
    gd32f4xx_it.o(.ARM.exidx.text.TIMER6_IRQHandler) refers to gd32f4xx_it.o(.text.TIMER6_IRQHandler) for [Anonymous Symbol]
    gd32f4xx_it.o(.text.TIMER1_IRQHandler) refers to gd32f4xx_timer.o(.text.timer_interrupt_flag_clear) for timer_interrupt_flag_clear
    gd32f4xx_it.o(.text.TIMER1_IRQHandler) refers to motorstep.o(.text.TIM1_Interrupt_Mt4) for TIM1_Interrupt_Mt4
    gd32f4xx_it.o(.ARM.exidx.text.TIMER1_IRQHandler) refers to gd32f4xx_it.o(.text.TIMER1_IRQHandler) for [Anonymous Symbol]
    gd32f4xx_it.o(.text.TIMER0_BRK_TIMER8_IRQHandler) refers to gd32f4xx_timer.o(.text.timer_interrupt_flag_clear) for timer_interrupt_flag_clear
    gd32f4xx_it.o(.text.TIMER0_BRK_TIMER8_IRQHandler) refers to motorstep.o(.text.TIM8_Interrupt_Mt5) for TIM8_Interrupt_Mt5
    gd32f4xx_it.o(.ARM.exidx.text.TIMER0_BRK_TIMER8_IRQHandler) refers to gd32f4xx_it.o(.text.TIMER0_BRK_TIMER8_IRQHandler) for [Anonymous Symbol]
    gd32f4xx_it.o(.text.TIMER0_UP_TIMER9_IRQHandler) refers to gd32f4xx_timer.o(.text.timer_interrupt_flag_clear) for timer_interrupt_flag_clear
    gd32f4xx_it.o(.text.TIMER0_UP_TIMER9_IRQHandler) refers to motorstep.o(.text.TIM9_Interrupt_Mt6) for TIM9_Interrupt_Mt6
[...]
    ../fplib/microlib/fpfix.c                0x00000000   Number         0  dfixui.o ABSOLUTE
    ../fplib/microlib/fpfix.c                0x00000000   Number         0  dfixul.o ABSOLUTE
    ../fplib/microlib/fpflt.c                0x00000000   Number         0  dfltui.o ABSOLUTE
    ../fplib/microlib/fpmul.c                0x00000000   Number         0  dmul.o ABSOLUTE
    ../fplib/microlib/fpsqrt.c               0x00000000   Number         0  dsqrt.o ABSOLUTE
    ../mathlib/sqrt.c                        0x00000000   Number         0  sqrt.o ABSOLUTE
    CMSIS/GD/GD32F4xx/Source/ARM/startup_gd32f407_427.s 0x00000000   Number         0  startup_gd32f407_427.o ABSOLUTE
    Gpio.c                                   0x00000000   Number         0  gpio.o ABSOLUTE
    MotorOperation.c                         0x00000000   Number         0  motoroperation.o ABSOLUTE
    MotorStep.c                              0x00000000   Number         0  motorstep.o ABSOLUTE
    can.c                                    0x00000000   Number         0  can.o ABSOLUTE
    cdrcmple.s                               0x00000000   Number         0  cdrcmple.o ABSOLUTE
    dc.s                                     0x00000000   Number         0  dc.o ABSOLUTE
    gd32f4xx_can.c                           0x00000000   Number         0  gd32f4xx_can.o ABSOLUTE
    gd32f4xx_crc.c                           0x00000000   Number         0  gd32f4xx_crc.o ABSOLUTE
    gd32f4xx_dbg.c                           0x00000000   Number         0  gd32f4xx_dbg.o ABSOLUTE
    gd32f4xx_dci.c                           0x00000000   Number         0  gd32f4xx_dci.o ABSOLUTE
    gd32f4xx_fwdgt.c                         0x00000000   Number         0  gd32f4xx_fwdgt.o ABSOLUTE
    gd32f4xx_gpio.c                          0x00000000   Number         0  gd32f4xx_gpio.o ABSOLUTE
    gd32f4xx_it.c                            0x00000000   Number         0  gd32f4xx_it.o ABSOLUTE
    gd32f4xx_misc.c                          0x00000000   Number         0  gd32f4xx_misc.o ABSOLUTE
    gd32f4xx_rcu.c                           0x00000000   Number         0  gd32f4xx_rcu.o ABSOLUTE
    gd32f4xx_rtc.c                           0x00000000   Number         0  gd32f4xx_rtc.o ABSOLUTE
    gd32f4xx_sdio.c                          0x00000000   Number         0  gd32f4xx_sdio.o ABSOLUTE
    gd32f4xx_timer.c                         0x00000000   Number         0  gd32f4xx_timer.o ABSOLUTE
    gd32f4xx_usart.c                         0x00000000   Number         0  gd32f4xx_usart.o ABSOLUTE
    gd32f4xx_wwdgt.c                         0x00000000   Number         0  gd32f4xx_wwdgt.o ABSOLUTE
    handlers.s                               0x00000000   Number         0  handlers.o ABSOLUTE
    init.s                                   0x00000000   Number         0  init.o ABSOLUTE
    main.c                                   0x00000000   Number         0  main.o ABSOLUTE
    queue.c                                  0x00000000   Number         0  queue.o ABSOLUTE
    system_gd32f4xx.c                        0x00000000   Number         0  system_gd32f4xx.o ABSOLUTE
    systick.c                                0x00000000   Number         0  systick.o ABSOLUTE
    time.c                                   0x00000000   Number         0  time.o ABSOLUTE
    uart.c                                   0x00000000   Number         0  uart.o ABSOLUTE
    RESET                                    0x08000000   Section      392  startup_gd32f407_427.o(RESET)
    .ARM.Collect$$$$00000000                 0x08000188   Section        0  entry.o(.ARM.Collect$$$$00000000)
    .ARM.Collect$$$$00000001                 0x08000188   Section        4  entry2.o(.ARM.Collect$$$$00000001)
    .ARM.Collect$$$$00000004                 0x0800018c   Section        4  entry5.o(.ARM.Collect$$$$00000004)
    .ARM.Collect$$$$00000008                 0x08000190   Section        0  entry7b.o(.ARM.Collect$$$$00000008)
    .ARM.Collect$$$$0000000A                 0x08000190   Section        0  entry8b.o(.ARM.Collect$$$$0000000A)
    .ARM.Collect$$$$0000000B                 0x08000190   Section        8  entry9a.o(.ARM.Collect$$$$0000000B)
    __lit__00000000                          0x08000198   Data           4  entry2.o(.ARM.Collect$$$$00002712)
    .ARM.Collect$$$$0000000D                 0x08000198   Section        0  entry10a.o(.ARM.Collect$$$$0000000D)
    .ARM.Collect$$$$0000000F                 0x08000198   Section        0  entry11a.o(.ARM.Collect$$$$0000000F)
    .ARM.Collect$$$$00002712                 0x08000198   Section        4  entry2.o(.ARM.Collect$$$$00002712)
    $v0                                      0x0800019c   Number         0  startup_gd32f407_427.o(.text)
    .text                                    0x0800019c   Section       36  startup_gd32f407_427.o(.text)
    .text                                    0x080001c0   Section        0  dmul.o(.text)
    .text                                    0x080002a4   Section        0  ddiv.o(.text)
    .text                                    0x08000382   Section        0  dfltui.o(.text)
    .text                                    0x0800039c   Section        0  dfixi.o(.text)
    .text                                    0x080003da   Section        0  dfixui.o(.text)
    .text                                    0x0800040c   Section        0  f2d.o(.text)
    .text                                    0x08000432   Section        0  uidiv.o(.text)
    .text                                    0x0800045e   Section        0  uldiv.o(.text)
    .text                                    0x080004c0   Section        0  llushr.o(.text)
    .text                                    0x080004e0   Section        0  iusefp.o(.text)
    .text                                    0x080004e0   Section        0  depilogue.o(.text)
    .text                                    0x0800059a   Section        0  dadd.o(.text)
    .text                                    0x080006e8   Section        0  dsqrt.o(.text)
    .text                                    0x0800078a   Section        0  dfixul.o(.text)
    .text                                    0x080007bc   Section       48  cdrcmple.o(.text)
    .text                                    0x080007ec   Section       36  init.o(.text)
    .text                                    0x08000810   Section        0  llshl.o(.text)
    .text                                    0x0800082e   Section        0  llsshr.o(.text)
    [Anonymous Symbol]                       0x08000854   Section        0  gd32f4xx_it.o(.text.BusFault_Handler)
    [Anonymous Symbol]                       0x08000858   Section        0  gd32f4xx_it.o(.text.CAN0_RX0_IRQHandler)
    [Anonymous Symbol]                       0x080008b4   Section        0  can.o(.text.Can0_Init)
    [Anonymous Symbol]                       0x080008c0   Section        0  gd32f4xx_it.o(.text.DebugMon_Handler)
    [Anonymous Symbol]                       0x080008c4   Section        0  gpio.o(.text.DipSwitch_4bitInit)
    [Anonymous Symbol]                       0x08000918   Section        0  queue.o(.text.EnQueue)
    [Anonymous Symbol]                       0x0800098c   Section        0  gpio.o(.text.GetDipSwitch_4bit)
    [Anonymous Symbol]                       0x080009fc   Section        0  gd32f4xx_it.o(.text.HardFault_Handler)
    [Anonymous Symbol]                       0x08000a00   Section        0  queue.o(.text.InitQueue)
    [Anonymous Symbol]                       0x08000a24   Section        0  gd32f4xx_it.o(.text.MemManage_Handler)
    [Anonymous Symbol]                       0x08000a28   Section        0  gpio.o(.text.MotorDir_12bitInit)
    [Anonymous Symbol]                       0x08000bac   Section        0  motoroperation.o(.text.Motor_Current_Set)
    [Anonymous Symbol]                       0x08000c94   Section        0  motoroperation.o(.text.Motor_Dir_Set)
    [Anonymous Symbol]                       0x08000db0   Section        0  motoroperation.o(.text.Motor_Enbl_Set)
    [Anonymous Symbol]                       0x08000e54   Section        0  gpio.o(.text.Motor_Fault_Init)
    [Anonymous Symbol]                       0x08000eb8   Section        0  gpio.o(.text.Motor_Microstep_Init)
    [Anonymous Symbol]                       0x08000f78   Section        0  motoroperation.o(.text.Motor_Microstep_Set)
    [Anonymous Symbol]                       0x08001090   Section        0  gpio.o(.text.Motor_Nenbl_Init)
    [Anonymous Symbol]                       0x08001134   Section        0  motoroperation.o(.text.Motor_Star_Set)
    [Anonymous Symbol]                       0x08001340   Section        0  motoroperation.o(.text.Motor_Stop_Set)
    [Anonymous Symbol]                       0x08001528   Section        0  gd32f4xx_it.o(.text.NMI_Handler)
    NVIC_SetPriority                         0x0800152d   Thumb Code    68  systick.o(.text.NVIC_SetPriority)
    [Anonymous Symbol]                       0x0800152c   Section        0  systick.o(.text.NVIC_SetPriority)
    [Anonymous Symbol]                       0x08001570   Section        0  gd32f4xx_it.o(.text.PendSV_Handler)
    [Anonymous Symbol]                       0x08001574   Section        0  queue.o(.text.QueueFull)
    [Anonymous Symbol]                       0x08001598   Section        0  gd32f4xx_it.o(.text.SVC_Handler)
    [Anonymous Symbol]                       0x0800159c   Section        0  gpio.o(.text.Sensor_12bitInit)
    SysTick_Config                           0x08001669   Thumb Code    82  systick.o(.text.SysTick_Config)
    [Anonymous Symbol]                       0x08001668   Section        0  systick.o(.text.SysTick_Config)
    [Anonymous Symbol]                       0x080016bc   Section        0  gd32f4xx_it.o(.text.SysTick_Handler)
    [Anonymous Symbol]                       0x080016e0   Section        0  system_gd32f4xx.o(.text.SystemInit)
    [Anonymous Symbol]                       0x08001790   Section        0  gpio.o(.text.System_Led)
    [Anonymous Symbol]                       0x080017cc   Section        0  motorstep.o(.text.TIM10_Interrupt_Mt7)
    [Anonymous Symbol]                       0x08001808   Section        0  motorstep.o(.text.TIM11_Interrupt_Mt8)
    [Anonymous Symbol]                       0x08001844   Section        0  motorstep.o(.text.TIM12_Interrupt_Mt9)
    [Anonymous Symbol]                       0x0800187c   Section        0  motorstep.o(.text.TIM13_Interrupt_Mt10)
    [Anonymous Symbol]                       0x080018b4   Section        0  motorstep.o(.text.TIM1_Interrupt_Mt4)
    [Anonymous Symbol]                       0x080018ec   Section        0  motorstep.o(.text.TIM2_Interrupt_Mt1)
    [Anonymous Symbol]                       0x08001928   Section        0  motorstep.o(.text.TIM5_Interrupt_Mt2)
    [Anonymous Symbol]                       0x08001964   Section        0  motorstep.o(.text.TIM6_Interrupt_Mt3)
    [Anonymous Symbol]                       0x0800199c   Section        0  motorstep.o(.text.TIM7_Interrupt_Mt11_Mt12)
    [Anonymous Symbol]                       0x08001a50   Section        0  motorstep.o(.text.TIM8_Interrupt_Mt5)
    [Anonymous Symbol]                       0x08001a8c   Section        0  motorstep.o(.text.TIM9_Interrupt_Mt6)
    [Anonymous Symbol]                       0x08001ac8   Section        0  gd32f4xx_it.o(.text.TIMER0_BRK_TIMER8_IRQHandler)
    [Anonymous Symbol]                       0x08001ae0   Section        0  gd32f4xx_it.o(.text.TIMER0_TRG_CMT_TIMER10_IRQHandler)
    [Anonymous Symbol]                       0x08001af8   Section        0  gd32f4xx_it.o(.text.TIMER0_UP_TIMER9_IRQHandler)
    [Anonymous Symbol]                       0x08001b10   Section        0  gd32f4xx_it.o(.text.TIMER1_IRQHandler)
    [Anonymous Symbol]                       0x08001b24   Section        0  gd32f4xx_it.o(.text.TIMER2_IRQHandler)
    [Anonymous Symbol]                       0x08001b3c   Section        0  gd32f4xx_it.o(.text.TIMER5_DAC_IRQHandler)
    [Anonymous Symbol]                       0x08001b54   Section        0  gd32f4xx_it.o(.text.TIMER6_IRQHandler)
    [Anonymous Symbol]                       0x08001b6c   Section        0  gd32f4xx_it.o(.text.TIMER7_BRK_TIMER11_IRQHandler)
    [Anonymous Symbol]                       0x08001b84   Section        0  gd32f4xx_it.o(.text.TIMER7_Channel_IRQHandler)
    [Anonymous Symbol]                       0x08001bb8   Section        0  gd32f4xx_it.o(.text.TIMER7_TRG_CMT_TIMER13_IRQHandler)
    [Anonymous Symbol]                       0x08001bd0   Section        0  gd32f4xx_it.o(.text.TIMER7_UP_TIMER12_IRQHandler)
    [Anonymous Symbol]                       0x08001be8   Section        0  motoroperation.o(.text.TestFunction)
    [Anonymous Symbol]                       0x08001c34   Section        0  time.o(.text.Time10_Step7_Gpio_Config)
    [Anonymous Symbol]                       0x08001c6c   Section        0  time.o(.text.Time11_Step8_Gpio_Config)
    [Anonymous Symbol]                       0x08001ca4   Section        0  time.o(.text.Time12_Step9_Gpio_Config)
    [Anonymous Symbol]                       0x08001cd8   Section        0  time.o(.text.Time13_Step10_Gpio_Config)
    [Anonymous Symbol]                       0x08001d0c   Section        0  time.o(.text.Time1_Step4_Gpio_Config)
    [Anonymous Symbol]                       0x08001d44   Section        0  time.o(.text.Time2_Step1_Gpio_Config)
    [Anonymous Symbol]                       0x08001d78   Section        0  time.o(.text.Time5_Step2_Gpio_Config)
    [Anonymous Symbol]                       0x08001dac   Section        0  time.o(.text.Time6_Step3_Gpio_Config)
    [Anonymous Symbol]                       0x08001de0   Section        0  time.o(.text.Time7_Step11And12_Gpio_Config)
    [Anonymous Symbol]                       0x08001e4c   Section        0  time.o(.text.Time8_Step5_Gpio_Config)
    [Anonymous Symbol]                       0x08001e84   Section        0  time.o(.text.Time9_Step6_Gpio_Config)
    [Anonymous Symbol]                       0x08001ebc   Section        0  time.o(.text.Timer0_PWM2_Config)
    [Anonymous Symbol]                       0x08001fec   Section        0  time.o(.text.Timer0_gpio_config)
    [Anonymous Symbol]                       0x080020a4   Section        0  time.o(.text.Timer10_Step7_Config)
    [Anonymous Symbol]                       0x08002110   Section        0  time.o(.text.Timer11_Step8_Config)
    [Anonymous Symbol]                       0x0800217c   Section        0  time.o(.text.Timer12_Step9_Config)
    [Anonymous Symbol]                       0x080021e8   Section        0  time.o(.text.Timer13_Step10_Config)
    [Anonymous Symbol]                       0x08002254   Section        0  time.o(.text.Timer1_Step4_Config)
    [Anonymous Symbol]                       0x080022bc   Section        0  time.o(.text.Timer2_Step1_Config)
    [Anonymous Symbol]                       0x08002328   Section        0  time.o(.text.Timer3_PWM3_Config)
    [Anonymous Symbol]                       0x08002450   Section        0  time.o(.text.Timer3_gpio_config)
    [Anonymous Symbol]                       0x08002504   Section        0  time.o(.text.Timer4_PWM1_Config)
    [Anonymous Symbol]                       0x0800262c   Section        0  time.o(.text.Timer4_gpio_config)
    [Anonymous Symbol]                       0x080026d4   Section        0  time.o(.text.Timer5_Step2_Config)
    [Anonymous Symbol]                       0x08002740   Section        0  time.o(.text.Timer6_Step3_Config)
    [Anonymous Symbol]                       0x080027ac   Section        0  time.o(.text.Timer7_Step11And12_config)
    [Anonymous Symbol]                       0x0800289c   Section        0  time.o(.text.Timer8_Step5_Config)
    [Anonymous Symbol]                       0x08002908   Section        0  time.o(.text.Timer9_Step6_Config)
    [Anonymous Symbol]                       0x08002974   Section        0  gd32f4xx_it.o(.text.UsageFault_Handler)
    [Anonymous Symbol]                       0x08002978   Section        0  can.o(.text.can_config)
    [Anonymous Symbol]                       0x08002a58   Section        0  gd32f4xx_can.o(.text.can_deinit)
    [Anonymous Symbol]                       0x08002a98   Section        0  gd32f4xx_can.o(.text.can_error_get)
    [Anonymous Symbol]                       0x08002ab8   Section        0  gd32f4xx_can.o(.text.can_filter_init)
    [Anonymous Symbol]                       0x08002c08   Section        0  can.o(.text.can_gpio_config)
    [Anonymous Symbol]                       0x08002c78   Section        0  gd32f4xx_can.o(.text.can_init)
    [Anonymous Symbol]                       0x08002e38   Section        0  gd32f4xx_can.o(.text.can_interrupt_enable)
    [Anonymous Symbol]                       0x08002e4c   Section        0  gd32f4xx_can.o(.text.can_interrupt_flag_clear)
    [Anonymous Symbol]                       0x08002e68   Section        0  gd32f4xx_can.o(.text.can_interrupt_flag_get)
    [Anonymous Symbol]                       0x08002f14   Section        0  gd32f4xx_can.o(.text.can_message_receive)
    [Anonymous Symbol]                       0x08003068   Section        0  gd32f4xx_can.o(.text.can_receive_message_length_get)
    [Anonymous Symbol]                       0x080030b0   Section        0  gd32f4xx_can.o(.text.can_struct_para_init)
    [Anonymous Symbol]                       0x080031e8   Section        0  systick.o(.text.delay_1ms)
    [Anonymous Symbol]                       0x08003210   Section        0  systick.o(.text.delay_decrement)
    [Anonymous Symbol]                       0x08003230   Section        0  uart.o(.text.fputc)
    [Anonymous Symbol]                       0x08003264   Section        0  gd32f4xx_gpio.o(.text.gpio_af_set)
    [Anonymous Symbol]                       0x08003338   Section        0  gd32f4xx_gpio.o(.text.gpio_bit_toggle)
    [Anonymous Symbol]                       0x08003348   Section        0  gd32f4xx_gpio.o(.text.gpio_bit_write)
    [Anonymous Symbol]                       0x08003370   Section        0  gpio.o(.text.gpio_init)
    [Anonymous Symbol]                       0x08003390   Section        0  gd32f4xx_gpio.o(.text.gpio_input_bit_get)
    [Anonymous Symbol]                       0x080033bc   Section        0  gd32f4xx_gpio.o(.text.gpio_mode_set)
    [Anonymous Symbol]                       0x08003458   Section        0  gd32f4xx_gpio.o(.text.gpio_output_options_set)
    [Anonymous Symbol]                       0x080034ec   Section        0  gpio.o(.text.led_init)
    [Anonymous Symbol]                       0x08003520   Section        0  main.o(.text.main)
    [Anonymous Symbol]                       0x0800383c   Section        0  gd32f4xx_misc.o(.text.nvic_irq_enable)
    [Anonymous Symbol]                       0x08003968   Section        0  gd32f4xx_misc.o(.text.nvic_priority_group_set)
    [Anonymous Symbol]                       0x08003984   Section        0  gd32f4xx_rcu.o(.text.rcu_clock_freq_get)
    [Anonymous Symbol]                       0x08003ae8   Section        0  gd32f4xx_rcu.o(.text.rcu_periph_clock_enable)
    [Anonymous Symbol]                       0x08003b10   Section        0  gd32f4xx_rcu.o(.text.rcu_periph_reset_disable)
    [Anonymous Symbol]                       0x08003b38   Section        0  gd32f4xx_rcu.o(.text.rcu_periph_reset_enable)
    [Anonymous Symbol]                       0x08003b60   Section        0  gd32f4xx_rcu.o(.text.rcu_timer_clock_prescaler_config)
    [Anonymous Symbol]                       0x08003b98   Section        0  motorstep.o(.text.speed_decision)
    [Anonymous Symbol]                       0x08003d78   Section        0  motorstep.o(.text.stepper_move_T)
    system_clock_200m_8m_hxtal               0x0800418d   Thumb Code   184  system_gd32f4xx.o(.text.system_clock_200m_8m_hxtal)
    [Anonymous Symbol]                       0x0800418c   Section        0  system_gd32f4xx.o(.text.system_clock_200m_8m_hxtal)
    system_clock_config                      0x08004245   Thumb Code     8  system_gd32f4xx.o(.text.system_clock_config)
    [Anonymous Symbol]                       0x08004244   Section        0  system_gd32f4xx.o(.text.system_clock_config)
    [Anonymous Symbol]                       0x0800424c   Section        0  systick.o(.text.systick_config)
    [Anonymous Symbol]                       0x08004280   Section        0  gd32f4xx_timer.o(.text.timer_auto_reload_shadow_enable)
    [Anonymous Symbol]                       0x08004294   Section        0  gd32f4xx_timer.o(.text.timer_autoreload_value_config)
    [Anonymous Symbol]                       0x080042a4   Section        0  gd32f4xx_timer.o(.text.timer_channel_output_config)
    [Anonymous Symbol]                       0x0800456c   Section        0  gd32f4xx_timer.o(.text.timer_channel_output_mode_config)
    [Anonymous Symbol]                       0x080045f8   Section        0  gd32f4xx_timer.o(.text.timer_channel_output_pulse_value_config)
    [Anonymous Symbol]                       0x08004640   Section        0  gd32f4xx_timer.o(.text.timer_channel_output_shadow_config)
    [Anonymous Symbol]                       0x080046cc   Section        0  gd32f4xx_timer.o(.text.timer_counter_read)
    [Anonymous Symbol]                       0x080046e0   Section        0  gd32f4xx_timer.o(.text.timer_deinit)
    [Anonymous Symbol]                       0x080048c8   Section        0  gd32f4xx_timer.o(.text.timer_enable)
    [Anonymous Symbol]                       0x080048dc   Section        0  gd32f4xx_timer.o(.text.timer_init)
    [Anonymous Symbol]                       0x080049dc   Section        0  gd32f4xx_timer.o(.text.timer_internal_clock_config)
    [Anonymous Symbol]                       0x080049f0   Section        0  gd32f4xx_timer.o(.text.timer_interrupt_disable)
    [Anonymous Symbol]                       0x08004a04   Section        0  gd32f4xx_timer.o(.text.timer_interrupt_enable)
    [Anonymous Symbol]                       0x08004a18   Section        0  gd32f4xx_timer.o(.text.timer_interrupt_flag_clear)
    [Anonymous Symbol]                       0x08004a2c   Section        0  gd32f4xx_timer.o(.text.timer_interrupt_flag_get)
    [Anonymous Symbol]                       0x08004a68   Section        0  gd32f4xx_timer.o(.text.timer_primary_output_config)
    [Anonymous Symbol]                       0x08004a98   Section        0  uart.o(.text.uart1_int)
    [Anonymous Symbol]                       0x08004b64   Section        0  gd32f4xx_usart.o(.text.usart_baudrate_set)
    [Anonymous Symbol]                       0x08004cbc   Section        0  gd32f4xx_usart.o(.text.usart_data_first_config)
    [Anonymous Symbol]                       0x08004cec   Section        0  gd32f4xx_usart.o(.text.usart_data_transmit)
    [Anonymous Symbol]                       0x08004d04   Section        0  gd32f4xx_usart.o(.text.usart_deinit)
    [Anonymous Symbol]                       0x08004e24   Section        0  gd32f4xx_usart.o(.text.usart_enable)
    [Anonymous Symbol]                       0x08004e38   Section        0  gd32f4xx_usart.o(.text.usart_flag_get)
    [Anonymous Symbol]                       0x08004e74   Section        0  gd32f4xx_usart.o(.text.usart_oversample_config)
    [Anonymous Symbol]                       0x08004e94   Section        0  gd32f4xx_usart.o(.text.usart_parity_config)
    [Anonymous Symbol]                       0x08004eb4   Section        0  gd32f4xx_usart.o(.text.usart_receive_config)
    [Anonymous Symbol]                       0x08004ee0   Section        0  gd32f4xx_usart.o(.text.usart_stop_bit_set)
    [Anonymous Symbol]                       0x08004f00   Section        0  gd32f4xx_usart.o(.text.usart_transmit_config)
    [Anonymous Symbol]                       0x08004f2c   Section        0  gd32f4xx_usart.o(.text.usart_word_length_set)
    i.__0printf                              0x08004f4c   Section        0  printfa.o(i.__0printf)
    i.__hardfp_sqrt                          0x08004f6c   Section        0  sqrt.o(i.__hardfp_sqrt)
    i.__scatterload_copy                     0x08004fe6   Section       14  handlers.o(i.__scatterload_copy)
    i.__scatterload_null                     0x08004ff4   Section        2  handlers.o(i.__scatterload_null)
    i.__scatterload_zeroinit                 0x08004ff6   Section       14  handlers.o(i.__scatterload_zeroinit)
    i.__set_errno                            0x08005004   Section        0  errno.o(i.__set_errno)
    _fp_digits                               0x08005011   Thumb Code   366  printfa.o(i._fp_digits)
    i._fp_digits                             0x08005010   Section        0  printfa.o(i._fp_digits)
    _printf_core                             0x08005195   Thumb Code  1744  printfa.o(i._printf_core)
    i._printf_core                           0x08005194   Section        0  printfa.o(i._printf_core)
    _printf_post_padding                     0x08005871   Thumb Code    36  printfa.o(i._printf_post_padding)
    i._printf_post_padding                   0x08005870   Section        0  printfa.o(i._printf_post_padding)
    _printf_pre_padding                      0x08005895   Thumb Code    46  printfa.o(i._printf_pre_padding)
    i._printf_pre_padding                    0x08005894   Section        0  printfa.o(i._printf_pre_padding)
    .L__const.Motor_Dir_Set.Pin              0x080058c4   Data          52  motoroperation.o(.rodata..L__const.Motor_Dir_Set.Pin)
    .L__const.Motor_Dir_Set.prot             0x080058f8   Data          52  motoroperation.o(.rodata..L__const.Motor_Dir_Set.prot)
    .L__const.Motor_Star_Set.MtSt_S          0x0800592c   Data          52  motoroperation.o(.rodata..L__const.Motor_Star_Set.MtSt_S)
    .L__const.Motor_Star_Set.handle          0x08005960   Data          52  motoroperation.o(.rodata..L__const.Motor_Star_Set.handle)
    .L__const.Motor_Star_Set.source          0x08005994   Data          52  motoroperation.o(.rodata..L__const.Motor_Star_Set.source)
    .L__const.Motor_Stop_Set.MtSt_P          0x080059c8   Data          52  motoroperation.o(.rodata..L__const.Motor_Stop_Set.MtSt_P)
    .L__const.Motor_Stop_Set.handle          0x080059fc   Data          52  motoroperation.o(.rodata..L__const.Motor_Stop_Set.handle)
    .L__const.Motor_Stop_Set.source          0x08005a30   Data          52  motoroperation.o(.rodata..L__const.Motor_Stop_Set.source)
    .L__const.stepper_move_T.MtPr            0x08005a64   Data          52  motorstep.o(.rodata..L__const.stepper_move_T.MtPr)
    .L__const.Motor_Current_Set.Time         0x08005a98   Data          16  motoroperation.o(.rodata.cst16)
    .L__const.Motor_Current_Set.CHNum        0x08005aa8   Data           8  motoroperation.o(.rodata.cst8)
    .L.str.9                                 0x08005ab0   Data          18  main.o(.rodata.str1.1)
    [Anonymous Symbol]                       0x08005ab0   Section        0  main.o(.rodata.str1.1)
    .L.str.10                                0x08005ac2   Data          18  main.o(.rodata.str1.1)
    .L.str                                   0x08005ad4   Data          17  main.o(.rodata.str1.1)
    .L.str.11                                0x08005ae5   Data          18  main.o(.rodata.str1.1)
    .L.str.1                                 0x08005af7   Data          17  main.o(.rodata.str1.1)
    .L.str.2                                 0x08005b08   Data          17  main.o(.rodata.str1.1)
    .L.str.3                                 0x08005b19   Data          17  main.o(.rodata.str1.1)
    .L.str.4                                 0x08005b2a   Data          17  main.o(.rodata.str1.1)
    .L.str.5                                 0x08005b3b   Data          17  main.o(.rodata.str1.1)
    .L.str.6                                 0x08005b4c   Data          17  main.o(.rodata.str1.1)
    .L.str.7                                 0x08005b5d   Data          17  main.o(.rodata.str1.1)
    .L.str.8                                 0x08005b6e   Data          17  main.o(.rodata.str1.1)
    .data                                    0x20000000   Section        4  stdout.o(.data)
    _errno                                   0x20000004   Data           4  errno.o(.data)
    .data                                    0x20000004   Section        4  errno.o(.data)
    delay                                    0x200009d8   Data           4  systick.o(.bss.delay)
    [Anonymous Symbol]                       0x200009d8   Section        0  systick.o(.bss.delay)
    STACK                                    0x200009e0   Section     1024  startup_gd32f407_427.o(STACK)

    Global Symbols

    Symbol Name                              Value     Ov Type        Size  Object(Section)

    BuildAttributes$$THM_ISAv4$E$P$D$K$B$S$7EM$VFPi3$EXTD16$VFPS$VFMA$PE$A:L22UL41UL21$X:L11$S22US41US21$IEEE1$IW$~IW$USESV6$~STKCKD$USESV7$~SHL$OTIME$ROPI$IEEEJ$EBA8$MICROLIB$REQ8$PRES8$EABIv2 0x00000000   Number         0  anon$$obj.o ABSOLUTE
    __cpp_initialize__aeabi_                  - Undefined Weak Reference
    __cxa_finalize                            - Undefined Weak Reference
    __decompress                              - Undefined Weak Reference
    _clock_init                               - Undefined Weak Reference
    _microlib_exit                            - Undefined Weak Reference
    __Vectors_Size                           0x00000188   Number         0  startup_gd32f407_427.o ABSOLUTE
    __Vectors                                0x08000000   Data           4  startup_gd32f407_427.o(RESET)
    __Vectors_End                            0x08000188   Data           0  startup_gd32f407_427.o(RESET)
    __main                                   0x08000189   Thumb Code     0  entry.o(.ARM.Collect$$$$00000000)
    _main_stk                                0x08000189   Thumb Code     0  entry2.o(.ARM.Collect$$$$00000001)
    _main_scatterload                        0x0800018d   Thumb Code     0  entry5.o(.ARM.Collect$$$$00000004)
    __main_after_scatterload                 0x08000191   Thumb Code     0  entry5.o(.ARM.Collect$$$$00000004)
    _main_clock                              0x08000191   Thumb Code     0  entry7b.o(.ARM.Collect$$$$00000008)
    _main_cpp_init                           0x08000191   Thumb Code     0  entry8b.o(.ARM.Collect$$$$0000000A)
    _main_init                               0x08000191   Thumb Code     0  entry9a.o(.ARM.Collect$$$$0000000B)
    __rt_final_cpp                           0x08000199   Thumb Code     0  entry10a.o(.ARM.Collect$$$$0000000D)
    __rt_final_exit                          0x08000199   Thumb Code     0  entry11a.o(.ARM.Collect$$$$0000000F)
    Reset_Handler                            0x0800019d   Thumb Code     8  startup_gd32f407_427.o(.text)
    ADC_IRQHandler                           0x080001b7   Thumb Code     0  startup_gd32f407_427.o(.text)
    CAN0_EWMC_IRQHandler                     0x080001b7   Thumb Code     0  startup_gd32f407_427.o(.text)
    CAN0_RX1_IRQHandler                      0x080001b7   Thumb Code     0  startup_gd32f407_427.o(.text)
    CAN0_TX_IRQHandler                       0x080001b7   Thumb Code     0  startup_gd32f407_427.o(.text)
    CAN1_EWMC_IRQHandler                     0x080001b7   Thumb Code     0  startup_gd32f407_427.o(.text)
    CAN1_RX0_IRQHandler                      0x080001b7   Thumb Code     0  startup_gd32f407_427.o(.text)
    CAN1_RX1_IRQHandler                      0x080001b7   Thumb Code     0  startup_gd32f407_427.o(.text)
    CAN1_TX_IRQHandler                       0x080001b7   Thumb Code     0  startup_gd32f407_427.o(.text)
    DCI_IRQHandler                           0x080001b7   Thumb Code     0  startup_gd32f407_427.o(.text)
    DMA0_Channel0_IRQHandler                 0x080001b7   Thumb Code     0  startup_gd32f407_427.o(.text)
    DMA0_Channel1_IRQHandler                 0x080001b7   Thumb Code     0  startup_gd32f407_427.o(.text)
    DMA0_Channel2_IRQHandler                 0x080001b7   Thumb Code     0  startup_gd32f407_427.o(.text)
    DMA0_Channel3_IRQHandler                 0x080001b7   Thumb Code     0  startup_gd32f407_427.o(.text)
    DMA0_Channel4_IRQHandler                 0x080001b7   Thumb Code     0  startup_gd32f407_427.o(.text)
    DMA0_Channel5_IRQHandler                 0x080001b7   Thumb Code     0  startup_gd32f407_427.o(.text)
    DMA0_Channel6_IRQHandler                 0x080001b7   Thumb Code     0  startup_gd32f407_427.o(.text)
    DMA0_Channel7_IRQHandler                 0x080001b7   Thumb Code     0  startup_gd32f407_427.o(.text)
    DMA1_Channel0_IRQHandler                 0x080001b7   Thumb Code     0  startup_gd32f407_427.o(.text)
    DMA1_Channel1_IRQHandler                 0x080001b7   Thumb Code     0  startup_gd32f407_427.o(.text)
    DMA1_Channel2_IRQHandler                 0x080001b7   Thumb Code     0  startup_gd32f407_427.o(.text)
    DMA1_Channel3_IRQHandler                 0x080001b7   Thumb Code     0  startup_gd32f407_427.o(.text)
    DMA1_Channel4_IRQHandler                 0x080001b7   Thumb Code     0  startup_gd32f407_427.o(.text)
    DMA1_Channel5_IRQHandler                 0x080001b7   Thumb Code     0  startup_gd32f407_427.o(.text)
    DMA1_Channel6_IRQHandler                 0x080001b7   Thumb Code     0  startup_gd32f407_427.o(.text)
    DMA1_Channel7_IRQHandler                 0x080001b7   Thumb Code     0  startup_gd32f407_427.o(.text)
    ENET_IRQHandler                          0x080001b7   Thumb Code     0  startup_gd32f407_427.o(.text)
    ENET_WKUP_IRQHandler                     0x080001b7   Thumb Code     0  startup_gd32f407_427.o(.text)
    EXMC_IRQHandler                          0x080001b7   Thumb Code     0  startup_gd32f407_427.o(.text)
    EXTI0_IRQHandler                         0x080001b7   Thumb Code     0  startup_gd32f407_427.o(.text)
    EXTI10_15_IRQHandler                     0x080001b7   Thumb Code     0  startup_gd32f407_427.o(.text)
    EXTI1_IRQHandler                         0x080001b7   Thumb Code     0  startup_gd32f407_427.o(.text)
    EXTI2_IRQHandler                         0x080001b7   Thumb Code     0  startup_gd32f407_427.o(.text)
    EXTI3_IRQHandler                         0x080001b7   Thumb Code     0  startup_gd32f407_427.o(.text)
    EXTI4_IRQHandler                         0x080001b7   Thumb Code     0  startup_gd32f407_427.o(.text)
    EXTI5_9_IRQHandler                       0x080001b7   Thumb Code     0  startup_gd32f407_427.o(.text)
    FMC_IRQHandler                           0x080001b7   Thumb Code     0  startup_gd32f407_427.o(.text)
    FPU_IRQHandler                           0x080001b7   Thumb Code     0  startup_gd32f407_427.o(.text)
    I2C0_ER_IRQHandler                       0x080001b7   Thumb Code     0  startup_gd32f407_427.o(.text)
    I2C0_EV_IRQHandler                       0x080001b7   Thumb Code     0  startup_gd32f407_427.o(.text)
    I2C1_ER_IRQHandler                       0x080001b7   Thumb Code     0  startup_gd32f407_427.o(.text)
    I2C1_EV_IRQHandler                       0x080001b7   Thumb Code     0  startup_gd32f407_427.o(.text)
    I2C2_ER_IRQHandler                       0x080001b7   Thumb Code     0  startup_gd32f407_427.o(.text)
    I2C2_EV_IRQHandler                       0x080001b7   Thumb Code     0  startup_gd32f407_427.o(.text)
    LVD_IRQHandler                           0x080001b7   Thumb Code     0  startup_gd32f407_427.o(.text)
    RCU_CTC_IRQHandler                       0x080001b7   Thumb Code     0  startup_gd32f407_427.o(.text)
    RTC_Alarm_IRQHandler                     0x080001b7   Thumb Code     0  startup_gd32f407_427.o(.text)
    RTC_WKUP_IRQHandler                      0x080001b7   Thumb Code     0  startup_gd32f407_427.o(.text)
    SDIO_IRQHandler                          0x080001b7   Thumb Code     0  startup_gd32f407_427.o(.text)
    SPI0_IRQHandler                          0x080001b7   Thumb Code     0  startup_gd32f407_427.o(.text)
    SPI1_IRQHandler                          0x080001b7   Thumb Code     0  startup_gd32f407_427.o(.text)
    SPI2_IRQHandler                          0x080001b7   Thumb Code     0  startup_gd32f407_427.o(.text)
    TAMPER_STAMP_IRQHandler                  0x080001b7   Thumb Code     0  startup_gd32f407_427.o(.text)
    TIMER0_Channel_IRQHandler                0x080001b7   Thumb Code     0  startup_gd32f407_427.o(.text)
    TIMER3_IRQHandler                        0x080001b7   Thumb Code     0  startup_gd32f407_427.o(.text)
    TIMER4_IRQHandler                        0x080001b7   Thumb Code     0  startup_gd32f407_427.o(.text)
    TRNG_IRQHandler                          0x080001b7   Thumb Code     0  startup_gd32f407_427.o(.text)
    UART3_IRQHandler                         0x080001b7   Thumb Code     0  startup_gd32f407_427.o(.text)
    UART4_IRQHandler                         0x080001b7   Thumb Code     0  startup_gd32f407_427.o(.text)
    USART0_IRQHandler                        0x080001b7   Thumb Code     0  startup_gd32f407_427.o(.text)
    USART1_IRQHandler                        0x080001b7   Thumb Code     0  startup_gd32f407_427.o(.text)
    USART2_IRQHandler                        0x080001b7   Thumb Code     0  startup_gd32f407_427.o(.text)
    USART5_IRQHandler                        0x080001b7   Thumb Code     0  startup_gd32f407_427.o(.text)
    USBFS_IRQHandler                         0x080001b7   Thumb Code     0  startup_gd32f407_427.o(.text)
    USBFS_WKUP_IRQHandler                    0x080001b7   Thumb Code     0  startup_gd32f407_427.o(.text)
    USBHS_EP1_In_IRQHandler                  0x080001b7   Thumb Code     0  startup_gd32f407_427.o(.text)
    USBHS_EP1_Out_IRQHandler                 0x080001b7   Thumb Code     0  startup_gd32f407_427.o(.text)
    USBHS_IRQHandler                         0x080001b7   Thumb Code     0  startup_gd32f407_427.o(.text)
    USBHS_WKUP_IRQHandler                    0x080001b7   Thumb Code     0  startup_gd32f407_427.o(.text)
    WWDGT_IRQHandler                         0x080001b7   Thumb Code     0  startup_gd32f407_427.o(.text)
    __aeabi_dmul                             0x080001c1   Thumb Code   228  dmul.o(.text)
    __aeabi_ddiv                             0x080002a5   Thumb Code   222  ddiv.o(.text)
    __aeabi_ui2d                             0x08000383   Thumb Code    26  dfltui.o(.text)
    __aeabi_d2iz                             0x0800039d   Thumb Code    62  dfixi.o(.text)
    __aeabi_d2uiz                            0x080003db   Thumb Code    50  dfixui.o(.text)
    __aeabi_f2d                              0x0800040d   Thumb Code    38  f2d.o(.text)
    __aeabi_uidiv                            0x08000433   Thumb Code     0  uidiv.o(.text)
    __aeabi_uidivmod                         0x08000433   Thumb Code    44  uidiv.o(.text)
    __aeabi_uldivmod                         0x0800045f   Thumb Code    98  uldiv.o(.text)
    __aeabi_llsr                             0x080004c1   Thumb Code    32  llushr.o(.text)
    _ll_ushift_r                             0x080004c1   Thumb Code     0  llushr.o(.text)
    __I$use$fp                               0x080004e1   Thumb Code     0  iusefp.o(.text)
    _double_round                            0x080004e1   Thumb Code    30  depilogue.o(.text)
    _double_epilogue                         0x080004ff   Thumb Code   156  depilogue.o(.text)
    __aeabi_dadd                             0x0800059b   Thumb Code   322  dadd.o(.text)
    __aeabi_dsub                             0x080006dd   Thumb Code     6  dadd.o(.text)
    __aeabi_drsub                            0x080006e3   Thumb Code     6  dadd.o(.text)
    _dsqrt                                   0x080006e9   Thumb Code   162  dsqrt.o(.text)
    __aeabi_d2ulz                            0x0800078b   Thumb Code    48  dfixul.o(.text)
    __aeabi_cdrcmple                         0x080007bd   Thumb Code    48  cdrcmple.o(.text)
    __scatterload                            0x080007ed   Thumb Code    28  init.o(.text)
    __scatterload_rt2                        0x080007ed   Thumb Code     0  init.o(.text)
    __aeabi_llsl                             0x08000811   Thumb Code    30  llshl.o(.text)
    _ll_shift_l                              0x08000811   Thumb Code     0  llshl.o(.text)
    __aeabi_lasr                             0x0800082f   Thumb Code    36  llsshr.o(.text)
    _ll_sshift_r                             0x0800082f   Thumb Code     0  llsshr.o(.text)
    BusFault_Handler                         0x08000855   Thumb Code     4  gd32f4xx_it.o(.text.BusFault_Handler)
    CAN0_RX0_IRQHandler                      0x08000859   Thumb Code    92  gd32f4xx_it.o(.text.CAN0_RX0_IRQHandler)
    Can0_Init                                0x080008b5   Thumb Code    12  can.o(.text.Can0_Init)
    DebugMon_Handler                         0x080008c1   Thumb Code     2  gd32f4xx_it.o(.text.DebugMon_Handler)
    DipSwitch_4bitInit                       0x080008c5   Thumb Code    82  gpio.o(.text.DipSwitch_4bitInit)
    EnQueue                                  0x08000919   Thumb Code   116  queue.o(.text.EnQueue)
    GetDipSwitch_4bit                        0x0800098d   Thumb Code   112  gpio.o(.text.GetDipSwitch_4bit)
    HardFault_Handler                        0x080009fd   Thumb Code     4  gd32f4xx_it.o(.text.HardFault_Handler)
    InitQueue                                0x08000a01   Thumb Code    34  queue.o(.text.InitQueue)
    MemManage_Handler                        0x08000a25   Thumb Code     4  gd32f4xx_it.o(.text.MemManage_Handler)
    MotorDir_12bitInit                       0x08000a29   Thumb Code   386  gpio.o(.text.MotorDir_12bitInit)
    Motor_Current_Set                        0x08000bad   Thumb Code   232  motoroperation.o(.text.Motor_Current_Set)
    Motor_Dir_Set                            0x08000c95   Thumb Code   284  motoroperation.o(.text.Motor_Dir_Set)
    Motor_Enbl_Set                           0x08000db1   Thumb Code   162  motoroperation.o(.text.Motor_Enbl_Set)
    Motor_Fault_Init                         0x08000e55   Thumb Code   100  gpio.o(.text.Motor_Fault_Init)
    Motor_Microstep_Init                     0x08000eb9   Thumb Code   190  gpio.o(.text.Motor_Microstep_Init)
    Motor_Microstep_Set                      0x08000f79   Thumb Code   278  motoroperation.o(.text.Motor_Microstep_Set)
    Motor_Nenbl_Init                         0x08001091   Thumb Code   162  gpio.o(.text.Motor_Nenbl_Init)
    Motor_Star_Set                           0x08001135   Thumb Code   522  motoroperation.o(.text.Motor_Star_Set)
    Motor_Stop_Set                           0x08001341   Thumb Code   486  motoroperation.o(.text.Motor_Stop_Set)
    NMI_Handler                              0x08001529   Thumb Code     2  gd32f4xx_it.o(.text.NMI_Handler)
    PendSV_Handler                           0x08001571   Thumb Code     2  gd32f4xx_it.o(.text.PendSV_Handler)
    QueueFull                                0x08001575   Thumb Code    34  queue.o(.text.QueueFull)
    SVC_Handler                              0x08001599   Thumb Code     2  gd32f4xx_it.o(.text.SVC_Handler)
    Sensor_12bitInit                         0x0800159d   Thumb Code   204  gpio.o(.text.Sensor_12bitInit)
    SysTick_Handler                          0x080016bd   Thumb Code    36  gd32f4xx_it.o(.text.SysTick_Handler)
    SystemInit                               0x080016e1   Thumb Code   174  system_gd32f4xx.o(.text.SystemInit)
    System_Led                               0x08001791   Thumb Code    60  gpio.o(.text.System_Led)
    TIM10_Interrupt_Mt7                      0x080017cd   Thumb Code    58  motorstep.o(.text.TIM10_Interrupt_Mt7)
    TIM11_Interrupt_Mt8                      0x08001809   Thumb Code    58  motorstep.o(.text.TIM11_Interrupt_Mt8)
    TIM12_Interrupt_Mt9                      0x08001845   Thumb Code    56  motorstep.o(.text.TIM12_Interrupt_Mt9)
    TIM13_Interrupt_Mt10                     0x0800187d   Thumb Code    56  motorstep.o(.text.TIM13_Interrupt_Mt10)
    TIM1_Interrupt_Mt4                       0x080018b5   Thumb Code    54  motorstep.o(.text.TIM1_Interrupt_Mt4)
    TIM2_Interrupt_Mt1                       0x080018ed   Thumb Code    58  motorstep.o(.text.TIM2_Interrupt_Mt1)
    TIM5_Interrupt_Mt2                       0x08001929   Thumb Code    58  motorstep.o(.text.TIM5_Interrupt_Mt2)
    TIM6_Interrupt_Mt3                       0x08001965   Thumb Code    56  motorstep.o(.text.TIM6_Interrupt_Mt3)
    TIM7_Interrupt_Mt11_Mt12                 0x0800199d   Thumb Code   178  motorstep.o(.text.TIM7_Interrupt_Mt11_Mt12)
    TIM8_Interrupt_Mt5                       0x08001a51   Thumb Code    58  motorstep.o(.text.TIM8_Interrupt_Mt5)
    TIM9_Interrupt_Mt6                       0x08001a8d   Thumb Code    58  motorstep.o(.text.TIM9_Interrupt_Mt6)
    TIMER0_BRK_TIMER8_IRQHandler             0x08001ac9   Thumb Code    22  gd32f4xx_it.o(.text.TIMER0_BRK_TIMER8_IRQHandler)
    TIMER0_TRG_CMT_TIMER10_IRQHandler        0x08001ae1   Thumb Code    22  gd32f4xx_it.o(.text.TIMER0_TRG_CMT_TIMER10_IRQHandler)
    TIMER0_UP_TIMER9_IRQHandler              0x08001af9   Thumb Code    22  gd32f4xx_it.o(.text.TIMER0_UP_TIMER9_IRQHandler)
    TIMER1_IRQHandler                        0x08001b11   Thumb Code    18  gd32f4xx_it.o(.text.TIMER1_IRQHandler)
    TIMER2_IRQHandler                        0x08001b25   Thumb Code    22  gd32f4xx_it.o(.text.TIMER2_IRQHandler)
    TIMER5_DAC_IRQHandler                    0x08001b3d   Thumb Code    22  gd32f4xx_it.o(.text.TIMER5_DAC_IRQHandler)
    TIMER6_IRQHandler                        0x08001b55   Thumb Code    22  gd32f4xx_it.o(.text.TIMER6_IRQHandler)
    TIMER7_BRK_TIMER11_IRQHandler            0x08001b6d   Thumb Code    22  gd32f4xx_it.o(.text.TIMER7_BRK_TIMER11_IRQHandler)
    TIMER7_Channel_IRQHandler                0x08001b85   Thumb Code    52  gd32f4xx_it.o(.text.TIMER7_Channel_IRQHandler)
    TIMER7_TRG_CMT_TIMER13_IRQHandler        0x08001bb9   Thumb Code    22  gd32f4xx_it.o(.text.TIMER7_TRG_CMT_TIMER13_IRQHandler)
    TIMER7_UP_TIMER12_IRQHandler             0x08001bd1   Thumb Code    22  gd32f4xx_it.o(.text.TIMER7_UP_TIMER12_IRQHandler)
    TestFunction                             0x08001be9   Thumb Code    76  motoroperation.o(.text.TestFunction)
    Time10_Step7_Gpio_Config                 0x08001c35   Thumb Code    54  time.o(.text.Time10_Step7_Gpio_Config)
    Time11_Step8_Gpio_Config                 0x08001c6d   Thumb Code    54  time.o(.text.Time11_Step8_Gpio_Config)
    Time12_Step9_Gpio_Config                 0x08001ca5   Thumb Code    52  time.o(.text.Time12_Step9_Gpio_Config)
    Time13_Step10_Gpio_Config                0x08001cd9   Thumb Code    52  time.o(.text.Time13_Step10_Gpio_Config)
    Time1_Step4_Gpio_Config                  0x08001d0d   Thumb Code    54  time.o(.text.Time1_Step4_Gpio_Config)
    Time2_Step1_Gpio_Config                  0x08001d45   Thumb Code    52  time.o(.text.Time2_Step1_Gpio_Config)
    Time5_Step2_Gpio_Config                  0x08001d79   Thumb Code    52  time.o(.text.Time5_Step2_Gpio_Config)
    Time6_Step3_Gpio_Config                  0x08001dad   Thumb Code    52  time.o(.text.Time6_Step3_Gpio_Config)
    Time7_Step11And12_Gpio_Config            0x08001de1   Thumb Code   108  time.o(.text.Time7_Step11And12_Gpio_Config)
    Time8_Step5_Gpio_Config                  0x08001e4d   Thumb Code    54  time.o(.text.Time8_Step5_Gpio_Config)
    Time9_Step6_Gpio_Config                  0x08001e85   Thumb Code    54  time.o(.text.Time9_Step6_Gpio_Config)
    Timer0_PWM2_Config                       0x08001ebd   Thumb Code   302  time.o(.text.Timer0_PWM2_Config)
    Timer0_gpio_config                       0x08001fed   Thumb Code   182  time.o(.text.Timer0_gpio_config)
    Timer10_Step7_Config                     0x080020a5   Thumb Code   108  time.o(.text.Timer10_Step7_Config)
    Timer11_Step8_Config                     0x08002111   Thumb Code   108  time.o(.text.Timer11_Step8_Config)
    Timer12_Step9_Config                     0x0800217d   Thumb Code   108  time.o(.text.Timer12_Step9_Config)
    Timer13_Step10_Config                    0x080021e9   Thumb Code   108  time.o(.text.Timer13_Step10_Config)
    Timer1_Step4_Config                      0x08002255   Thumb Code   104  time.o(.text.Timer1_Step4_Config)
    Timer2_Step1_Config                      0x080022bd   Thumb Code   108  time.o(.text.Timer2_Step1_Config)
    Timer3_PWM3_Config                       0x08002329   Thumb Code   296  time.o(.text.Timer3_PWM3_Config)
    Timer3_gpio_config                       0x08002451   Thumb Code   180  time.o(.text.Timer3_gpio_config)
    Timer4_PWM1_Config                       0x08002505   Thumb Code   296  time.o(.text.Timer4_PWM1_Config)
    Timer4_gpio_config                       0x0800262d   Thumb Code   168  time.o(.text.Timer4_gpio_config)
    Timer5_Step2_Config                      0x080026d5   Thumb Code   108  time.o(.text.Timer5_Step2_Config)
    Timer6_Step3_Config                      0x08002741   Thumb Code   108  time.o(.text.Timer6_Step3_Config)
    Timer7_Step11And12_config                0x080027ad   Thumb Code   240  time.o(.text.Timer7_Step11And12_config)
    Timer8_Step5_Config                      0x0800289d   Thumb Code   108  time.o(.text.Timer8_Step5_Config)
    Timer9_Step6_Config                      0x08002909   Thumb Code   108  time.o(.text.Timer9_Step6_Config)
    UsageFault_Handler                       0x08002975   Thumb Code     4  gd32f4xx_it.o(.text.UsageFault_Handler)
    can_config                               0x08002979   Thumb Code   222  can.o(.text.can_config)
    can_deinit                               0x08002a59   Thumb Code    62  gd32f4xx_can.o(.text.can_deinit)
    can_error_get                            0x08002a99   Thumb Code    30  gd32f4xx_can.o(.text.can_error_get)
    can_filter_init                          0x08002ab9   Thumb Code   336  gd32f4xx_can.o(.text.can_filter_init)
    can_gpio_config                          0x08002c09   Thumb Code   112  can.o(.text.can_gpio_config)
    can_init                                 0x08002c79   Thumb Code   446  gd32f4xx_can.o(.text.can_init)
    can_interrupt_enable                     0x08002e39   Thumb Code    20  gd32f4xx_can.o(.text.can_interrupt_enable)
    can_interrupt_flag_clear                 0x08002e4d   Thumb Code    26  gd32f4xx_can.o(.text.can_interrupt_flag_clear)
    can_interrupt_flag_get                   0x08002e69   Thumb Code   172  gd32f4xx_can.o(.text.can_interrupt_flag_get)
    can_message_receive                      0x08002f15   Thumb Code   340  gd32f4xx_can.o(.text.can_message_receive)
    can_receive_message_length_get           0x08003069   Thumb Code    72  gd32f4xx_can.o(.text.can_receive_message_length_get)
    can_struct_para_init                     0x080030b1   Thumb Code   310  gd32f4xx_can.o(.text.can_struct_para_init)
    delay_1ms                                0x080031e9   Thumb Code    38  systick.o(.text.delay_1ms)
    delay_decrement                          0x08003211   Thumb Code    32  systick.o(.text.delay_decrement)
    fputc                                    0x08003231   Thumb Code    52  uart.o(.text.fputc)
    gpio_af_set                              0x08003265   Thumb Code   212  gd32f4xx_gpio.o(.text.gpio_af_set)
    gpio_bit_toggle                          0x08003339   Thumb Code    16  gd32f4xx_gpio.o(.text.gpio_bit_toggle)
    gpio_bit_write                           0x08003349   Thumb Code    38  gd32f4xx_gpio.o(.text.gpio_bit_write)
    gpio_init                                0x08003371   Thumb Code    32  gpio.o(.text.gpio_init)
    gpio_input_bit_get                       0x08003391   Thumb Code    42  gd32f4xx_gpio.o(.text.gpio_input_bit_get)
    gpio_mode_set                            0x080033bd   Thumb Code   156  gd32f4xx_gpio.o(.text.gpio_mode_set)
    gpio_output_options_set                  0x08003459   Thumb Code   146  gd32f4xx_gpio.o(.text.gpio_output_options_set)
    led_init                                 0x080034ed   Thumb Code    52  gpio.o(.text.led_init)
    main                                     0x08003521   Thumb Code   796  main.o(.text.main)
    nvic_irq_enable                          0x0800383d   Thumb Code   298  gd32f4xx_misc.o(.text.nvic_irq_enable)
    nvic_priority_group_set                  0x08003969   Thumb Code    28  gd32f4xx_misc.o(.text.nvic_priority_group_set)
    rcu_clock_freq_get                       0x08003985   Thumb Code   354  gd32f4xx_rcu.o(.text.rcu_clock_freq_get)
    rcu_periph_clock_enable                  0x08003ae9   Thumb Code    40  gd32f4xx_rcu.o(.text.rcu_periph_clock_enable)
    rcu_periph_reset_disable                 0x08003b11   Thumb Code    40  gd32f4xx_rcu.o(.text.rcu_periph_reset_disable)
    rcu_periph_reset_enable                  0x08003b39   Thumb Code    40  gd32f4xx_rcu.o(.text.rcu_periph_reset_enable)
    rcu_timer_clock_prescaler_config         0x08003b61   Thumb Code    56  gd32f4xx_rcu.o(.text.rcu_timer_clock_prescaler_config)
    speed_decision                           0x08003b99   Thumb Code   474  motorstep.o(.text.speed_decision)
    stepper_move_T                           0x08003d79   Thumb Code  1044  motorstep.o(.text.stepper_move_T)
    systick_config                           0x0800424d   Thumb Code    50  systick.o(.text.systick_config)
    timer_auto_reload_shadow_enable          0x08004281   Thumb Code    18  gd32f4xx_timer.o(.text.timer_auto_reload_shadow_enable)
    timer_autoreload_value_config            0x08004295   Thumb Code    16  gd32f4xx_timer.o(.text.timer_autoreload_value_config)
    timer_channel_output_config              0x080042a5   Thumb Code   712  gd32f4xx_timer.o(.text.timer_channel_output_config)
    timer_channel_output_mode_config         0x0800456d   Thumb Code   140  gd32f4xx_timer.o(.text.timer_channel_output_mode_config)
    timer_channel_output_pulse_value_config  0x080045f9   Thumb Code    70  gd32f4xx_timer.o(.text.timer_channel_output_pulse_value_config)
    timer_channel_output_shadow_config       0x08004641   Thumb Code   140  gd32f4xx_timer.o(.text.timer_channel_output_shadow_config)
    timer_counter_read                       0x080046cd   Thumb Code    20  gd32f4xx_timer.o(.text.timer_counter_read)
    timer_deinit                             0x080046e1   Thumb Code   488  gd32f4xx_timer.o(.text.timer_deinit)
    timer_enable                             0x080048c9   Thumb Code    18  gd32f4xx_timer.o(.text.timer_enable)
    timer_init                               0x080048dd   Thumb Code   256  gd32f4xx_timer.o(.text.timer_init)
    timer_internal_clock_config              0x080049dd   Thumb Code    18  gd32f4xx_timer.o(.text.timer_internal_clock_config)
    timer_interrupt_disable                  0x080049f1   Thumb Code    20  gd32f4xx_timer.o(.text.timer_interrupt_disable)
    timer_interrupt_enable                   0x08004a05   Thumb Code    20  gd32f4xx_timer.o(.text.timer_interrupt_enable)
    timer_interrupt_flag_clear               0x08004a19   Thumb Code    18  gd32f4xx_timer.o(.text.timer_interrupt_flag_clear)
    timer_interrupt_flag_get                 0x08004a2d   Thumb Code    58  gd32f4xx_timer.o(.text.timer_interrupt_flag_get)
    timer_primary_output_config              0x08004a69   Thumb Code    46  gd32f4xx_timer.o(.text.timer_primary_output_config)
    uart1_int                                0x08004a99   Thumb Code   202  uart.o(.text.uart1_int)
    usart_baudrate_set                       0x08004b65   Thumb Code   344  gd32f4xx_usart.o(.text.usart_baudrate_set)
    usart_data_first_config                  0x08004cbd   Thumb Code    46  gd32f4xx_usart.o(.text.usart_data_first_config)
    usart_data_transmit                      0x08004ced   Thumb Code    24  gd32f4xx_usart.o(.text.usart_data_transmit)
    usart_deinit                             0x08004d05   Thumb Code   286  gd32f4xx_usart.o(.text.usart_deinit)
    usart_enable                             0x08004e25   Thumb Code    18  gd32f4xx_usart.o(.text.usart_enable)
    usart_flag_get                           0x08004e39   Thumb Code    58  gd32f4xx_usart.o(.text.usart_flag_get)
    usart_oversample_config                  0x08004e75   Thumb Code    30  gd32f4xx_usart.o(.text.usart_oversample_config)
    usart_parity_config                      0x08004e95   Thumb Code    30  gd32f4xx_usart.o(.text.usart_parity_config)
    usart_receive_config                     0x08004eb5   Thumb Code    42  gd32f4xx_usart.o(.text.usart_receive_config)
    usart_stop_bit_set                       0x08004ee1   Thumb Code    30  gd32f4xx_usart.o(.text.usart_stop_bit_set)
    usart_transmit_config                    0x08004f01   Thumb Code    42  gd32f4xx_usart.o(.text.usart_transmit_config)
    usart_word_length_set                    0x08004f2d   Thumb Code    30  gd32f4xx_usart.o(.text.usart_word_length_set)
    __0printf                                0x08004f4d   Thumb Code    22  printfa.o(i.__0printf)
    __1printf                                0x08004f4d   Thumb Code     0  printfa.o(i.__0printf)
    __2printf                                0x08004f4d   Thumb Code     0  printfa.o(i.__0printf)
    __c89printf                              0x08004f4d   Thumb Code     0  printfa.o(i.__0printf)
    printf                                   0x08004f4d   Thumb Code     0  printfa.o(i.__0printf)
    __hardfp_sqrt                            0x08004f6d   Thumb Code   122  sqrt.o(i.__hardfp_sqrt)
    __scatterload_copy                       0x08004fe7   Thumb Code    14  handlers.o(i.__scatterload_copy)
    __scatterload_null                       0x08004ff5   Thumb Code     2  handlers.o(i.__scatterload_null)
    __scatterload_zeroinit                   0x08004ff7   Thumb Code    14  handlers.o(i.__scatterload_zeroinit)
    __set_errno                              0x08005005   Thumb Code     6  errno.o(i.__set_errno)
    Region$$Table$$Base                      0x08005b80   Number         0  anon$$obj.o(Region$$Table)
    Region$$Table$$Limit                     0x08005ba0   Number         0  anon$$obj.o(Region$$Table)
    __stdout                                 0x20000000   Data           4  stdout.o(.data)
    SystemCoreClock                          0x20000008   Data           4  system_gd32f4xx.o(.data.SystemCoreClock)
    endm                                     0x2000000c   Data           1  main.o(.data.endm)
    startm                                   0x2000000d   Data           1  main.o(.data.startm)
    CAN1Buff                                 0x20000010   Data        2000  can.o(.bss.CAN1Buff)
    Can0sendtimeout                          0x200007e0   Data           2  can.o(.bss.Can0sendtimeout)
    Can1_revQueuebuff                        0x200007e4   Data          16  can.o(.bss.Can1_revQueuebuff)
    LedTimeCount                             0x200007f4   Data           4  gpio.o(.bss.LedTimeCount)
    MotorPr1                                 0x200007f8   Data          40  motorstep.o(.bss.MotorPr1)
    MotorPr10                                0x20000820   Data          40  motorstep.o(.bss.MotorPr10)
    MotorPr11                                0x20000848   Data          40  motorstep.o(.bss.MotorPr11)
    MotorPr12                                0x20000870   Data          40  motorstep.o(.bss.MotorPr12)
    MotorPr2                                 0x20000898   Data          40  motorstep.o(.bss.MotorPr2)
    MotorPr3                                 0x200008c0   Data          40  motorstep.o(.bss.MotorPr3)
    MotorPr4                                 0x200008e8   Data          40  motorstep.o(.bss.MotorPr4)
    MotorPr5                                 0x20000910   Data          40  motorstep.o(.bss.MotorPr5)
    MotorPr6                                 0x20000938   Data          40  motorstep.o(.bss.MotorPr6)
    MotorPr7                                 0x20000960   Data          40  motorstep.o(.bss.MotorPr7)
    MotorPr8                                 0x20000988   Data          40  motorstep.o(.bss.MotorPr8)
    MotorPr9                                 0x200009b0   Data          40  motorstep.o(.bss.MotorPr9)
    __initial_sp                             0x20000de0   Data           0  startup_gd32f407_427.o(STACK)



==============================================================================

Memory Map of the image

  Image Entry point : 0x08000189

  Load Region LR_IROM1 (Base: 0x08000000, Size: 0x00005bb0, Max: 0x00080000, ABSOLUTE)

    Execution Region ER_IROM1 (Exec base: 0x08000000, Load base: 0x08000000, Size: 0x00005ba0, Max: 0x00080000, ABSOLUTE)

    Exec Addr    Load Addr    Size         Type   Attr      Idx    E Section Name        Object

    0x08000000   0x08000000   0x00000188   Data   RO           87    RESET               startup_gd32f407_427.o
    0x08000188   0x08000188   0x00000000   Code   RO         1153  * .ARM.Collect$$$$00000000  mc_w.l(entry.o)
    0x08000188   0x08000188   0x00000004   Code   RO         1196    .ARM.Collect$$$$00000001  mc_w.l(entry2.o)
    0x0800018c   0x0800018c   0x00000004   Code   RO         1199    .ARM.Collect$$$$00000004  mc_w.l(entry5.o)
    0x08000190   0x08000190   0x00000000   Code   RO         1201    .ARM.Collect$$$$00000008  mc_w.l(entry7b.o)
    0x08000190   0x08000190   0x00000000   Code   RO         1203    .ARM.Collect$$$$0000000A  mc_w.l(entry8b.o)
    0x08000190   0x08000190   0x00000008   Code   RO         1204    .ARM.Collect$$$$0000000B  mc_w.l(entry9a.o)
    0x08000198   0x08000198   0x00000000   Code   RO         1206    .ARM.Collect$$$$0000000D  mc_w.l(entry10a.o)
    0x08000198   0x08000198   0x00000000   Code   RO         1208    .ARM.Collect$$$$0000000F  mc_w.l(entry11a.o)
    0x08000198   0x08000198   0x00000004   Code   RO         1197    .ARM.Collect$$$$00002712  mc_w.l(entry2.o)
    0x0800019c   0x0800019c   0x00000024   Code   RO           88    .text               startup_gd32f407_427.o
    0x080001c0   0x080001c0   0x000000e4   Code   RO         1184    .text               mf_w.l(dmul.o)
    0x080002a4   0x080002a4   0x000000de   Code   RO         1186    .text               mf_w.l(ddiv.o)
    0x08000382   0x08000382   0x0000001a   Code   RO         1188    .text               mf_w.l(dfltui.o)
    0x0800039c   0x0800039c   0x0000003e   Code   RO         1190    .text               mf_w.l(dfixi.o)
    0x080003da   0x080003da   0x00000032   Code   RO         1192    .text               mf_w.l(dfixui.o)
    0x0800040c   0x0800040c   0x00000026   Code   RO         1194    .text               mf_w.l(f2d.o)
    0x08000432   0x08000432   0x0000002c   Code   RO         1220    .text               mc_w.l(uidiv.o)
    0x0800045e   0x0800045e   0x00000062   Code   RO         1222    .text               mc_w.l(uldiv.o)
    0x080004c0   0x080004c0   0x00000020   Code   RO         1224    .text               mc_w.l(llushr.o)
    0x080004e0   0x080004e0   0x00000000   Code   RO         1233    .text               mc_w.l(iusefp.o)
    0x080004e0   0x080004e0   0x000000ba   Code   RO         1234    .text               mf_w.l(depilogue.o)
    0x0800059a   0x0800059a   0x0000014e   Code   RO         1236    .text               mf_w.l(dadd.o)
    0x080006e8   0x080006e8   0x000000a2   Code   RO         1238    .text               mf_w.l(dsqrt.o)
    0x0800078a   0x0800078a   0x00000030   Code   RO         1240    .text               mf_w.l(dfixul.o)
    0x080007ba   0x080007ba   0x00000002   PAD
    0x080007bc   0x080007bc   0x00000030   Code   RO         1242    .text               mf_w.l(cdrcmple.o)
    0x080007ec   0x080007ec   0x00000024   Code   RO         1244    .text               mc_w.l(init.o)
    0x08000810   0x08000810   0x0000001e   Code   RO         1246    .text               mc_w.l(llshl.o)
    0x0800082e   0x0800082e   0x00000024   Code   RO         1248    .text               mc_w.l(llsshr.o)
    0x08000852   0x08000852   0x00000002   PAD
    0x08000854   0x08000854   0x00000004   Code   RO           25    .text.BusFault_Handler  gd32f4xx_it.o
    0x08000858   0x08000858   0x0000005c   Code   RO           35    .text.CAN0_RX0_IRQHandler  gd32f4xx_it.o
    0x080008b4   0x080008b4   0x0000000c   Code   RO          255    .text.Can0_Init     can.o
    0x080008c0   0x080008c0   0x00000002   Code   RO           31    .text.DebugMon_Handler  gd32f4xx_it.o
    0x080008c2   0x080008c2   0x00000002   PAD
    0x080008c4   0x080008c4   0x00000052   Code   RO          222    .text.DipSwitch_4bitInit  gpio.o
    0x08000916   0x08000916   0x00000002   PAD
    0x08000918   0x08000918   0x00000074   Code   RO          115    .text.EnQueue       queue.o
    0x0800098c   0x0800098c   0x00000070   Code   RO          224    .text.GetDipSwitch_4bit  gpio.o
    0x080009fc   0x080009fc   0x00000004   Code   RO           21    .text.HardFault_Handler  gd32f4xx_it.o
    0x08000a00   0x08000a00   0x00000022   Code   RO          107    .text.InitQueue     queue.o
    0x08000a22   0x08000a22   0x00000002   PAD
    0x08000a24   0x08000a24   0x00000004   Code   RO           23    .text.MemManage_Handler  gd32f4xx_it.o
    0x08000a28   0x08000a28   0x00000182   Code   RO          214    .text.MotorDir_12bitInit  gpio.o
    0x08000baa   0x08000baa   0x00000002   PAD
    0x08000bac   0x08000bac   0x000000e8   Code   RO          138    .text.Motor_Current_Set  motoroperation.o
    0x08000c94   0x08000c94   0x0000011c   Code   RO          126    .text.Motor_Dir_Set  motoroperation.o
    0x08000db0   0x08000db0   0x000000a2   Code   RO          130    .text.Motor_Enbl_Set  motoroperation.o
    0x08000e52   0x08000e52   0x00000002   PAD
    0x08000e54   0x08000e54   0x00000064   Code   RO          218    .text.Motor_Fault_Init  gpio.o
    0x08000eb8   0x08000eb8   0x000000be   Code   RO          216    .text.Motor_Microstep_Init  gpio.o
    0x08000f76   0x08000f76   0x00000002   PAD
    0x08000f78   0x08000f78   0x00000116   Code   RO          132    .text.Motor_Microstep_Set  motoroperation.o
    0x0800108e   0x0800108e   0x00000002   PAD
    0x08001090   0x08001090   0x000000a2   Code   RO          220    .text.Motor_Nenbl_Init  gpio.o
    0x08001132   0x08001132   0x00000002   PAD
    0x08001134   0x08001134   0x0000020a   Code   RO          140    .text.Motor_Star_Set  motoroperation.o
    0x0800133e   0x0800133e   0x00000002   PAD
    0x08001340   0x08001340   0x000001e6   Code   RO          142    .text.Motor_Stop_Set  motoroperation.o
    0x08001526   0x08001526   0x00000002   PAD
    0x08001528   0x08001528   0x00000002   Code   RO           19    .text.NMI_Handler   gd32f4xx_it.o
    0x0800152a   0x0800152a   0x00000002   PAD
    0x0800152c   0x0800152c   0x00000044   Code   RO           72    .text.NVIC_SetPriority  systick.o
    0x08001570   0x08001570   0x00000002   Code   RO           33    .text.PendSV_Handler  gd32f4xx_it.o
    0x08001572   0x08001572   0x00000002   PAD
    0x08001574   0x08001574   0x00000022   Code   RO          109    .text.QueueFull     queue.o
    0x08001596   0x08001596   0x00000002   PAD
    0x08001598   0x08001598   0x00000002   Code   RO           29    .text.SVC_Handler   gd32f4xx_it.o
    0x0800159a   0x0800159a   0x00000002   PAD
    0x0800159c   0x0800159c   0x000000cc   Code   RO          212    .text.Sensor_12bitInit  gpio.o
    0x08001668   0x08001668   0x00000052   Code   RO           70    .text.SysTick_Config  systick.o
    0x080016ba   0x080016ba   0x00000002   PAD
    0x080016bc   0x080016bc   0x00000024   Code   RO           59    .text.SysTick_Handler  gd32f4xx_it.o
    0x080016e0   0x080016e0   0x000000ae   Code   RO            2    .text.SystemInit    system_gd32f4xx.o
    0x0800178e   0x0800178e   0x00000002   PAD
    0x08001790   0x08001790   0x0000003c   Code   RO          228    .text.System_Led    gpio.o
    0x080017cc   0x080017cc   0x0000003a   Code   RO          182    .text.TIM10_Interrupt_Mt7  motorstep.o
    0x08001806   0x08001806   0x00000002   PAD
    0x08001808   0x08001808   0x0000003a   Code   RO          184    .text.TIM11_Interrupt_Mt8  motorstep.o
    0x08001842   0x08001842   0x00000002   PAD
    0x08001844   0x08001844   0x00000038   Code   RO          186    .text.TIM12_Interrupt_Mt9  motorstep.o
    0x0800187c   0x0800187c   0x00000038   Code   RO          188    .text.TIM13_Interrupt_Mt10  motorstep.o
    0x080018b4   0x080018b4   0x00000036   Code   RO          176    .text.TIM1_Interrupt_Mt4  motorstep.o
    0x080018ea   0x080018ea   0x00000002   PAD
    0x080018ec   0x080018ec   0x0000003a   Code   RO          170    .text.TIM2_Interrupt_Mt1  motorstep.o
    0x08001926   0x08001926   0x00000002   PAD
    0x08001928   0x08001928   0x0000003a   Code   RO          172    .text.TIM5_Interrupt_Mt2  motorstep.o
    0x08001962   0x08001962   0x00000002   PAD
    0x08001964   0x08001964   0x00000038   Code   RO          174    .text.TIM6_Interrupt_Mt3  motorstep.o
    0x0800199c   0x0800199c   0x000000b2   Code   RO          190    .text.TIM7_Interrupt_Mt11_Mt12  motorstep.o
    0x08001a4e   0x08001a4e   0x00000002   PAD
    0x08001a50   0x08001a50   0x0000003a   Code   RO          178    .text.TIM8_Interrupt_Mt5  motorstep.o
    0x08001a8a   0x08001a8a   0x00000002   PAD
    0x08001a8c   0x08001a8c   0x0000003a   Code   RO          180    .text.TIM9_Interrupt_Mt6  motorstep.o
    0x08001ac6   0x08001ac6   0x00000002   PAD
    0x08001ac8   0x08001ac8   0x00000016   Code   RO           45    .text.TIMER0_BRK_TIMER8_IRQHandler  gd32f4xx_it.o
    0x08001ade   0x08001ade   0x00000002   PAD
    0x08001ae0   0x08001ae0   0x00000016   Code   RO           49    .text.TIMER0_TRG_CMT_TIMER10_IRQHandler  gd32f4xx_it.o
    0x08001af6   0x08001af6   0x00000002   PAD
    0x08001af8   0x08001af8   0x00000016   Code   RO           47    .text.TIMER0_UP_TIMER9_IRQHandler  gd32f4xx_it.o
    0x08001b0e   0x08001b0e   0x00000002   PAD
    0x08001b10   0x08001b10   0x00000012   Code   RO           43    .text.TIMER1_IRQHandler  gd32f4xx_it.o
    0x08001b22   0x08001b22   0x00000002   PAD
    0x08001b24   0x08001b24   0x00000016   Code   RO           37    .text.TIMER2_IRQHandler  gd32f4xx_it.o
    0x08001b3a   0x08001b3a   0x00000002   PAD
    0x08001b3c   0x08001b3c   0x00000016   Code   RO           39    .text.TIMER5_DAC_IRQHandler  gd32f4xx_it.o
    0x08001b52   0x08001b52   0x00000002   PAD
    0x08001b54   0x08001b54   0x00000016   Code   RO           41    .text.TIMER6_IRQHandler  gd32f4xx_it.o
    0x08001b6a   0x08001b6a   0x00000002   PAD
    0x08001b6c   0x08001b6c   0x00000016   Code   RO           51    .text.TIMER7_BRK_TIMER11_IRQHandler  gd32f4xx_it.o
    0x08001b82   0x08001b82   0x00000002   PAD
    0x08001b84   0x08001b84   0x00000034   Code   RO           57    .text.TIMER7_Channel_IRQHandler  gd32f4xx_it.o
    0x08001bb8   0x08001bb8   0x00000016   Code   RO           55    .text.TIMER7_TRG_CMT_TIMER13_IRQHandler  gd32f4xx_it.o
    0x08001bce   0x08001bce   0x00000002   PAD
    0x08001bd0   0x08001bd0   0x00000016   Code   RO           53    .text.TIMER7_UP_TIMER12_IRQHandler  gd32f4xx_it.o
    0x08001be6   0x08001be6   0x00000002   PAD
    0x08001be8   0x08001be8   0x0000004c   Code   RO          144    .text.TestFunction  motoroperation.o
    0x08001c34   0x08001c34   0x00000036   Code   RO          282    .text.Time10_Step7_Gpio_Config  time.o
    0x08001c6a   0x08001c6a   0x00000002   PAD
    0x08001c6c   0x08001c6c   0x00000036   Code   RO          284    .text.Time11_Step8_Gpio_Config  time.o
    0x08001ca2   0x08001ca2   0x00000002   PAD
    0x08001ca4   0x08001ca4   0x00000034   Code   RO          286    .text.Time12_Step9_Gpio_Config  time.o
    0x08001cd8   0x08001cd8   0x00000034   Code   RO          288    .text.Time13_Step10_Gpio_Config  time.o
    0x08001d0c   0x08001d0c   0x00000036   Code   RO          276    .text.Time1_Step4_Gpio_Config  time.o
    0x08001d42   0x08001d42   0x00000002   PAD
    0x08001d44   0x08001d44   0x00000034   Code   RO          270    .text.Time2_Step1_Gpio_Config  time.o
    0x08001d78   0x08001d78   0x00000034   Code   RO          272    .text.Time5_Step2_Gpio_Config  time.o
    0x08001dac   0x08001dac   0x00000034   Code   RO          274    .text.Time6_Step3_Gpio_Config  time.o
    0x08001de0   0x08001de0   0x0000006c   Code   RO          290    .text.Time7_Step11And12_Gpio_Config  time.o
    0x08001e4c   0x08001e4c   0x00000036   Code   RO          278    .text.Time8_Step5_Gpio_Config  time.o
    0x08001e82   0x08001e82   0x00000002   PAD
    0x08001e84   0x08001e84   0x00000036   Code   RO          280    .text.Time9_Step6_Gpio_Config  time.o
    0x08001eba   0x08001eba   0x00000002   PAD
    0x08001ebc   0x08001ebc   0x0000012e   Code   RO          322    .text.Timer0_PWM2_Config  time.o
    0x08001fea   0x08001fea   0x00000002   PAD
    0x08001fec   0x08001fec   0x000000b6   Code   RO          294    .text.Timer0_gpio_config  time.o
    0x080020a2   0x080020a2   0x00000002   PAD
    0x080020a4   0x080020a4   0x0000006c   Code   RO          310    .text.Timer10_Step7_Config  time.o
    0x08002110   0x08002110   0x0000006c   Code   RO          312    .text.Timer11_Step8_Config  time.o
    0x0800217c   0x0800217c   0x0000006c   Code   RO          314    .text.Timer12_Step9_Config  time.o
    0x080021e8   0x080021e8   0x0000006c   Code   RO          316    .text.Timer13_Step10_Config  time.o
    0x08002254   0x08002254   0x00000068   Code   RO          304    .text.Timer1_Step4_Config  time.o
    0x080022bc   0x080022bc   0x0000006c   Code   RO          298    .text.Timer2_Step1_Config  time.o
    0x08002328   0x08002328   0x00000128   Code   RO          324    .text.Timer3_PWM3_Config  time.o
    0x08002450   0x08002450   0x000000b4   Code   RO          296    .text.Timer3_gpio_config  time.o
    0x08002504   0x08002504   0x00000128   Code   RO          320    .text.Timer4_PWM1_Config  time.o
    0x0800262c   0x0800262c   0x000000a8   Code   RO          292    .text.Timer4_gpio_config  time.o
    0x080026d4   0x080026d4   0x0000006c   Code   RO          300    .text.Timer5_Step2_Config  time.o
    0x08002740   0x08002740   0x0000006c   Code   RO          302    .text.Timer6_Step3_Config  time.o
    0x080027ac   0x080027ac   0x000000f0   Code   RO          318    .text.Timer7_Step11And12_config  time.o
    0x0800289c   0x0800289c   0x0000006c   Code   RO          306    .text.Timer8_Step5_Config  time.o
    0x08002908   0x08002908   0x0000006c   Code   RO          308    .text.Timer9_Step6_Config  time.o
    0x08002974   0x08002974   0x00000004   Code   RO           27    .text.UsageFault_Handler  gd32f4xx_it.o
    0x08002978   0x08002978   0x000000de   Code   RO          251    .text.can_config    can.o
    0x08002a56   0x08002a56   0x00000002   PAD
    0x08002a58   0x08002a58   0x0000003e   Code   RO          893    .text.can_deinit    gd32f4xx_can.o
    0x08002a96   0x08002a96   0x00000002   PAD
    0x08002a98   0x08002a98   0x0000001e   Code   RO          927    .text.can_error_get  gd32f4xx_can.o
    0x08002ab6   0x08002ab6   0x00000002   PAD
    0x08002ab8   0x08002ab8   0x00000150   Code   RO          899    .text.can_filter_init  gd32f4xx_can.o
    0x08002c08   0x08002c08   0x00000070   Code   RO          253    .text.can_gpio_config  can.o
    0x08002c78   0x08002c78   0x000001be   Code   RO          897    .text.can_init      gd32f4xx_can.o
    0x08002e36   0x08002e36   0x00000002   PAD
    0x08002e38   0x08002e38   0x00000014   Code   RO          937    .text.can_interrupt_enable  gd32f4xx_can.o
    0x08002e4c   0x08002e4c   0x0000001a   Code   RO          943    .text.can_interrupt_flag_clear  gd32f4xx_can.o
    0x08002e66   0x08002e66   0x00000002   PAD
    0x08002e68   0x08002e68   0x000000ac   Code   RO          941    .text.can_interrupt_flag_get  gd32f4xx_can.o
    0x08002f14   0x08002f14   0x00000154   Code   RO          917    .text.can_message_receive  gd32f4xx_can.o
    0x08003068   0x08003068   0x00000048   Code   RO          921    .text.can_receive_message_length_get  gd32f4xx_can.o
    0x080030b0   0x080030b0   0x00000136   Code   RO          895    .text.can_struct_para_init  gd32f4xx_can.o
    0x080031e6   0x080031e6   0x00000002   PAD
    0x080031e8   0x080031e8   0x00000026   Code   RO           74    .text.delay_1ms     systick.o
    0x0800320e   0x0800320e   0x00000002   PAD
    0x08003210   0x08003210   0x00000020   Code   RO           76    .text.delay_decrement  systick.o
    0x08003230   0x08003230   0x00000034   Code   RO          242    .text.fputc         uart.o
    0x08003264   0x08003264   0x000000d4   Code   RO          467    .text.gpio_af_set   gd32f4xx_gpio.o
    0x08003338   0x08003338   0x00000010   Code   RO          471    .text.gpio_bit_toggle  gd32f4xx_gpio.o
    0x08003348   0x08003348   0x00000026   Code   RO          455    .text.gpio_bit_write  gd32f4xx_gpio.o
    0x0800336e   0x0800336e   0x00000002   PAD
    0x08003370   0x08003370   0x00000020   Code   RO          230    .text.gpio_init     gpio.o
    0x08003390   0x08003390   0x0000002a   Code   RO          459    .text.gpio_input_bit_get  gd32f4xx_gpio.o
    0x080033ba   0x080033ba   0x00000002   PAD
    0x080033bc   0x080033bc   0x0000009c   Code   RO          447    .text.gpio_mode_set  gd32f4xx_gpio.o
    0x08003458   0x08003458   0x00000092   Code   RO          449    .text.gpio_output_options_set  gd32f4xx_gpio.o
    0x080034ea   0x080034ea   0x00000002   PAD
    0x080034ec   0x080034ec   0x00000034   Code   RO          226    .text.led_init      gpio.o
    0x08003520   0x08003520   0x0000031c   Code   RO           95    .text.main          main.o
    0x0800383c   0x0800383c   0x0000012a   Code   RO         1129    .text.nvic_irq_enable  gd32f4xx_misc.o
    0x08003966   0x08003966   0x00000002   PAD
    0x08003968   0x08003968   0x0000001c   Code   RO         1127    .text.nvic_priority_group_set  gd32f4xx_misc.o
    0x08003984   0x08003984   0x00000162   Code   RO         1106    .text.rcu_clock_freq_get  gd32f4xx_rcu.o
    0x08003ae6   0x08003ae6   0x00000002   PAD
    0x08003ae8   0x08003ae8   0x00000028   Code   RO         1028    .text.rcu_periph_clock_enable  gd32f4xx_rcu.o
    0x08003b10   0x08003b10   0x00000028   Code   RO         1038    .text.rcu_periph_reset_disable  gd32f4xx_rcu.o
    0x08003b38   0x08003b38   0x00000028   Code   RO         1036    .text.rcu_periph_reset_enable  gd32f4xx_rcu.o
    0x08003b60   0x08003b60   0x00000038   Code   RO         1074    .text.rcu_timer_clock_prescaler_config  gd32f4xx_rcu.o
    0x08003b98   0x08003b98   0x000001da   Code   RO          168    .text.speed_decision  motorstep.o
    0x08003d72   0x08003d72   0x00000006   PAD
    0x08003d78   0x08003d78   0x00000414   Code   RO          166    .text.stepper_move_T  motorstep.o
    0x0800418c   0x0800418c   0x000000b8   Code   RO            8    .text.system_clock_200m_8m_hxtal  system_gd32f4xx.o
    0x08004244   0x08004244   0x00000008   Code   RO            4    .text.system_clock_config  system_gd32f4xx.o
    0x0800424c   0x0800424c   0x00000032   Code   RO           68    .text.systick_config  systick.o
    0x0800427e   0x0800427e   0x00000002   PAD
    0x08004280   0x08004280   0x00000012   Code   RO          591    .text.timer_auto_reload_shadow_enable  gd32f4xx_timer.o
    0x08004292   0x08004292   0x00000002   PAD
    0x08004294   0x08004294   0x00000010   Code   RO          609    .text.timer_autoreload_value_config  gd32f4xx_timer.o
    0x080042a4   0x080042a4   0x000002c8   Code   RO          651    .text.timer_channel_output_config  gd32f4xx_timer.o
    0x0800456c   0x0800456c   0x0000008c   Code   RO          653    .text.timer_channel_output_mode_config  gd32f4xx_timer.o
    0x080045f8   0x080045f8   0x00000046   Code   RO          655    .text.timer_channel_output_pulse_value_config  gd32f4xx_timer.o
    0x0800463e   0x0800463e   0x00000002   PAD
    0x08004640   0x08004640   0x0000008c   Code   RO          657    .text.timer_channel_output_shadow_config  gd32f4xx_timer.o
    0x080046cc   0x080046cc   0x00000014   Code   RO          613    .text.timer_counter_read  gd32f4xx_timer.o
    0x080046e0   0x080046e0   0x000001e8   Code   RO          581    .text.timer_deinit  gd32f4xx_timer.o
    0x080048c8   0x080048c8   0x00000012   Code   RO          587    .text.timer_enable  gd32f4xx_timer.o
    0x080048da   0x080048da   0x00000002   PAD
    0x080048dc   0x080048dc   0x00000100   Code   RO          585    .text.timer_init    gd32f4xx_timer.o
    0x080049dc   0x080049dc   0x00000012   Code   RO          695    .text.timer_internal_clock_config  gd32f4xx_timer.o
    0x080049ee   0x080049ee   0x00000002   PAD
    0x080049f0   0x080049f0   0x00000014   Code   RO          719    .text.timer_interrupt_disable  gd32f4xx_timer.o
    0x08004a04   0x08004a04   0x00000014   Code   RO          717    .text.timer_interrupt_enable  gd32f4xx_timer.o
    0x08004a18   0x08004a18   0x00000012   Code   RO          723    .text.timer_interrupt_flag_clear  gd32f4xx_timer.o
    0x08004a2a   0x08004a2a   0x00000002   PAD
    0x08004a2c   0x08004a2c   0x0000003a   Code   RO          721    .text.timer_interrupt_flag_get  gd32f4xx_timer.o
    0x08004a66   0x08004a66   0x00000002   PAD
    0x08004a68   0x08004a68   0x0000002e   Code   RO          643    .text.timer_primary_output_config  gd32f4xx_timer.o
    0x08004a96   0x08004a96   0x00000002   PAD
    0x08004a98   0x08004a98   0x000000ca   Code   RO          240    .text.uart1_int     uart.o
    0x08004b62   0x08004b62   0x00000002   PAD
    0x08004b64   0x08004b64   0x00000158   Code   RO          734    .text.usart_baudrate_set  gd32f4xx_usart.o
    0x08004cbc   0x08004cbc   0x0000002e   Code   RO          750    .text.usart_data_first_config  gd32f4xx_usart.o
    0x08004cea   0x08004cea   0x00000002   PAD
    0x08004cec   0x08004cec   0x00000018   Code   RO          764    .text.usart_data_transmit  gd32f4xx_usart.o
    0x08004d04   0x08004d04   0x0000011e   Code   RO          732    .text.usart_deinit  gd32f4xx_usart.o
    0x08004e22   0x08004e22   0x00000002   PAD
    0x08004e24   0x08004e24   0x00000012   Code   RO          742    .text.usart_enable  gd32f4xx_usart.o
    0x08004e36   0x08004e36   0x00000002   PAD
    0x08004e38   0x08004e38   0x0000003a   Code   RO          830    .text.usart_flag_get  gd32f4xx_usart.o
    0x08004e72   0x08004e72   0x00000002   PAD
    0x08004e74   0x08004e74   0x0000001e   Code   RO          754    .text.usart_oversample_config  gd32f4xx_usart.o
    0x08004e92   0x08004e92   0x00000002   PAD
    0x08004e94   0x08004e94   0x0000001e   Code   RO          736    .text.usart_parity_config  gd32f4xx_usart.o
    0x08004eb2   0x08004eb2   0x00000002   PAD
    0x08004eb4   0x08004eb4   0x0000002a   Code   RO          748    .text.usart_receive_config  gd32f4xx_usart.o
    0x08004ede   0x08004ede   0x00000002   PAD
    0x08004ee0   0x08004ee0   0x0000001e   Code   RO          740    .text.usart_stop_bit_set  gd32f4xx_usart.o
    0x08004efe   0x08004efe   0x00000002   PAD
    0x08004f00   0x08004f00   0x0000002a   Code   RO          746    .text.usart_transmit_config  gd32f4xx_usart.o
    0x08004f2a   0x08004f2a   0x00000002   PAD
    0x08004f2c   0x08004f2c   0x0000001e   Code   RO          738    .text.usart_word_length_set  gd32f4xx_usart.o
    0x08004f4a   0x08004f4a   0x00000002   PAD
    0x08004f4c   0x08004f4c   0x00000020   Code   RO         1157    i.__0printf         mc_w.l(printfa.o)
    0x08004f6c   0x08004f6c   0x0000007a   Code   RO         1147    i.__hardfp_sqrt     m_wm.l(sqrt.o)
    0x08004fe6   0x08004fe6   0x0000000e   Code   RO         1252    i.__scatterload_copy  mc_w.l(handlers.o)
    0x08004ff4   0x08004ff4   0x00000002   Code   RO         1253    i.__scatterload_null  mc_w.l(handlers.o)
    0x08004ff6   0x08004ff6   0x0000000e   Code   RO         1254    i.__scatterload_zeroinit  mc_w.l(handlers.o)
    0x08005004   0x08005004   0x0000000c   Code   RO         1228    i.__set_errno       mc_w.l(errno.o)
    0x08005010   0x08005010   0x00000184   Code   RO         1164    i._fp_digits        mc_w.l(printfa.o)
    0x08005194   0x08005194   0x000006dc   Code   RO         1165    i._printf_core      mc_w.l(printfa.o)
    0x08005870   0x08005870   0x00000024   Code   RO         1166    i._printf_post_padding  mc_w.l(printfa.o)
    0x08005894   0x08005894   0x0000002e   Code   RO         1167    i._printf_pre_padding  mc_w.l(printfa.o)
    0x080058c2   0x080058c2   0x00000002   PAD
    0x080058c4   0x080058c4   0x00000034   Data   RO          147    .rodata..L__const.Motor_Dir_Set.Pin  motoroperation.o
    0x080058f8   0x080058f8   0x00000034   Data   RO          146    .rodata..L__const.Motor_Dir_Set.prot  motoroperation.o
    0x0800592c   0x0800592c   0x00000034   Data   RO          155    .rodata..L__const.Motor_Star_Set.MtSt_S  motoroperation.o
    0x08005960   0x08005960   0x00000034   Data   RO          153    .rodata..L__const.Motor_Star_Set.handle  motoroperation.o
    0x08005994   0x08005994   0x00000034   Data   RO          154    .rodata..L__const.Motor_Star_Set.source  motoroperation.o
    0x080059c8   0x080059c8   0x00000034   Data   RO          158    .rodata..L__const.Motor_Stop_Set.MtSt_P  motoroperation.o
    0x080059fc   0x080059fc   0x00000034   Data   RO          156    .rodata..L__const.Motor_Stop_Set.handle  motoroperation.o
    0x08005a30   0x08005a30   0x00000034   Data   RO          157    .rodata..L__const.Motor_Stop_Set.source  motoroperation.o
    0x08005a64   0x08005a64   0x00000034   Data   RO          204    .rodata..L__const.stepper_move_T.MtPr  motorstep.o
    0x08005a98   0x08005a98   0x00000010   Data   RO          151    .rodata.cst16       motoroperation.o
    0x08005aa8   0x08005aa8   0x00000008   Data   RO          152    .rodata.cst8        motoroperation.o
    0x08005ab0   0x08005ab0   0x000000cf   Data   RO           99    .rodata.str1.1      main.o
    0x08005b7f   0x08005b7f   0x00000001   PAD
    0x08005b80   0x08005b80   0x00000020   Data   RO         1251    Region$$Table       anon$$obj.o


    Execution Region RW_IRAM1 (Exec base: 0x20000000, Load base: 0x08005ba0, Size: 0x00000de0, Max: 0x00030000, ABSOLUTE)

    Exec Addr    Load Addr    Size         Type   Attr      Idx    E Section Name        Object

    0x20000000   0x08005ba0   0x00000004   Data   RW         1210    .data               mc_w.l(stdout.o)
    0x20000004   0x08005ba4   0x00000004   Data   RW         1229    .data               mc_w.l(errno.o)
    0x20000008   0x08005ba8   0x00000004   Data   RW           10    .data.SystemCoreClock  system_gd32f4xx.o
    0x2000000c   0x08005bac   0x00000001   Data   RW           98    .data.endm          main.o
    0x2000000d   0x08005bad   0x00000001   Data   RW           97    .data.startm        main.o
    0x2000000e   0x08005bae   0x00000002   PAD
    0x20000010        -       0x000007d0   Zero   RW          260    .bss.CAN1Buff       can.o
    0x200007e0        -       0x00000002   Zero   RW          262    .bss.Can0sendtimeout  can.o
    0x200007e2   0x08005bae   0x00000002   PAD
    0x200007e4        -       0x00000010   Zero   RW          259    .bss.Can1_revQueuebuff  can.o
    0x200007f4        -       0x00000004   Zero   RW          232    .bss.LedTimeCount   gpio.o
    0x200007f8        -       0x00000028   Zero   RW          192    .bss.MotorPr1       motorstep.o
    0x20000820        -       0x00000028   Zero   RW          201    .bss.MotorPr10      motorstep.o
    0x20000848        -       0x00000028   Zero   RW          202    .bss.MotorPr11      motorstep.o
    0x20000870        -       0x00000028   Zero   RW          203    .bss.MotorPr12      motorstep.o
    0x20000898        -       0x00000028   Zero   RW          193    .bss.MotorPr2       motorstep.o
    0x200008c0        -       0x00000028   Zero   RW          194    .bss.MotorPr3       motorstep.o
    0x200008e8        -       0x00000028   Zero   RW          195    .bss.MotorPr4       motorstep.o
    0x20000910        -       0x00000028   Zero   RW          196    .bss.MotorPr5       motorstep.o
    0x20000938        -       0x00000028   Zero   RW          197    .bss.MotorPr6       motorstep.o
    0x20000960        -       0x00000028   Zero   RW          198    .bss.MotorPr7       motorstep.o
    0x20000988        -       0x00000028   Zero   RW          199    .bss.MotorPr8       motorstep.o
    0x200009b0        -       0x00000028   Zero   RW          200    .bss.MotorPr9       motorstep.o
    0x200009d8        -       0x00000004   Zero   RW           78    .bss.delay          systick.o
    0x200009dc   0x08005bae   0x00000004   PAD
    0x200009e0        -       0x00000400   Zero   RW           85    STACK               startup_gd32f407_427.o


==============================================================================

Image component sizes


      Code (inc. data)   RO Data    RW Data    ZI Data      Debug   Object Name

       346          0          0          0       2018       6281   can.o
      1814          4          0          0          0      11843   gd32f4xx_can.o
       610          0          0          0          0       4860   gd32f4xx_gpio.o
       420          0          0          0          0       3269   gd32f4xx_it.o
       326          0          0          0          0       3058   gd32f4xx_misc.o
       530          4          0          0          0      14925   gd32f4xx_rcu.o
      2058         20          0          0          0      17139   gd32f4xx_timer.o
       980          0          0          0          0      11780   gd32f4xx_usart.o
      1380          0          0          0          4       3050   gpio.o
       796          0        207          2          0        832   main.o
      2040          8        440          0          0       4232   motoroperation.o
      2266         40         52          0        480       4834   motorstep.o
       184          0          0          0          0       1854   queue.o
        36          8        392          0       1024        868   startup_gd32f407_427.o
       366          0          0          4          0       2516   system_gd32f4xx.o
       270          0          0          0          4       4314   systick.o
      3378          0          0          0          0       7807   time.o
       254          0          0          0          0       2715   uart.o

    ----------------------------------------------------------------------
     18204         84       1124          8       3536     106177   Object Totals
         0          0         32          0          0          0   (incl. Generated)
       150          0          1          2          6          0   (incl. Padding)

    ----------------------------------------------------------------------

      Code (inc. data)   RO Data    RW Data    ZI Data      Debug   Library Member Name

       122          0          0          0          0        148   sqrt.o
         0          0          0          0          0          0   entry.o
         0          0          0          0          0          0   entry10a.o
         0          0          0          0          0          0   entry11a.o
         8          4          0          0          0          0   entry2.o
         4          0          0          0          0          0   entry5.o
         0          0          0          0          0          0   entry7b.o
         0          0          0          0          0          0   entry8b.o
         8          4          0          0          0          0   entry9a.o
        12          6          0          4          0         68   errno.o
        30          0          0          0          0          0   handlers.o
        36          8          0          0          0         68   init.o
         0          0          0          0          0          0   iusefp.o
        30          0          0          0          0         68   llshl.o
        36          0          0          0          0         68   llsshr.o
        32          0          0          0          0         68   llushr.o
      2258         90          0          0          0        452   printfa.o
         0          0          0          4          0          0   stdout.o
        44          0          0          0          0         80   uidiv.o
        98          0          0          0          0         92   uldiv.o
        48          0          0          0          0         68   cdrcmple.o
       334          0          0          0          0        148   dadd.o
       222          0          0          0          0        100   ddiv.o
       186          0          0          0          0        176   depilogue.o
        62          0          0          0          0         80   dfixi.o
        50          0          0          0          0         76   dfixui.o
        48          0          0          0          0         68   dfixul.o
        26          0          0          0          0         76   dfltui.o
       228          0          0          0          0         96   dmul.o
       162          0          0          0          0        100   dsqrt.o
        38          0          0          0          0         68   f2d.o

    ----------------------------------------------------------------------
      4128        112          0          8          0       2168   Library Totals
         6          0          0          0          0          0   (incl. Padding)

    ----------------------------------------------------------------------

      Code (inc. data)   RO Data    RW Data    ZI Data      Debug   Library Name

       122          0          0          0          0        148   m_wm.l
      2596        112          0          8          0        964   mc_w.l
      1404          0          0          0          0       1056   mf_w.l

    ----------------------------------------------------------------------
      4128        112          0          8          0       2168   Library Totals

    ----------------------------------------------------------------------

==============================================================================


      Code (inc. data)   RO Data    RW Data    ZI Data      Debug   

     22332        196       1124         16       3536     107241   Grand Totals
     22332        196       1124         16       3536     107241   ELF Image Totals
     22332        196       1124         16          0          0   ROM Totals

==============================================================================

    Total RO  Size (Code + RO Data)                23456 (  22.91kB)
    Total RW  Size (RW Data + ZI Data)              3552 (   3.47kB)
    Total ROM Size (Code + RO Data + RW Data)      23472 (  22.92kB)

==============================================================================

