Component: ARM Compiler 6.16 Tool: armlink [5dfeaa00]

==============================================================================

Section Cross References

    system_gd32f4xx.o(.text.SystemInit) refers to system_gd32f4xx.o(.text.system_clock_config) for system_clock_config
    system_gd32f4xx.o(.ARM.exidx.text.SystemInit) refers to system_gd32f4xx.o(.text.SystemInit) for [Anonymous Symbol]
    system_gd32f4xx.o(.text.system_clock_config) refers to system_gd32f4xx.o(.text.system_clock_200m_8m_hxtal) for system_clock_200m_8m_hxtal
    system_gd32f4xx.o(.ARM.exidx.text.system_clock_config) refers to system_gd32f4xx.o(.text.system_clock_config) for [Anonymous Symbol]
    system_gd32f4xx.o(.text.SystemCoreClockUpdate) refers to system_gd32f4xx.o(.data.SystemCoreClock) for SystemCoreClock
    system_gd32f4xx.o(.ARM.exidx.text.SystemCoreClockUpdate) refers to system_gd32f4xx.o(.text.SystemCoreClockUpdate) for [Anonymous Symbol]
    system_gd32f4xx.o(.ARM.exidx.text.system_clock_200m_8m_hxtal) refers to system_gd32f4xx.o(.text.system_clock_200m_8m_hxtal) for [Anonymous Symbol]
    gd32f4xx_it.o(.ARM.exidx.text.NMI_Handler) refers to gd32f4xx_it.o(.text.NMI_Handler) for [Anonymous Symbol]
    gd32f4xx_it.o(.ARM.exidx.text.HardFault_Handler) refers to gd32f4xx_it.o(.text.HardFault_Handler) for [Anonymous Symbol]
    gd32f4xx_it.o(.ARM.exidx.text.MemManage_Handler) refers to gd32f4xx_it.o(.text.MemManage_Handler) for [Anonymous Symbol]
    gd32f4xx_it.o(.ARM.exidx.text.BusFault_Handler) refers to gd32f4xx_it.o(.text.BusFault_Handler) for [Anonymous Symbol]
    gd32f4xx_it.o(.ARM.exidx.text.UsageFault_Handler) refers to gd32f4xx_it.o(.text.UsageFault_Handler) for [Anonymous Symbol]
    gd32f4xx_it.o(.ARM.exidx.text.SVC_Handler) refers to gd32f4xx_it.o(.text.SVC_Handler) for [Anonymous Symbol]
    gd32f4xx_it.o(.ARM.exidx.text.DebugMon_Handler) refers to gd32f4xx_it.o(.text.DebugMon_Handler) for [Anonymous Symbol]
    gd32f4xx_it.o(.ARM.exidx.text.PendSV_Handler) refers to gd32f4xx_it.o(.text.PendSV_Handler) for [Anonymous Symbol]
    gd32f4xx_it.o(.text.CAN0_RX0_IRQHandler) refers to gd32f4xx_can.o(.text.can_interrupt_flag_get) for can_interrupt_flag_get
    gd32f4xx_it.o(.text.CAN0_RX0_IRQHandler) refers to gd32f4xx_can.o(.text.can_message_receive) for can_message_receive
    gd32f4xx_it.o(.text.CAN0_RX0_IRQHandler) refers to can.o(.bss.Can1_revQueuebuff) for Can1_revQueuebuff
    gd32f4xx_it.o(.text.CAN0_RX0_IRQHandler) refers to queue.o(.text.EnQueue) for EnQueue
    gd32f4xx_it.o(.text.CAN0_RX0_IRQHandler) refers to gd32f4xx_can.o(.text.can_interrupt_flag_clear) for can_interrupt_flag_clear
    gd32f4xx_it.o(.ARM.exidx.text.CAN0_RX0_IRQHandler) refers to gd32f4xx_it.o(.text.CAN0_RX0_IRQHandler) for [Anonymous Symbol]
    gd32f4xx_it.o(.text.TIMER2_IRQHandler) refers to gd32f4xx_timer.o(.text.timer_interrupt_flag_clear) for timer_interrupt_flag_clear
    gd32f4xx_it.o(.ARM.exidx.text.TIMER2_IRQHandler) refers to gd32f4xx_it.o(.text.TIMER2_IRQHandler) for [Anonymous Symbol]
    gd32f4xx_it.o(.text.TIMER5_DAC_IRQHandler) refers to gd32f4xx_gpio.o(.text.gpio_bit_toggle) for gpio_bit_toggle
    gd32f4xx_it.o(.text.TIMER5_DAC_IRQHandler) refers to gd32f4xx_timer.o(.text.timer_interrupt_flag_clear) for timer_interrupt_flag_clear
    gd32f4xx_it.o(.ARM.exidx.text.TIMER5_DAC_IRQHandler) refers to gd32f4xx_it.o(.text.TIMER5_DAC_IRQHandler) for [Anonymous Symbol]
    gd32f4xx_it.o(.text.TIMER6_IRQHandler) refers to gd32f4xx_gpio.o(.text.gpio_bit_toggle) for gpio_bit_toggle
    gd32f4xx_it.o(.text.TIMER6_IRQHandler) refers to gd32f4xx_timer.o(.text.timer_interrupt_flag_clear) for timer_interrupt_flag_clear
    gd32f4xx_it.o(.ARM.exidx.text.TIMER6_IRQHandler) refers to gd32f4xx_it.o(.text.TIMER6_IRQHandler) for [Anonymous Symbol]
    gd32f4xx_it.o(.text.TIMER1_IRQHandler) refers to gd32f4xx_timer.o(.text.timer_interrupt_flag_clear) for timer_interrupt_flag_clear
    gd32f4xx_it.o(.text.TIMER1_IRQHandler) refers to motorstep.o(.text.TIM1_Interrupt_Mt4) for TIM1_Interrupt_Mt4
    gd32f4xx_it.o(.ARM.exidx.text.TIMER1_IRQHandler) refers to gd32f4xx_it.o(.text.TIMER1_IRQHandler) for [Anonymous Symbol]
    gd32f4xx_it.o(.text.TIMER0_BRK_TIMER8_IRQHandler) refers to gd32f4xx_gpio.o(.text.gpio_bit_toggle) for gpio_bit_toggle
    gd32f4xx_it.o(.text.TIMER0_BRK_TIMER8_IRQHandler) refers to gd32f4xx_timer.o(.text.timer_interrupt_flag_clear) for timer_interrupt_flag_clear
    gd32f4xx_it.o(.ARM.exidx.text.TIMER0_BRK_TIMER8_IRQHandler) refers to gd32f4xx_it.o(.text.TIMER0_BRK_TIMER8_IRQHandler) for [Anonymous Symbol]
    gd32f4xx_it.o(.text.TIMER0_UP_TIMER9_IRQHandler) refers to gd32f4xx_gpio.o(.text.gpio_bit_toggle) for gpio_bit_toggle
    gd32f4xx_it.o(.text.TIMER0_UP_TIMER9_IRQHandler) refers to gd32f4xx_timer.o(.text.timer_interrupt_flag_clear) for timer_interrupt_flag_clear
    gd32f4xx_it.o(.ARM.exidx.text.TIMER0_UP_TIMER9_IRQHandler) refers to gd32f4xx_it.o(.text.TIMER0_UP_TIMER9_IRQHandler) for [Anonymous Symbol]
[...]
    Removing gd32f4xx_rcu.o(.ARM.exidx.text.rcu_spread_spectrum_disable), (8 bytes).
    Removing gd32f4xx_rcu.o(.text.rcu_hxtal_clock_monitor_enable), (18 bytes).
    Removing gd32f4xx_rcu.o(.ARM.exidx.text.rcu_hxtal_clock_monitor_enable), (8 bytes).
    Removing gd32f4xx_rcu.o(.text.rcu_hxtal_clock_monitor_disable), (18 bytes).
    Removing gd32f4xx_rcu.o(.ARM.exidx.text.rcu_hxtal_clock_monitor_disable), (8 bytes).
    Removing gd32f4xx_rcu.o(.text.rcu_voltage_key_unlock), (20 bytes).
    Removing gd32f4xx_rcu.o(.ARM.exidx.text.rcu_voltage_key_unlock), (8 bytes).
    Removing gd32f4xx_rcu.o(.text.rcu_deepsleep_voltage_set), (28 bytes).
    Removing gd32f4xx_rcu.o(.ARM.exidx.text.rcu_deepsleep_voltage_set), (8 bytes).
    Removing gd32f4xx_rcu.o(.ARM.exidx.text.rcu_clock_freq_get), (8 bytes).
    Removing gd32f4xx_rcu.o(.text.rcu_all_reset_flag_clear), (18 bytes).
    Removing gd32f4xx_rcu.o(.ARM.exidx.text.rcu_all_reset_flag_clear), (8 bytes).
    Removing gd32f4xx_rcu.o(.text.rcu_interrupt_flag_get), (62 bytes).
    Removing gd32f4xx_rcu.o(.ARM.exidx.text.rcu_interrupt_flag_get), (8 bytes).
    Removing gd32f4xx_rcu.o(.text.rcu_interrupt_flag_clear), (40 bytes).
    Removing gd32f4xx_rcu.o(.ARM.exidx.text.rcu_interrupt_flag_clear), (8 bytes).
    Removing gd32f4xx_rcu.o(.text.rcu_interrupt_enable), (40 bytes).
    Removing gd32f4xx_rcu.o(.ARM.exidx.text.rcu_interrupt_enable), (8 bytes).
    Removing gd32f4xx_rcu.o(.text.rcu_interrupt_disable), (40 bytes).
    Removing gd32f4xx_rcu.o(.ARM.exidx.text.rcu_interrupt_disable), (8 bytes).
    Removing gd32f4xx_rcu.o(.rodata.cst16), (16 bytes).
    Removing gd32f4xx_rcu.o(.rodata.cst8), (16 bytes).
    Removing gd32f4xx_misc.o(.text), (0 bytes).
    Removing gd32f4xx_misc.o(.ARM.exidx.text.nvic_priority_group_set), (8 bytes).
    Removing gd32f4xx_misc.o(.ARM.exidx.text.nvic_irq_enable), (8 bytes).
    Removing gd32f4xx_misc.o(.text.nvic_irq_disable), (40 bytes).
    Removing gd32f4xx_misc.o(.ARM.exidx.text.nvic_irq_disable), (8 bytes).
    Removing gd32f4xx_misc.o(.text.nvic_vector_table_set), (40 bytes).
    Removing gd32f4xx_misc.o(.ARM.exidx.text.nvic_vector_table_set), (8 bytes).
    Removing gd32f4xx_misc.o(.text.system_lowpower_set), (28 bytes).
    Removing gd32f4xx_misc.o(.ARM.exidx.text.system_lowpower_set), (8 bytes).
    Removing gd32f4xx_misc.o(.text.system_lowpower_reset), (28 bytes).
    Removing gd32f4xx_misc.o(.ARM.exidx.text.system_lowpower_reset), (8 bytes).
    Removing gd32f4xx_misc.o(.text.systick_clksource_set), (52 bytes).
    Removing gd32f4xx_misc.o(.ARM.exidx.text.systick_clksource_set), (8 bytes).

826 unused section(s) (total 24051 bytes) removed from the image.

==============================================================================

Image Symbol Table

    Local Symbols

    Symbol Name                              Value     Ov Type        Size  Object(Section)

    ../clib/division.s                       0x00000000   Number         0  aeabi_sdiv.o ABSOLUTE
    ../clib/microlib/division.c              0x00000000   Number         0  uidiv.o ABSOLUTE
    ../clib/microlib/division.c              0x00000000   Number         0  uldiv.o ABSOLUTE
    ../clib/microlib/errno.c                 0x00000000   Number         0  errno.o ABSOLUTE
    ../clib/microlib/init/entry.s            0x00000000   Number         0  entry.o ABSOLUTE
    ../clib/microlib/init/entry.s            0x00000000   Number         0  entry2.o ABSOLUTE
    ../clib/microlib/init/entry.s            0x00000000   Number         0  entry5.o ABSOLUTE
    ../clib/microlib/init/entry.s            0x00000000   Number         0  entry7a.o ABSOLUTE
    ../clib/microlib/init/entry.s            0x00000000   Number         0  entry7b.o ABSOLUTE
    ../clib/microlib/init/entry.s            0x00000000   Number         0  entry8a.o ABSOLUTE
    ../clib/microlib/init/entry.s            0x00000000   Number         0  entry8b.o ABSOLUTE
    ../clib/microlib/init/entry.s            0x00000000   Number         0  entry9a.o ABSOLUTE
    ../clib/microlib/init/entry.s            0x00000000   Number         0  entry9b.o ABSOLUTE
    ../clib/microlib/init/entry.s            0x00000000   Number         0  entry10a.o ABSOLUTE
    ../clib/microlib/init/entry.s            0x00000000   Number         0  entry10b.o ABSOLUTE
    ../clib/microlib/init/entry.s            0x00000000   Number         0  entry11a.o ABSOLUTE
    ../clib/microlib/init/entry.s            0x00000000   Number         0  entry11b.o ABSOLUTE
    ../clib/microlib/longlong.c              0x00000000   Number         0  llushr.o ABSOLUTE
    ../clib/microlib/longlong.c              0x00000000   Number         0  llshl.o ABSOLUTE
    ../clib/microlib/longlong.c              0x00000000   Number         0  llsshr.o ABSOLUTE
    ../clib/microlib/printf/printf.c         0x00000000   Number         0  printfa.o ABSOLUTE
    ../clib/microlib/stdio/streams.c         0x00000000   Number         0  stdout.o ABSOLUTE
    ../clib/microlib/stubs.s                 0x00000000   Number         0  iusefp.o ABSOLUTE
    ../fplib/microlib/f2d.c                  0x00000000   Number         0  f2d.o ABSOLUTE
    ../fplib/microlib/fpadd.c                0x00000000   Number         0  dadd.o ABSOLUTE
    ../fplib/microlib/fpdiv.c                0x00000000   Number         0  ddiv.o ABSOLUTE
    ../fplib/microlib/fpepilogue.c           0x00000000   Number         0  depilogue.o ABSOLUTE
    ../fplib/microlib/fpfix.c                0x00000000   Number         0  dfixi.o ABSOLUTE
    ../fplib/microlib/fpfix.c                0x00000000   Number         0  dfixui.o ABSOLUTE
    ../fplib/microlib/fpfix.c                0x00000000   Number         0  dfixul.o ABSOLUTE
    ../fplib/microlib/fpflt.c                0x00000000   Number         0  dfltui.o ABSOLUTE
    ../fplib/microlib/fpmul.c                0x00000000   Number         0  dmul.o ABSOLUTE
    ../fplib/microlib/fpsqrt.c               0x00000000   Number         0  dsqrt.o ABSOLUTE
    ../mathlib/sqrt.c                        0x00000000   Number         0  sqrt.o ABSOLUTE
    CMSIS/GD/GD32F4xx/Source/ARM/startup_gd32f407_427.s 0x00000000   Number         0  startup_gd32f407_427.o ABSOLUTE
    Gpio.c                                   0x00000000   Number         0  gpio.o ABSOLUTE
    MotorOperation.c                         0x00000000   Number         0  motoroperation.o ABSOLUTE
    MotorStep.c                              0x00000000   Number         0  motorstep.o ABSOLUTE
    can.c                                    0x00000000   Number         0  can.o ABSOLUTE
    cdrcmple.s                               0x00000000   Number         0  cdrcmple.o ABSOLUTE
    dc.s                                     0x00000000   Number         0  dc.o ABSOLUTE
    gd32f4xx_can.c                           0x00000000   Number         0  gd32f4xx_can.o ABSOLUTE
    gd32f4xx_crc.c                           0x00000000   Number         0  gd32f4xx_crc.o ABSOLUTE
    gd32f4xx_dbg.c                           0x00000000   Number         0  gd32f4xx_dbg.o ABSOLUTE
    gd32f4xx_dci.c                           0x00000000   Number         0  gd32f4xx_dci.o ABSOLUTE
    gd32f4xx_fwdgt.c                         0x00000000   Number         0  gd32f4xx_fwdgt.o ABSOLUTE
    gd32f4xx_gpio.c                          0x00000000   Number         0  gd32f4xx_gpio.o ABSOLUTE
    gd32f4xx_it.c                            0x00000000   Number         0  gd32f4xx_it.o ABSOLUTE
    gd32f4xx_misc.c                          0x00000000   Number         0  gd32f4xx_misc.o ABSOLUTE
    gd32f4xx_rcu.c                           0x00000000   Number         0  gd32f4xx_rcu.o ABSOLUTE
    gd32f4xx_rtc.c                           0x00000000   Number         0  gd32f4xx_rtc.o ABSOLUTE
    gd32f4xx_sdio.c                          0x00000000   Number         0  gd32f4xx_sdio.o ABSOLUTE
    gd32f4xx_timer.c                         0x00000000   Number         0  gd32f4xx_timer.o ABSOLUTE
    gd32f4xx_usart.c                         0x00000000   Number         0  gd32f4xx_usart.o ABSOLUTE
    gd32f4xx_wwdgt.c                         0x00000000   Number         0  gd32f4xx_wwdgt.o ABSOLUTE
    handlers.s                               0x00000000   Number         0  handlers.o ABSOLUTE
    init.s                                   0x00000000   Number         0  init.o ABSOLUTE
    main.c                                   0x00000000   Number         0  main.o ABSOLUTE
    queue.c                                  0x00000000   Number         0  queue.o ABSOLUTE
    system_gd32f4xx.c                        0x00000000   Number         0  system_gd32f4xx.o ABSOLUTE
    systick.c                                0x00000000   Number         0  systick.o ABSOLUTE
    time.c                                   0x00000000   Number         0  time.o ABSOLUTE
    uart.c                                   0x00000000   Number         0  uart.o ABSOLUTE
    RESET                                    0x08000000   Section      392  startup_gd32f407_427.o(RESET)
    .ARM.Collect$$$$00000000                 0x08000188   Section        0  entry.o(.ARM.Collect$$$$00000000)
    .ARM.Collect$$$$00000001                 0x08000188   Section        4  entry2.o(.ARM.Collect$$$$00000001)
    .ARM.Collect$$$$00000004                 0x0800018c   Section        4  entry5.o(.ARM.Collect$$$$00000004)
    .ARM.Collect$$$$00000008                 0x08000190   Section        0  entry7b.o(.ARM.Collect$$$$00000008)
    .ARM.Collect$$$$0000000A                 0x08000190   Section        0  entry8b.o(.ARM.Collect$$$$0000000A)
    .ARM.Collect$$$$0000000B                 0x08000190   Section        8  entry9a.o(.ARM.Collect$$$$0000000B)
    __lit__00000000                          0x08000198   Data           4  entry2.o(.ARM.Collect$$$$00002712)
    .ARM.Collect$$$$0000000D                 0x08000198   Section        0  entry10a.o(.ARM.Collect$$$$0000000D)
    .ARM.Collect$$$$0000000F                 0x08000198   Section        0  entry11a.o(.ARM.Collect$$$$0000000F)
    .ARM.Collect$$$$00002712                 0x08000198   Section        4  entry2.o(.ARM.Collect$$$$00002712)
    $v0                                      0x0800019c   Number         0  startup_gd32f407_427.o(.text)
    .text                                    0x0800019c   Section       36  startup_gd32f407_427.o(.text)
    .text                                    0x080001c0   Section        0  dmul.o(.text)
    .text                                    0x080002a4   Section        0  ddiv.o(.text)
    .text                                    0x08000382   Section        0  dfltui.o(.text)
    .text                                    0x0800039c   Section        0  dfixi.o(.text)
    .text                                    0x080003da   Section        0  dfixui.o(.text)
    .text                                    0x0800040c   Section        0  f2d.o(.text)
    .text                                    0x08000432   Section        0  uidiv.o(.text)
    .text                                    0x0800045e   Section        0  uldiv.o(.text)
    .text                                    0x080004c0   Section        0  llushr.o(.text)
    .text                                    0x080004e0   Section        0  iusefp.o(.text)
    .text                                    0x080004e0   Section        0  depilogue.o(.text)
    .text                                    0x0800059a   Section        0  dadd.o(.text)
    .text                                    0x080006e8   Section        0  dsqrt.o(.text)
    .text                                    0x0800078a   Section        0  dfixul.o(.text)
    .text                                    0x080007bc   Section       48  cdrcmple.o(.text)
    .text                                    0x080007ec   Section       36  init.o(.text)
    .text                                    0x08000810   Section        0  llshl.o(.text)
    .text                                    0x0800082e   Section        0  llsshr.o(.text)
    [Anonymous Symbol]                       0x08000854   Section        0  gd32f4xx_it.o(.text.BusFault_Handler)
    [Anonymous Symbol]                       0x08000858   Section        0  gd32f4xx_it.o(.text.CAN0_RX0_IRQHandler)
    [Anonymous Symbol]                       0x080008b4   Section        0  can.o(.text.Can0_Init)
    [Anonymous Symbol]                       0x080008c0   Section        0  gd32f4xx_it.o(.text.DebugMon_Handler)
    [Anonymous Symbol]                       0x080008c4   Section        0  gpio.o(.text.DipSwitch_4bitInit)
    [Anonymous Symbol]                       0x08000918   Section        0  queue.o(.text.EnQueue)
    [Anonymous Symbol]                       0x0800098c   Section        0  gpio.o(.text.GetDipSwitch_4bit)
    [Anonymous Symbol]                       0x080009fc   Section        0  gd32f4xx_it.o(.text.HardFault_Handler)
    [Anonymous Symbol]                       0x08000a00   Section        0  queue.o(.text.InitQueue)
    [Anonymous Symbol]                       0x08000a24   Section        0  gd32f4xx_it.o(.text.MemManage_Handler)
    [Anonymous Symbol]                       0x08000a28   Section        0  gpio.o(.text.MotorDir_12bitInit)
    [Anonymous Symbol]                       0x08000bac   Section        0  motoroperation.o(.text.Motor_Current_Set)
    [Anonymous Symbol]                       0x08000c94   Section        0  motoroperation.o(.text.Motor_Dir_Set)
    [Anonymous Symbol]                       0x08000db0   Section        0  motoroperation.o(.text.Motor_Enbl_Set)
    [Anonymous Symbol]                       0x08000e54   Section        0  gpio.o(.text.Motor_Fault_Init)
    [Anonymous Symbol]                       0x08000eb8   Section        0  gpio.o(.text.Motor_Microstep_Init)
    [Anonymous Symbol]                       0x08000f78   Section        0  motoroperation.o(.text.Motor_Microstep_Set)
    [Anonymous Symbol]                       0x08001090   Section        0  gpio.o(.text.Motor_Nenbl_Init)
    [Anonymous Symbol]                       0x08001134   Section        0  motoroperation.o(.text.Motor_Star_Set)
    [Anonymous Symbol]                       0x080012b8   Section        0  motoroperation.o(.text.Motor_Stop_Set)
    [Anonymous Symbol]                       0x08001444   Section        0  gd32f4xx_it.o(.text.NMI_Handler)
    NVIC_SetPriority                         0x08001449   Thumb Code    68  systick.o(.text.NVIC_SetPriority)
    [Anonymous Symbol]                       0x08001448   Section        0  systick.o(.text.NVIC_SetPriority)
    [Anonymous Symbol]                       0x0800148c   Section        0  gd32f4xx_it.o(.text.PendSV_Handler)
    [Anonymous Symbol]                       0x08001490   Section        0  queue.o(.text.QueueFull)
    [Anonymous Symbol]                       0x080014b4   Section        0  gd32f4xx_it.o(.text.SVC_Handler)
    [Anonymous Symbol]                       0x080014b8   Section        0  gpio.o(.text.Sensor_12bitInit)
    SysTick_Config                           0x08001585   Thumb Code    82  systick.o(.text.SysTick_Config)
    [Anonymous Symbol]                       0x08001584   Section        0  systick.o(.text.SysTick_Config)
    [Anonymous Symbol]                       0x080015d8   Section        0  gd32f4xx_it.o(.text.SysTick_Handler)
    [Anonymous Symbol]                       0x080015fc   Section        0  system_gd32f4xx.o(.text.SystemInit)
    [Anonymous Symbol]                       0x080016ac   Section        0  gpio.o(.text.System_Led)
    [Anonymous Symbol]                       0x080016e8   Section        0  motorstep.o(.text.TIM1_Interrupt_Mt4)
    [Anonymous Symbol]                       0x0800172c   Section        0  gd32f4xx_it.o(.text.TIMER0_BRK_TIMER8_IRQHandler)
    [Anonymous Symbol]                       0x08001750   Section        0  gd32f4xx_it.o(.text.TIMER0_TRG_CMT_TIMER10_IRQHandler)
    [Anonymous Symbol]                       0x08001774   Section        0  gd32f4xx_it.o(.text.TIMER0_UP_TIMER9_IRQHandler)
    [Anonymous Symbol]                       0x08001798   Section        0  gd32f4xx_it.o(.text.TIMER1_IRQHandler)
    [Anonymous Symbol]                       0x080017ac   Section        0  gd32f4xx_it.o(.text.TIMER2_IRQHandler)
    [Anonymous Symbol]                       0x080017c0   Section        0  gd32f4xx_it.o(.text.TIMER5_DAC_IRQHandler)
    [Anonymous Symbol]                       0x080017e0   Section        0  gd32f4xx_it.o(.text.TIMER6_IRQHandler)
    [Anonymous Symbol]                       0x08001800   Section        0  gd32f4xx_it.o(.text.TIMER7_BRK_TIMER11_IRQHandler)
    [Anonymous Symbol]                       0x08001824   Section        0  gd32f4xx_it.o(.text.TIMER7_Channel_IRQHandler)
    [Anonymous Symbol]                       0x080018b0   Section        0  gd32f4xx_it.o(.text.TIMER7_TRG_CMT_TIMER13_IRQHandler)
    [Anonymous Symbol]                       0x080018d0   Section        0  gd32f4xx_it.o(.text.TIMER7_UP_TIMER12_IRQHandler)
    [Anonymous Symbol]                       0x080018f0   Section        0  motoroperation.o(.text.TestFunction)
    [Anonymous Symbol]                       0x08001918   Section        0  time.o(.text.Time10_Step7_Gpio_Config)
    [Anonymous Symbol]                       0x08001950   Section        0  time.o(.text.Time11_Step8_Gpio_Config)
    [Anonymous Symbol]                       0x08001988   Section        0  time.o(.text.Time12_Step9_Gpio_Config)
    [Anonymous Symbol]                       0x080019bc   Section        0  time.o(.text.Time13_Step10_Gpio_Config)
    [Anonymous Symbol]                       0x080019f0   Section        0  time.o(.text.Time1_Step4_Gpio_Config)
    [Anonymous Symbol]                       0x08001a28   Section        0  time.o(.text.Time2_Step1_Gpio_Config)
    [Anonymous Symbol]                       0x08001a5c   Section        0  time.o(.text.Time5_Step2_Gpio_Config)
    [Anonymous Symbol]                       0x08001a90   Section        0  time.o(.text.Time6_Step3_Gpio_Config)
    [Anonymous Symbol]                       0x08001ac4   Section        0  time.o(.text.Time7_Step11And12_Gpio_Config)
    [Anonymous Symbol]                       0x08001b30   Section        0  time.o(.text.Time8_Step5_Gpio_Config)
    [Anonymous Symbol]                       0x08001b68   Section        0  time.o(.text.Time9_Step6_Gpio_Config)
    [Anonymous Symbol]                       0x08001ba0   Section        0  time.o(.text.Timer0_PWM2_Config)
    [Anonymous Symbol]                       0x08001cd0   Section        0  time.o(.text.Timer0_gpio_config)
    [Anonymous Symbol]                       0x08001d88   Section        0  time.o(.text.Timer10_Step7_Config)
    [Anonymous Symbol]                       0x08001df4   Section        0  time.o(.text.Timer11_Step8_Config)
    [Anonymous Symbol]                       0x08001e60   Section        0  time.o(.text.Timer12_Step9_Config)
    [Anonymous Symbol]                       0x08001ecc   Section        0  time.o(.text.Timer13_Step10_Config)
    [Anonymous Symbol]                       0x08001f38   Section        0  time.o(.text.Timer1_Step4_Config)
    [Anonymous Symbol]                       0x08001fa0   Section        0  time.o(.text.Timer2_Step1_Config)
    [Anonymous Symbol]                       0x0800200c   Section        0  time.o(.text.Timer3_PWM3_Config)
    [Anonymous Symbol]                       0x08002134   Section        0  time.o(.text.Timer3_gpio_config)
    [Anonymous Symbol]                       0x080021e8   Section        0  time.o(.text.Timer4_PWM1_Config)
    [Anonymous Symbol]                       0x08002310   Section        0  time.o(.text.Timer4_gpio_config)
    [Anonymous Symbol]                       0x080023b8   Section        0  time.o(.text.Timer5_Step2_Config)
    [Anonymous Symbol]                       0x08002424   Section        0  time.o(.text.Timer6_Step3_Config)
    [Anonymous Symbol]                       0x08002490   Section        0  time.o(.text.Timer7_Step11And12_config)
    [Anonymous Symbol]                       0x08002580   Section        0  time.o(.text.Timer8_Step5_Config)
    [Anonymous Symbol]                       0x080025ec   Section        0  time.o(.text.Timer9_Step6_Config)
    [Anonymous Symbol]                       0x08002658   Section        0  gd32f4xx_it.o(.text.UsageFault_Handler)
    [Anonymous Symbol]                       0x0800265c   Section        0  can.o(.text.can_config)
    [Anonymous Symbol]                       0x0800273c   Section        0  gd32f4xx_can.o(.text.can_deinit)
    [Anonymous Symbol]                       0x0800277c   Section        0  gd32f4xx_can.o(.text.can_error_get)
    [Anonymous Symbol]                       0x0800279c   Section        0  gd32f4xx_can.o(.text.can_filter_init)
    [Anonymous Symbol]                       0x080028ec   Section        0  can.o(.text.can_gpio_config)
    [Anonymous Symbol]                       0x0800295c   Section        0  gd32f4xx_can.o(.text.can_init)
    [Anonymous Symbol]                       0x08002b1c   Section        0  gd32f4xx_can.o(.text.can_interrupt_enable)
    [Anonymous Symbol]                       0x08002b30   Section        0  gd32f4xx_can.o(.text.can_interrupt_flag_clear)
    [Anonymous Symbol]                       0x08002b4c   Section        0  gd32f4xx_can.o(.text.can_interrupt_flag_get)
    [Anonymous Symbol]                       0x08002bf8   Section        0  gd32f4xx_can.o(.text.can_message_receive)
    [Anonymous Symbol]                       0x08002d4c   Section        0  gd32f4xx_can.o(.text.can_receive_message_length_get)
    [Anonymous Symbol]                       0x08002d94   Section        0  gd32f4xx_can.o(.text.can_struct_para_init)
    [Anonymous Symbol]                       0x08002ecc   Section        0  systick.o(.text.delay_1ms)
    [Anonymous Symbol]                       0x08002ef4   Section        0  systick.o(.text.delay_decrement)
    [Anonymous Symbol]                       0x08002f14   Section        0  uart.o(.text.fputc)
    [Anonymous Symbol]                       0x08002f48   Section        0  gd32f4xx_gpio.o(.text.gpio_af_set)
    [Anonymous Symbol]                       0x0800301c   Section        0  gd32f4xx_gpio.o(.text.gpio_bit_toggle)
    [Anonymous Symbol]                       0x0800302c   Section        0  gd32f4xx_gpio.o(.text.gpio_bit_write)
    [Anonymous Symbol]                       0x08003054   Section        0  gpio.o(.text.gpio_init)
    [Anonymous Symbol]                       0x08003074   Section        0  gd32f4xx_gpio.o(.text.gpio_input_bit_get)
    [Anonymous Symbol]                       0x080030a0   Section        0  gd32f4xx_gpio.o(.text.gpio_mode_set)
    [Anonymous Symbol]                       0x0800313c   Section        0  gd32f4xx_gpio.o(.text.gpio_output_options_set)
    [Anonymous Symbol]                       0x080031d0   Section        0  gpio.o(.text.led_init)
    [Anonymous Symbol]                       0x08003204   Section        0  main.o(.text.main)
    [Anonymous Symbol]                       0x080032a8   Section        0  gd32f4xx_misc.o(.text.nvic_irq_enable)
    [Anonymous Symbol]                       0x080033d4   Section        0  gd32f4xx_misc.o(.text.nvic_priority_group_set)
    [Anonymous Symbol]                       0x080033f0   Section        0  gd32f4xx_rcu.o(.text.rcu_clock_freq_get)
    [Anonymous Symbol]                       0x08003554   Section        0  gd32f4xx_rcu.o(.text.rcu_periph_clock_enable)
    [Anonymous Symbol]                       0x0800357c   Section        0  gd32f4xx_rcu.o(.text.rcu_periph_reset_disable)
    [Anonymous Symbol]                       0x080035a4   Section        0  gd32f4xx_rcu.o(.text.rcu_periph_reset_enable)
    [Anonymous Symbol]                       0x080035cc   Section        0  gd32f4xx_rcu.o(.text.rcu_timer_clock_prescaler_config)
    [Anonymous Symbol]                       0x08003604   Section        0  motorstep.o(.text.speed_decision)
    [Anonymous Symbol]                       0x080037e8   Section        0  motorstep.o(.text.stepper_move_T)
    system_clock_200m_8m_hxtal               0x08003bbd   Thumb Code   184  system_gd32f4xx.o(.text.system_clock_200m_8m_hxtal)
    [Anonymous Symbol]                       0x08003bbc   Section        0  system_gd32f4xx.o(.text.system_clock_200m_8m_hxtal)
    system_clock_config                      0x08003c75   Thumb Code     8  system_gd32f4xx.o(.text.system_clock_config)
    [Anonymous Symbol]                       0x08003c74   Section        0  system_gd32f4xx.o(.text.system_clock_config)
    [Anonymous Symbol]                       0x08003c7c   Section        0  systick.o(.text.systick_config)
    [Anonymous Symbol]                       0x08003cb0   Section        0  gd32f4xx_timer.o(.text.timer_auto_reload_shadow_enable)
    [Anonymous Symbol]                       0x08003cc4   Section        0  gd32f4xx_timer.o(.text.timer_autoreload_value_config)
    [Anonymous Symbol]                       0x08003cd4   Section        0  gd32f4xx_timer.o(.text.timer_channel_output_config)
    [Anonymous Symbol]                       0x08003f9c   Section        0  gd32f4xx_timer.o(.text.timer_channel_output_mode_config)
    [Anonymous Symbol]                       0x08004028   Section        0  gd32f4xx_timer.o(.text.timer_channel_output_pulse_value_config)
    [Anonymous Symbol]                       0x08004070   Section        0  gd32f4xx_timer.o(.text.timer_channel_output_shadow_config)
    [Anonymous Symbol]                       0x080040fc   Section        0  gd32f4xx_timer.o(.text.timer_counter_read)
    [Anonymous Symbol]                       0x08004110   Section        0  gd32f4xx_timer.o(.text.timer_deinit)
    [Anonymous Symbol]                       0x080042f8   Section        0  gd32f4xx_timer.o(.text.timer_enable)
    [Anonymous Symbol]                       0x0800430c   Section        0  gd32f4xx_timer.o(.text.timer_init)
    [Anonymous Symbol]                       0x0800440c   Section        0  gd32f4xx_timer.o(.text.timer_internal_clock_config)
    [Anonymous Symbol]                       0x08004420   Section        0  gd32f4xx_timer.o(.text.timer_interrupt_disable)
    [Anonymous Symbol]                       0x08004434   Section        0  gd32f4xx_timer.o(.text.timer_interrupt_enable)
    [Anonymous Symbol]                       0x08004448   Section        0  gd32f4xx_timer.o(.text.timer_interrupt_flag_clear)
    [Anonymous Symbol]                       0x0800445c   Section        0  gd32f4xx_timer.o(.text.timer_interrupt_flag_get)
    [Anonymous Symbol]                       0x08004498   Section        0  gd32f4xx_timer.o(.text.timer_primary_output_config)
    [Anonymous Symbol]                       0x080044c8   Section        0  uart.o(.text.uart1_int)
    [Anonymous Symbol]                       0x08004594   Section        0  gd32f4xx_usart.o(.text.usart_baudrate_set)
    [Anonymous Symbol]                       0x080046ec   Section        0  gd32f4xx_usart.o(.text.usart_data_first_config)
    [Anonymous Symbol]                       0x0800471c   Section        0  gd32f4xx_usart.o(.text.usart_data_transmit)
    [Anonymous Symbol]                       0x08004734   Section        0  gd32f4xx_usart.o(.text.usart_deinit)
    [Anonymous Symbol]                       0x08004854   Section        0  gd32f4xx_usart.o(.text.usart_enable)
    [Anonymous Symbol]                       0x08004868   Section        0  gd32f4xx_usart.o(.text.usart_flag_get)
    [Anonymous Symbol]                       0x080048a4   Section        0  gd32f4xx_usart.o(.text.usart_oversample_config)
    [Anonymous Symbol]                       0x080048c4   Section        0  gd32f4xx_usart.o(.text.usart_parity_config)
    [Anonymous Symbol]                       0x080048e4   Section        0  gd32f4xx_usart.o(.text.usart_receive_config)
    [Anonymous Symbol]                       0x08004910   Section        0  gd32f4xx_usart.o(.text.usart_stop_bit_set)
    [Anonymous Symbol]                       0x08004930   Section        0  gd32f4xx_usart.o(.text.usart_transmit_config)
    [Anonymous Symbol]                       0x0800495c   Section        0  gd32f4xx_usart.o(.text.usart_word_length_set)
    i.__0printf                              0x0800497c   Section        0  printfa.o(i.__0printf)
    i.__hardfp_sqrt                          0x0800499c   Section        0  sqrt.o(i.__hardfp_sqrt)
    i.__scatterload_copy                     0x08004a16   Section       14  handlers.o(i.__scatterload_copy)
    i.__scatterload_null                     0x08004a24   Section        2  handlers.o(i.__scatterload_null)
    i.__scatterload_zeroinit                 0x08004a26   Section       14  handlers.o(i.__scatterload_zeroinit)
    i.__set_errno                            0x08004a34   Section        0  errno.o(i.__set_errno)
    _fp_digits                               0x08004a41   Thumb Code   366  printfa.o(i._fp_digits)
    i._fp_digits                             0x08004a40   Section        0  printfa.o(i._fp_digits)
    _printf_core                             0x08004bc5   Thumb Code  1744  printfa.o(i._printf_core)
    i._printf_core                           0x08004bc4   Section        0  printfa.o(i._printf_core)
    _printf_post_padding                     0x080052a1   Thumb Code    36  printfa.o(i._printf_post_padding)
    i._printf_post_padding                   0x080052a0   Section        0  printfa.o(i._printf_post_padding)
    _printf_pre_padding                      0x080052c5   Thumb Code    46  printfa.o(i._printf_pre_padding)
    i._printf_pre_padding                    0x080052c4   Section        0  printfa.o(i._printf_pre_padding)
    .L__const.Motor_Dir_Set.Pin              0x080052f4   Data          52  motoroperation.o(.rodata..L__const.Motor_Dir_Set.Pin)
    .L__const.Motor_Dir_Set.prot             0x08005328   Data          52  motoroperation.o(.rodata..L__const.Motor_Dir_Set.prot)
    .L__const.Motor_Star_Set.handle          0x0800535c   Data          52  motoroperation.o(.rodata..L__const.Motor_Star_Set.handle)
    .L__const.Motor_Star_Set.source          0x08005390   Data          52  motoroperation.o(.rodata..L__const.Motor_Star_Set.source)
    .L__const.Motor_Stop_Set.handle          0x080053c4   Data          52  motoroperation.o(.rodata..L__const.Motor_Stop_Set.handle)
    .L__const.Motor_Stop_Set.source          0x080053f8   Data          52  motoroperation.o(.rodata..L__const.Motor_Stop_Set.source)
    .L__const.stepper_move_T.MtPr            0x0800542c   Data          52  motorstep.o(.rodata..L__const.stepper_move_T.MtPr)
    .L__const.Motor_Current_Set.Time         0x08005460   Data          16  motoroperation.o(.rodata.cst16)
    .L__const.Motor_Current_Set.CHNum        0x08005470   Data           8  motoroperation.o(.rodata.cst8)
    .L.str                                   0x08005478   Data          17  main.o(.rodata.str1.1)
    [Anonymous Symbol]                       0x08005478   Section        0  main.o(.rodata.str1.1)
    .data                                    0x20000000   Section        4  stdout.o(.data)
    _errno                                   0x20000004   Data           4  errno.o(.data)
    .data                                    0x20000004   Section        4  errno.o(.data)
    TIM1_Interrupt_Mt4.ste                   0x200009d8   Data           1  motorstep.o(.bss.TIM1_Interrupt_Mt4.ste)
    [Anonymous Symbol]                       0x200009d8   Section        0  motorstep.o(.bss.TIM1_Interrupt_Mt4.ste)
    delay                                    0x200009dc   Data           4  systick.o(.bss.delay)
    [Anonymous Symbol]                       0x200009dc   Section        0  systick.o(.bss.delay)
    STACK                                    0x200009e0   Section     1024  startup_gd32f407_427.o(STACK)

    Global Symbols

    Symbol Name                              Value     Ov Type        Size  Object(Section)

    BuildAttributes$$THM_ISAv4$E$P$D$K$B$S$7EM$VFPi3$EXTD16$VFPS$VFMA$PE$A:L22UL41UL21$X:L11$S22US41US21$IEEE1$IW$~IW$USESV6$~STKCKD$USESV7$~SHL$OTIME$ROPI$IEEEJ$EBA8$MICROLIB$REQ8$PRES8$EABIv2 0x00000000   Number         0  anon$$obj.o ABSOLUTE
    __cpp_initialize__aeabi_                  - Undefined Weak Reference
    __cxa_finalize                            - Undefined Weak Reference
    __decompress                              - Undefined Weak Reference
    _clock_init                               - Undefined Weak Reference
    _microlib_exit                            - Undefined Weak Reference
    __Vectors_Size                           0x00000188   Number         0  startup_gd32f407_427.o ABSOLUTE
    __Vectors                                0x08000000   Data           4  startup_gd32f407_427.o(RESET)
    __Vectors_End                            0x08000188   Data           0  startup_gd32f407_427.o(RESET)
    __main                                   0x08000189   Thumb Code     0  entry.o(.ARM.Collect$$$$00000000)
    _main_stk                                0x08000189   Thumb Code     0  entry2.o(.ARM.Collect$$$$00000001)
    _main_scatterload                        0x0800018d   Thumb Code     0  entry5.o(.ARM.Collect$$$$00000004)
    __main_after_scatterload                 0x08000191   Thumb Code     0  entry5.o(.ARM.Collect$$$$00000004)
    _main_clock                              0x08000191   Thumb Code     0  entry7b.o(.ARM.Collect$$$$00000008)
    _main_cpp_init                           0x08000191   Thumb Code     0  entry8b.o(.ARM.Collect$$$$0000000A)
    _main_init                               0x08000191   Thumb Code     0  entry9a.o(.ARM.Collect$$$$0000000B)
    __rt_final_cpp                           0x08000199   Thumb Code     0  entry10a.o(.ARM.Collect$$$$0000000D)
    __rt_final_exit                          0x08000199   Thumb Code     0  entry11a.o(.ARM.Collect$$$$0000000F)
    Reset_Handler                            0x0800019d   Thumb Code     8  startup_gd32f407_427.o(.text)
    ADC_IRQHandler                           0x080001b7   Thumb Code     0  startup_gd32f407_427.o(.text)
    CAN0_EWMC_IRQHandler                     0x080001b7   Thumb Code     0  startup_gd32f407_427.o(.text)
    CAN0_RX1_IRQHandler                      0x080001b7   Thumb Code     0  startup_gd32f407_427.o(.text)
    CAN0_TX_IRQHandler                       0x080001b7   Thumb Code     0  startup_gd32f407_427.o(.text)
    CAN1_EWMC_IRQHandler                     0x080001b7   Thumb Code     0  startup_gd32f407_427.o(.text)
    CAN1_RX0_IRQHandler                      0x080001b7   Thumb Code     0  startup_gd32f407_427.o(.text)
    CAN1_RX1_IRQHandler                      0x080001b7   Thumb Code     0  startup_gd32f407_427.o(.text)
    CAN1_TX_IRQHandler                       0x080001b7   Thumb Code     0  startup_gd32f407_427.o(.text)
    DCI_IRQHandler                           0x080001b7   Thumb Code     0  startup_gd32f407_427.o(.text)
    DMA0_Channel0_IRQHandler                 0x080001b7   Thumb Code     0  startup_gd32f407_427.o(.text)
    DMA0_Channel1_IRQHandler                 0x080001b7   Thumb Code     0  startup_gd32f407_427.o(.text)
    DMA0_Channel2_IRQHandler                 0x080001b7   Thumb Code     0  startup_gd32f407_427.o(.text)
    DMA0_Channel3_IRQHandler                 0x080001b7   Thumb Code     0  startup_gd32f407_427.o(.text)
    DMA0_Channel4_IRQHandler                 0x080001b7   Thumb Code     0  startup_gd32f407_427.o(.text)
    DMA0_Channel5_IRQHandler                 0x080001b7   Thumb Code     0  startup_gd32f407_427.o(.text)
    DMA0_Channel6_IRQHandler                 0x080001b7   Thumb Code     0  startup_gd32f407_427.o(.text)
    DMA0_Channel7_IRQHandler                 0x080001b7   Thumb Code     0  startup_gd32f407_427.o(.text)
    DMA1_Channel0_IRQHandler                 0x080001b7   Thumb Code     0  startup_gd32f407_427.o(.text)
    DMA1_Channel1_IRQHandler                 0x080001b7   Thumb Code     0  startup_gd32f407_427.o(.text)
    DMA1_Channel2_IRQHandler                 0x080001b7   Thumb Code     0  startup_gd32f407_427.o(.text)
    DMA1_Channel3_IRQHandler                 0x080001b7   Thumb Code     0  startup_gd32f407_427.o(.text)
    DMA1_Channel4_IRQHandler                 0x080001b7   Thumb Code     0  startup_gd32f407_427.o(.text)
    DMA1_Channel5_IRQHandler                 0x080001b7   Thumb Code     0  startup_gd32f407_427.o(.text)
    DMA1_Channel6_IRQHandler                 0x080001b7   Thumb Code     0  startup_gd32f407_427.o(.text)
    DMA1_Channel7_IRQHandler                 0x080001b7   Thumb Code     0  startup_gd32f407_427.o(.text)
    ENET_IRQHandler                          0x080001b7   Thumb Code     0  startup_gd32f407_427.o(.text)
    ENET_WKUP_IRQHandler                     0x080001b7   Thumb Code     0  startup_gd32f407_427.o(.text)
    EXMC_IRQHandler                          0x080001b7   Thumb Code     0  startup_gd32f407_427.o(.text)
    EXTI0_IRQHandler                         0x080001b7   Thumb Code     0  startup_gd32f407_427.o(.text)
    EXTI10_15_IRQHandler                     0x080001b7   Thumb Code     0  startup_gd32f407_427.o(.text)
    EXTI1_IRQHandler                         0x080001b7   Thumb Code     0  startup_gd32f407_427.o(.text)
    EXTI2_IRQHandler                         0x080001b7   Thumb Code     0  startup_gd32f407_427.o(.text)
    EXTI3_IRQHandler                         0x080001b7   Thumb Code     0  startup_gd32f407_427.o(.text)
    EXTI4_IRQHandler                         0x080001b7   Thumb Code     0  startup_gd32f407_427.o(.text)
    EXTI5_9_IRQHandler                       0x080001b7   Thumb Code     0  startup_gd32f407_427.o(.text)
    FMC_IRQHandler                           0x080001b7   Thumb Code     0  startup_gd32f407_427.o(.text)
    FPU_IRQHandler                           0x080001b7   Thumb Code     0  startup_gd32f407_427.o(.text)
    I2C0_ER_IRQHandler                       0x080001b7   Thumb Code     0  startup_gd32f407_427.o(.text)
    I2C0_EV_IRQHandler                       0x080001b7   Thumb Code     0  startup_gd32f407_427.o(.text)
    I2C1_ER_IRQHandler                       0x080001b7   Thumb Code     0  startup_gd32f407_427.o(.text)
    I2C1_EV_IRQHandler                       0x080001b7   Thumb Code     0  startup_gd32f407_427.o(.text)
    I2C2_ER_IRQHandler                       0x080001b7   Thumb Code     0  startup_gd32f407_427.o(.text)
    I2C2_EV_IRQHandler                       0x080001b7   Thumb Code     0  startup_gd32f407_427.o(.text)
    LVD_IRQHandler                           0x080001b7   Thumb Code     0  startup_gd32f407_427.o(.text)
    RCU_CTC_IRQHandler                       0x080001b7   Thumb Code     0  startup_gd32f407_427.o(.text)
    RTC_Alarm_IRQHandler                     0x080001b7   Thumb Code     0  startup_gd32f407_427.o(.text)
    RTC_WKUP_IRQHandler                      0x080001b7   Thumb Code     0  startup_gd32f407_427.o(.text)
    SDIO_IRQHandler                          0x080001b7   Thumb Code     0  startup_gd32f407_427.o(.text)
    SPI0_IRQHandler                          0x080001b7   Thumb Code     0  startup_gd32f407_427.o(.text)
    SPI1_IRQHandler                          0x080001b7   Thumb Code     0  startup_gd32f407_427.o(.text)
    SPI2_IRQHandler                          0x080001b7   Thumb Code     0  startup_gd32f407_427.o(.text)
    TAMPER_STAMP_IRQHandler                  0x080001b7   Thumb Code     0  startup_gd32f407_427.o(.text)
    TIMER0_Channel_IRQHandler                0x080001b7   Thumb Code     0  startup_gd32f407_427.o(.text)
    TIMER3_IRQHandler                        0x080001b7   Thumb Code     0  startup_gd32f407_427.o(.text)
    TIMER4_IRQHandler                        0x080001b7   Thumb Code     0  startup_gd32f407_427.o(.text)
    TRNG_IRQHandler                          0x080001b7   Thumb Code     0  startup_gd32f407_427.o(.text)
    UART3_IRQHandler                         0x080001b7   Thumb Code     0  startup_gd32f407_427.o(.text)
    UART4_IRQHandler                         0x080001b7   Thumb Code     0  startup_gd32f407_427.o(.text)
    USART0_IRQHandler                        0x080001b7   Thumb Code     0  startup_gd32f407_427.o(.text)
    USART1_IRQHandler                        0x080001b7   Thumb Code     0  startup_gd32f407_427.o(.text)
    USART2_IRQHandler                        0x080001b7   Thumb Code     0  startup_gd32f407_427.o(.text)
    USART5_IRQHandler                        0x080001b7   Thumb Code     0  startup_gd32f407_427.o(.text)
    USBFS_IRQHandler                         0x080001b7   Thumb Code     0  startup_gd32f407_427.o(.text)
    USBFS_WKUP_IRQHandler                    0x080001b7   Thumb Code     0  startup_gd32f407_427.o(.text)
    USBHS_EP1_In_IRQHandler                  0x080001b7   Thumb Code     0  startup_gd32f407_427.o(.text)
    USBHS_EP1_Out_IRQHandler                 0x080001b7   Thumb Code     0  startup_gd32f407_427.o(.text)
    USBHS_IRQHandler                         0x080001b7   Thumb Code     0  startup_gd32f407_427.o(.text)
    USBHS_WKUP_IRQHandler                    0x080001b7   Thumb Code     0  startup_gd32f407_427.o(.text)
    WWDGT_IRQHandler                         0x080001b7   Thumb Code     0  startup_gd32f407_427.o(.text)
    __aeabi_dmul                             0x080001c1   Thumb Code   228  dmul.o(.text)
    __aeabi_ddiv                             0x080002a5   Thumb Code   222  ddiv.o(.text)
    __aeabi_ui2d                             0x08000383   Thumb Code    26  dfltui.o(.text)
    __aeabi_d2iz                             0x0800039d   Thumb Code    62  dfixi.o(.text)
    __aeabi_d2uiz                            0x080003db   Thumb Code    50  dfixui.o(.text)
    __aeabi_f2d                              0x0800040d   Thumb Code    38  f2d.o(.text)
    __aeabi_uidiv                            0x08000433   Thumb Code     0  uidiv.o(.text)
    __aeabi_uidivmod                         0x08000433   Thumb Code    44  uidiv.o(.text)
    __aeabi_uldivmod                         0x0800045f   Thumb Code    98  uldiv.o(.text)
    __aeabi_llsr                             0x080004c1   Thumb Code    32  llushr.o(.text)
    _ll_ushift_r                             0x080004c1   Thumb Code     0  llushr.o(.text)
    __I$use$fp                               0x080004e1   Thumb Code     0  iusefp.o(.text)
    _double_round                            0x080004e1   Thumb Code    30  depilogue.o(.text)
    _double_epilogue                         0x080004ff   Thumb Code   156  depilogue.o(.text)
    __aeabi_dadd                             0x0800059b   Thumb Code   322  dadd.o(.text)
    __aeabi_dsub                             0x080006dd   Thumb Code     6  dadd.o(.text)
    __aeabi_drsub                            0x080006e3   Thumb Code     6  dadd.o(.text)
    _dsqrt                                   0x080006e9   Thumb Code   162  dsqrt.o(.text)
    __aeabi_d2ulz                            0x0800078b   Thumb Code    48  dfixul.o(.text)
    __aeabi_cdrcmple                         0x080007bd   Thumb Code    48  cdrcmple.o(.text)
    __scatterload                            0x080007ed   Thumb Code    28  init.o(.text)
    __scatterload_rt2                        0x080007ed   Thumb Code     0  init.o(.text)
    __aeabi_llsl                             0x08000811   Thumb Code    30  llshl.o(.text)
    _ll_shift_l                              0x08000811   Thumb Code     0  llshl.o(.text)
    __aeabi_lasr                             0x0800082f   Thumb Code    36  llsshr.o(.text)
    _ll_sshift_r                             0x0800082f   Thumb Code     0  llsshr.o(.text)
    BusFault_Handler                         0x08000855   Thumb Code     4  gd32f4xx_it.o(.text.BusFault_Handler)
    CAN0_RX0_IRQHandler                      0x08000859   Thumb Code    92  gd32f4xx_it.o(.text.CAN0_RX0_IRQHandler)
    Can0_Init                                0x080008b5   Thumb Code    12  can.o(.text.Can0_Init)
    DebugMon_Handler                         0x080008c1   Thumb Code     2  gd32f4xx_it.o(.text.DebugMon_Handler)
    DipSwitch_4bitInit                       0x080008c5   Thumb Code    82  gpio.o(.text.DipSwitch_4bitInit)
    EnQueue                                  0x08000919   Thumb Code   116  queue.o(.text.EnQueue)
    GetDipSwitch_4bit                        0x0800098d   Thumb Code   112  gpio.o(.text.GetDipSwitch_4bit)
    HardFault_Handler                        0x080009fd   Thumb Code     4  gd32f4xx_it.o(.text.HardFault_Handler)
    InitQueue                                0x08000a01   Thumb Code    34  queue.o(.text.InitQueue)
    MemManage_Handler                        0x08000a25   Thumb Code     4  gd32f4xx_it.o(.text.MemManage_Handler)
    MotorDir_12bitInit                       0x08000a29   Thumb Code   386  gpio.o(.text.MotorDir_12bitInit)
    Motor_Current_Set                        0x08000bad   Thumb Code   232  motoroperation.o(.text.Motor_Current_Set)
    Motor_Dir_Set                            0x08000c95   Thumb Code   284  motoroperation.o(.text.Motor_Dir_Set)
    Motor_Enbl_Set                           0x08000db1   Thumb Code   162  motoroperation.o(.text.Motor_Enbl_Set)
    Motor_Fault_Init                         0x08000e55   Thumb Code   100  gpio.o(.text.Motor_Fault_Init)
    Motor_Microstep_Init                     0x08000eb9   Thumb Code   190  gpio.o(.text.Motor_Microstep_Init)
    Motor_Microstep_Set                      0x08000f79   Thumb Code   278  motoroperation.o(.text.Motor_Microstep_Set)
    Motor_Nenbl_Init                         0x08001091   Thumb Code   162  gpio.o(.text.Motor_Nenbl_Init)
    Motor_Star_Set                           0x08001135   Thumb Code   386  motoroperation.o(.text.Motor_Star_Set)
    Motor_Stop_Set                           0x080012b9   Thumb Code   394  motoroperation.o(.text.Motor_Stop_Set)
    NMI_Handler                              0x08001445   Thumb Code     2  gd32f4xx_it.o(.text.NMI_Handler)
    PendSV_Handler                           0x0800148d   Thumb Code     2  gd32f4xx_it.o(.text.PendSV_Handler)
    QueueFull                                0x08001491   Thumb Code    34  queue.o(.text.QueueFull)
    SVC_Handler                              0x080014b5   Thumb Code     2  gd32f4xx_it.o(.text.SVC_Handler)
    Sensor_12bitInit                         0x080014b9   Thumb Code   204  gpio.o(.text.Sensor_12bitInit)
    SysTick_Handler                          0x080015d9   Thumb Code    36  gd32f4xx_it.o(.text.SysTick_Handler)
    SystemInit                               0x080015fd   Thumb Code   174  system_gd32f4xx.o(.text.SystemInit)
    System_Led                               0x080016ad   Thumb Code    60  gpio.o(.text.System_Led)
    TIM1_Interrupt_Mt4                       0x080016e9   Thumb Code    68  motorstep.o(.text.TIM1_Interrupt_Mt4)
    TIMER0_BRK_TIMER8_IRQHandler             0x0800172d   Thumb Code    34  gd32f4xx_it.o(.text.TIMER0_BRK_TIMER8_IRQHandler)
    TIMER0_TRG_CMT_TIMER10_IRQHandler        0x08001751   Thumb Code    34  gd32f4xx_it.o(.text.TIMER0_TRG_CMT_TIMER10_IRQHandler)
    TIMER0_UP_TIMER9_IRQHandler              0x08001775   Thumb Code    34  gd32f4xx_it.o(.text.TIMER0_UP_TIMER9_IRQHandler)
    TIMER1_IRQHandler                        0x08001799   Thumb Code    18  gd32f4xx_it.o(.text.TIMER1_IRQHandler)
    TIMER2_IRQHandler                        0x080017ad   Thumb Code    18  gd32f4xx_it.o(.text.TIMER2_IRQHandler)
    TIMER5_DAC_IRQHandler                    0x080017c1   Thumb Code    32  gd32f4xx_it.o(.text.TIMER5_DAC_IRQHandler)
    TIMER6_IRQHandler                        0x080017e1   Thumb Code    32  gd32f4xx_it.o(.text.TIMER6_IRQHandler)
    TIMER7_BRK_TIMER11_IRQHandler            0x08001801   Thumb Code    34  gd32f4xx_it.o(.text.TIMER7_BRK_TIMER11_IRQHandler)
    TIMER7_Channel_IRQHandler                0x08001825   Thumb Code   140  gd32f4xx_it.o(.text.TIMER7_Channel_IRQHandler)
    TIMER7_TRG_CMT_TIMER13_IRQHandler        0x080018b1   Thumb Code    32  gd32f4xx_it.o(.text.TIMER7_TRG_CMT_TIMER13_IRQHandler)
    TIMER7_UP_TIMER12_IRQHandler             0x080018d1   Thumb Code    32  gd32f4xx_it.o(.text.TIMER7_UP_TIMER12_IRQHandler)
    TestFunction                             0x080018f1   Thumb Code    38  motoroperation.o(.text.TestFunction)
    Time10_Step7_Gpio_Config                 0x08001919   Thumb Code    54  time.o(.text.Time10_Step7_Gpio_Config)
    Time11_Step8_Gpio_Config                 0x08001951   Thumb Code    54  time.o(.text.Time11_Step8_Gpio_Config)
    Time12_Step9_Gpio_Config                 0x08001989   Thumb Code    52  time.o(.text.Time12_Step9_Gpio_Config)
    Time13_Step10_Gpio_Config                0x080019bd   Thumb Code    52  time.o(.text.Time13_Step10_Gpio_Config)
    Time1_Step4_Gpio_Config                  0x080019f1   Thumb Code    54  time.o(.text.Time1_Step4_Gpio_Config)
    Time2_Step1_Gpio_Config                  0x08001a29   Thumb Code    52  time.o(.text.Time2_Step1_Gpio_Config)
    Time5_Step2_Gpio_Config                  0x08001a5d   Thumb Code    52  time.o(.text.Time5_Step2_Gpio_Config)
    Time6_Step3_Gpio_Config                  0x08001a91   Thumb Code    52  time.o(.text.Time6_Step3_Gpio_Config)
    Time7_Step11And12_Gpio_Config            0x08001ac5   Thumb Code   106  time.o(.text.Time7_Step11And12_Gpio_Config)
    Time8_Step5_Gpio_Config                  0x08001b31   Thumb Code    54  time.o(.text.Time8_Step5_Gpio_Config)
    Time9_Step6_Gpio_Config                  0x08001b69   Thumb Code    54  time.o(.text.Time9_Step6_Gpio_Config)
    Timer0_PWM2_Config                       0x08001ba1   Thumb Code   302  time.o(.text.Timer0_PWM2_Config)
    Timer0_gpio_config                       0x08001cd1   Thumb Code   182  time.o(.text.Timer0_gpio_config)
    Timer10_Step7_Config                     0x08001d89   Thumb Code   108  time.o(.text.Timer10_Step7_Config)
    Timer11_Step8_Config                     0x08001df5   Thumb Code   108  time.o(.text.Timer11_Step8_Config)
    Timer12_Step9_Config                     0x08001e61   Thumb Code   108  time.o(.text.Timer12_Step9_Config)
    Timer13_Step10_Config                    0x08001ecd   Thumb Code   108  time.o(.text.Timer13_Step10_Config)
    Timer1_Step4_Config                      0x08001f39   Thumb Code   104  time.o(.text.Timer1_Step4_Config)
    Timer2_Step1_Config                      0x08001fa1   Thumb Code   108  time.o(.text.Timer2_Step1_Config)
    Timer3_PWM3_Config                       0x0800200d   Thumb Code   296  time.o(.text.Timer3_PWM3_Config)
    Timer3_gpio_config                       0x08002135   Thumb Code   180  time.o(.text.Timer3_gpio_config)
    Timer4_PWM1_Config                       0x080021e9   Thumb Code   296  time.o(.text.Timer4_PWM1_Config)
    Timer4_gpio_config                       0x08002311   Thumb Code   168  time.o(.text.Timer4_gpio_config)
    Timer5_Step2_Config                      0x080023b9   Thumb Code   108  time.o(.text.Timer5_Step2_Config)
    Timer6_Step3_Config                      0x08002425   Thumb Code   108  time.o(.text.Timer6_Step3_Config)
    Timer7_Step11And12_config                0x08002491   Thumb Code   240  time.o(.text.Timer7_Step11And12_config)
    Timer8_Step5_Config                      0x08002581   Thumb Code   108  time.o(.text.Timer8_Step5_Config)
    Timer9_Step6_Config                      0x080025ed   Thumb Code   108  time.o(.text.Timer9_Step6_Config)
    UsageFault_Handler                       0x08002659   Thumb Code     4  gd32f4xx_it.o(.text.UsageFault_Handler)
    can_config                               0x0800265d   Thumb Code   222  can.o(.text.can_config)
    can_deinit                               0x0800273d   Thumb Code    62  gd32f4xx_can.o(.text.can_deinit)
    can_error_get                            0x0800277d   Thumb Code    30  gd32f4xx_can.o(.text.can_error_get)
    can_filter_init                          0x0800279d   Thumb Code   336  gd32f4xx_can.o(.text.can_filter_init)
    can_gpio_config                          0x080028ed   Thumb Code   112  can.o(.text.can_gpio_config)
    can_init                                 0x0800295d   Thumb Code   446  gd32f4xx_can.o(.text.can_init)
    can_interrupt_enable                     0x08002b1d   Thumb Code    20  gd32f4xx_can.o(.text.can_interrupt_enable)
    can_interrupt_flag_clear                 0x08002b31   Thumb Code    26  gd32f4xx_can.o(.text.can_interrupt_flag_clear)
    can_interrupt_flag_get                   0x08002b4d   Thumb Code   172  gd32f4xx_can.o(.text.can_interrupt_flag_get)
    can_message_receive                      0x08002bf9   Thumb Code   340  gd32f4xx_can.o(.text.can_message_receive)
    can_receive_message_length_get           0x08002d4d   Thumb Code    72  gd32f4xx_can.o(.text.can_receive_message_length_get)
    can_struct_para_init                     0x08002d95   Thumb Code   310  gd32f4xx_can.o(.text.can_struct_para_init)
    delay_1ms                                0x08002ecd   Thumb Code    38  systick.o(.text.delay_1ms)
    delay_decrement                          0x08002ef5   Thumb Code    32  systick.o(.text.delay_decrement)
    fputc                                    0x08002f15   Thumb Code    52  uart.o(.text.fputc)
    gpio_af_set                              0x08002f49   Thumb Code   212  gd32f4xx_gpio.o(.text.gpio_af_set)
    gpio_bit_toggle                          0x0800301d   Thumb Code    16  gd32f4xx_gpio.o(.text.gpio_bit_toggle)
    gpio_bit_write                           0x0800302d   Thumb Code    38  gd32f4xx_gpio.o(.text.gpio_bit_write)
    gpio_init                                0x08003055   Thumb Code    32  gpio.o(.text.gpio_init)
    gpio_input_bit_get                       0x08003075   Thumb Code    42  gd32f4xx_gpio.o(.text.gpio_input_bit_get)
    gpio_mode_set                            0x080030a1   Thumb Code   156  gd32f4xx_gpio.o(.text.gpio_mode_set)
    gpio_output_options_set                  0x0800313d   Thumb Code   146  gd32f4xx_gpio.o(.text.gpio_output_options_set)
    led_init                                 0x080031d1   Thumb Code    52  gpio.o(.text.led_init)
    main                                     0x08003205   Thumb Code   164  main.o(.text.main)
    nvic_irq_enable                          0x080032a9   Thumb Code   298  gd32f4xx_misc.o(.text.nvic_irq_enable)
    nvic_priority_group_set                  0x080033d5   Thumb Code    28  gd32f4xx_misc.o(.text.nvic_priority_group_set)
    rcu_clock_freq_get                       0x080033f1   Thumb Code   354  gd32f4xx_rcu.o(.text.rcu_clock_freq_get)
    rcu_periph_clock_enable                  0x08003555   Thumb Code    40  gd32f4xx_rcu.o(.text.rcu_periph_clock_enable)
    rcu_periph_reset_disable                 0x0800357d   Thumb Code    40  gd32f4xx_rcu.o(.text.rcu_periph_reset_disable)
    rcu_periph_reset_enable                  0x080035a5   Thumb Code    40  gd32f4xx_rcu.o(.text.rcu_periph_reset_enable)
    rcu_timer_clock_prescaler_config         0x080035cd   Thumb Code    56  gd32f4xx_rcu.o(.text.rcu_timer_clock_prescaler_config)
    speed_decision                           0x08003605   Thumb Code   482  motorstep.o(.text.speed_decision)
    stepper_move_T                           0x080037e9   Thumb Code   980  motorstep.o(.text.stepper_move_T)
    systick_config                           0x08003c7d   Thumb Code    50  systick.o(.text.systick_config)
    timer_auto_reload_shadow_enable          0x08003cb1   Thumb Code    18  gd32f4xx_timer.o(.text.timer_auto_reload_shadow_enable)
    timer_autoreload_value_config            0x08003cc5   Thumb Code    16  gd32f4xx_timer.o(.text.timer_autoreload_value_config)
    timer_channel_output_config              0x08003cd5   Thumb Code   712  gd32f4xx_timer.o(.text.timer_channel_output_config)
    timer_channel_output_mode_config         0x08003f9d   Thumb Code   140  gd32f4xx_timer.o(.text.timer_channel_output_mode_config)
    timer_channel_output_pulse_value_config  0x08004029   Thumb Code    70  gd32f4xx_timer.o(.text.timer_channel_output_pulse_value_config)
    timer_channel_output_shadow_config       0x08004071   Thumb Code   140  gd32f4xx_timer.o(.text.timer_channel_output_shadow_config)
    timer_counter_read                       0x080040fd   Thumb Code    20  gd32f4xx_timer.o(.text.timer_counter_read)
    timer_deinit                             0x08004111   Thumb Code   488  gd32f4xx_timer.o(.text.timer_deinit)
    timer_enable                             0x080042f9   Thumb Code    18  gd32f4xx_timer.o(.text.timer_enable)
    timer_init                               0x0800430d   Thumb Code   256  gd32f4xx_timer.o(.text.timer_init)
    timer_internal_clock_config              0x0800440d   Thumb Code    18  gd32f4xx_timer.o(.text.timer_internal_clock_config)
    timer_interrupt_disable                  0x08004421   Thumb Code    20  gd32f4xx_timer.o(.text.timer_interrupt_disable)
    timer_interrupt_enable                   0x08004435   Thumb Code    20  gd32f4xx_timer.o(.text.timer_interrupt_enable)
    timer_interrupt_flag_clear               0x08004449   Thumb Code    18  gd32f4xx_timer.o(.text.timer_interrupt_flag_clear)
    timer_interrupt_flag_get                 0x0800445d   Thumb Code    58  gd32f4xx_timer.o(.text.timer_interrupt_flag_get)
    timer_primary_output_config              0x08004499   Thumb Code    46  gd32f4xx_timer.o(.text.timer_primary_output_config)
    uart1_int                                0x080044c9   Thumb Code   202  uart.o(.text.uart1_int)
    usart_baudrate_set                       0x08004595   Thumb Code   344  gd32f4xx_usart.o(.text.usart_baudrate_set)
    usart_data_first_config                  0x080046ed   Thumb Code    46  gd32f4xx_usart.o(.text.usart_data_first_config)
    usart_data_transmit                      0x0800471d   Thumb Code    24  gd32f4xx_usart.o(.text.usart_data_transmit)
    usart_deinit                             0x08004735   Thumb Code   286  gd32f4xx_usart.o(.text.usart_deinit)
    usart_enable                             0x08004855   Thumb Code    18  gd32f4xx_usart.o(.text.usart_enable)
    usart_flag_get                           0x08004869   Thumb Code    58  gd32f4xx_usart.o(.text.usart_flag_get)
    usart_oversample_config                  0x080048a5   Thumb Code    30  gd32f4xx_usart.o(.text.usart_oversample_config)
    usart_parity_config                      0x080048c5   Thumb Code    30  gd32f4xx_usart.o(.text.usart_parity_config)
    usart_receive_config                     0x080048e5   Thumb Code    42  gd32f4xx_usart.o(.text.usart_receive_config)
    usart_stop_bit_set                       0x08004911   Thumb Code    30  gd32f4xx_usart.o(.text.usart_stop_bit_set)
    usart_transmit_config                    0x08004931   Thumb Code    42  gd32f4xx_usart.o(.text.usart_transmit_config)
    usart_word_length_set                    0x0800495d   Thumb Code    30  gd32f4xx_usart.o(.text.usart_word_length_set)
    __0printf                                0x0800497d   Thumb Code    22  printfa.o(i.__0printf)
    __1printf                                0x0800497d   Thumb Code     0  printfa.o(i.__0printf)
    __2printf                                0x0800497d   Thumb Code     0  printfa.o(i.__0printf)
    __c89printf                              0x0800497d   Thumb Code     0  printfa.o(i.__0printf)
    printf                                   0x0800497d   Thumb Code     0  printfa.o(i.__0printf)
    __hardfp_sqrt                            0x0800499d   Thumb Code   122  sqrt.o(i.__hardfp_sqrt)
    __scatterload_copy                       0x08004a17   Thumb Code    14  handlers.o(i.__scatterload_copy)
    __scatterload_null                       0x08004a25   Thumb Code     2  handlers.o(i.__scatterload_null)
    __scatterload_zeroinit                   0x08004a27   Thumb Code    14  handlers.o(i.__scatterload_zeroinit)
    __set_errno                              0x08004a35   Thumb Code     6  errno.o(i.__set_errno)
    Region$$Table$$Base                      0x0800548c   Number         0  anon$$obj.o(Region$$Table)
    Region$$Table$$Limit                     0x080054ac   Number         0  anon$$obj.o(Region$$Table)
    __stdout                                 0x20000000   Data           4  stdout.o(.data)
    SystemCoreClock                          0x20000008   Data           4  system_gd32f4xx.o(.data.SystemCoreClock)
    CAN1Buff                                 0x20000010   Data        2000  can.o(.bss.CAN1Buff)
    Can0sendtimeout                          0x200007e0   Data           2  can.o(.bss.Can0sendtimeout)
    Can1_revQueuebuff                        0x200007e4   Data          16  can.o(.bss.Can1_revQueuebuff)
    LedTimeCount                             0x200007f4   Data           4  gpio.o(.bss.LedTimeCount)
    MotorPr1                                 0x200007f8   Data          40  motorstep.o(.bss.MotorPr1)
    MotorPr10                                0x20000820   Data          40  motorstep.o(.bss.MotorPr10)
    MotorPr11                                0x20000848   Data          40  motorstep.o(.bss.MotorPr11)
    MotorPr12                                0x20000870   Data          40  motorstep.o(.bss.MotorPr12)
    MotorPr2                                 0x20000898   Data          40  motorstep.o(.bss.MotorPr2)
    MotorPr3                                 0x200008c0   Data          40  motorstep.o(.bss.MotorPr3)
    MotorPr4                                 0x200008e8   Data          40  motorstep.o(.bss.MotorPr4)
    MotorPr5                                 0x20000910   Data          40  motorstep.o(.bss.MotorPr5)
    MotorPr6                                 0x20000938   Data          40  motorstep.o(.bss.MotorPr6)
    MotorPr7                                 0x20000960   Data          40  motorstep.o(.bss.MotorPr7)
    MotorPr8                                 0x20000988   Data          40  motorstep.o(.bss.MotorPr8)
    MotorPr9                                 0x200009b0   Data          40  motorstep.o(.bss.MotorPr9)
    __initial_sp                             0x20000de0   Data           0  startup_gd32f407_427.o(STACK)



==============================================================================

Memory Map of the image

  Image Entry point : 0x08000189

  Load Region LR_IROM1 (Base: 0x08000000, Size: 0x000054c0, Max: 0x00080000, ABSOLUTE)

    Execution Region ER_IROM1 (Exec base: 0x08000000, Load base: 0x08000000, Size: 0x000054ac, Max: 0x00080000, ABSOLUTE)

    Exec Addr    Load Addr    Size         Type   Attr      Idx    E Section Name        Object

    0x08000000   0x08000000   0x00000188   Data   RO           88    RESET               startup_gd32f407_427.o
    0x08000188   0x08000188   0x00000000   Code   RO         1151  * .ARM.Collect$$$$00000000  mc_w.l(entry.o)
    0x08000188   0x08000188   0x00000004   Code   RO         1194    .ARM.Collect$$$$00000001  mc_w.l(entry2.o)
    0x0800018c   0x0800018c   0x00000004   Code   RO         1197    .ARM.Collect$$$$00000004  mc_w.l(entry5.o)
    0x08000190   0x08000190   0x00000000   Code   RO         1199    .ARM.Collect$$$$00000008  mc_w.l(entry7b.o)
    0x08000190   0x08000190   0x00000000   Code   RO         1201    .ARM.Collect$$$$0000000A  mc_w.l(entry8b.o)
    0x08000190   0x08000190   0x00000008   Code   RO         1202    .ARM.Collect$$$$0000000B  mc_w.l(entry9a.o)
    0x08000198   0x08000198   0x00000000   Code   RO         1204    .ARM.Collect$$$$0000000D  mc_w.l(entry10a.o)
    0x08000198   0x08000198   0x00000000   Code   RO         1206    .ARM.Collect$$$$0000000F  mc_w.l(entry11a.o)
    0x08000198   0x08000198   0x00000004   Code   RO         1195    .ARM.Collect$$$$00002712  mc_w.l(entry2.o)
    0x0800019c   0x0800019c   0x00000024   Code   RO           89    .text               startup_gd32f407_427.o
    0x080001c0   0x080001c0   0x000000e4   Code   RO         1182    .text               mf_w.l(dmul.o)
    0x080002a4   0x080002a4   0x000000de   Code   RO         1184    .text               mf_w.l(ddiv.o)
    0x08000382   0x08000382   0x0000001a   Code   RO         1186    .text               mf_w.l(dfltui.o)
    0x0800039c   0x0800039c   0x0000003e   Code   RO         1188    .text               mf_w.l(dfixi.o)
    0x080003da   0x080003da   0x00000032   Code   RO         1190    .text               mf_w.l(dfixui.o)
    0x0800040c   0x0800040c   0x00000026   Code   RO         1192    .text               mf_w.l(f2d.o)
    0x08000432   0x08000432   0x0000002c   Code   RO         1218    .text               mc_w.l(uidiv.o)
    0x0800045e   0x0800045e   0x00000062   Code   RO         1220    .text               mc_w.l(uldiv.o)
    0x080004c0   0x080004c0   0x00000020   Code   RO         1222    .text               mc_w.l(llushr.o)
    0x080004e0   0x080004e0   0x00000000   Code   RO         1231    .text               mc_w.l(iusefp.o)
    0x080004e0   0x080004e0   0x000000ba   Code   RO         1232    .text               mf_w.l(depilogue.o)
    0x0800059a   0x0800059a   0x0000014e   Code   RO         1234    .text               mf_w.l(dadd.o)
    0x080006e8   0x080006e8   0x000000a2   Code   RO         1236    .text               mf_w.l(dsqrt.o)
    0x0800078a   0x0800078a   0x00000030   Code   RO         1238    .text               mf_w.l(dfixul.o)
    0x080007ba   0x080007ba   0x00000002   PAD
    0x080007bc   0x080007bc   0x00000030   Code   RO         1240    .text               mf_w.l(cdrcmple.o)
    0x080007ec   0x080007ec   0x00000024   Code   RO         1242    .text               mc_w.l(init.o)
    0x08000810   0x08000810   0x0000001e   Code   RO         1244    .text               mc_w.l(llshl.o)
    0x0800082e   0x0800082e   0x00000024   Code   RO         1246    .text               mc_w.l(llsshr.o)
    0x08000852   0x08000852   0x00000002   PAD
    0x08000854   0x08000854   0x00000004   Code   RO           25    .text.BusFault_Handler  gd32f4xx_it.o
    0x08000858   0x08000858   0x0000005c   Code   RO           35    .text.CAN0_RX0_IRQHandler  gd32f4xx_it.o
    0x080008b4   0x080008b4   0x0000000c   Code   RO          253    .text.Can0_Init     can.o
    0x080008c0   0x080008c0   0x00000002   Code   RO           31    .text.DebugMon_Handler  gd32f4xx_it.o
    0x080008c2   0x080008c2   0x00000002   PAD
    0x080008c4   0x080008c4   0x00000052   Code   RO          220    .text.DipSwitch_4bitInit  gpio.o
    0x08000916   0x08000916   0x00000002   PAD
    0x08000918   0x08000918   0x00000074   Code   RO          114    .text.EnQueue       queue.o
    0x0800098c   0x0800098c   0x00000070   Code   RO          222    .text.GetDipSwitch_4bit  gpio.o
    0x080009fc   0x080009fc   0x00000004   Code   RO           21    .text.HardFault_Handler  gd32f4xx_it.o
    0x08000a00   0x08000a00   0x00000022   Code   RO          106    .text.InitQueue     queue.o
    0x08000a22   0x08000a22   0x00000002   PAD
    0x08000a24   0x08000a24   0x00000004   Code   RO           23    .text.MemManage_Handler  gd32f4xx_it.o
    0x08000a28   0x08000a28   0x00000182   Code   RO          212    .text.MotorDir_12bitInit  gpio.o
    0x08000baa   0x08000baa   0x00000002   PAD
    0x08000bac   0x08000bac   0x000000e8   Code   RO          137    .text.Motor_Current_Set  motoroperation.o
    0x08000c94   0x08000c94   0x0000011c   Code   RO          125    .text.Motor_Dir_Set  motoroperation.o
    0x08000db0   0x08000db0   0x000000a2   Code   RO          129    .text.Motor_Enbl_Set  motoroperation.o
    0x08000e52   0x08000e52   0x00000002   PAD
    0x08000e54   0x08000e54   0x00000064   Code   RO          216    .text.Motor_Fault_Init  gpio.o
    0x08000eb8   0x08000eb8   0x000000be   Code   RO          214    .text.Motor_Microstep_Init  gpio.o
    0x08000f76   0x08000f76   0x00000002   PAD
    0x08000f78   0x08000f78   0x00000116   Code   RO          131    .text.Motor_Microstep_Set  motoroperation.o
    0x0800108e   0x0800108e   0x00000002   PAD
    0x08001090   0x08001090   0x000000a2   Code   RO          218    .text.Motor_Nenbl_Init  gpio.o
    0x08001132   0x08001132   0x00000002   PAD
    0x08001134   0x08001134   0x00000182   Code   RO          139    .text.Motor_Star_Set  motoroperation.o
    0x080012b6   0x080012b6   0x00000002   PAD
    0x080012b8   0x080012b8   0x0000018a   Code   RO          141    .text.Motor_Stop_Set  motoroperation.o
    0x08001442   0x08001442   0x00000002   PAD
    0x08001444   0x08001444   0x00000002   Code   RO           19    .text.NMI_Handler   gd32f4xx_it.o
    0x08001446   0x08001446   0x00000002   PAD
    0x08001448   0x08001448   0x00000044   Code   RO           73    .text.NVIC_SetPriority  systick.o
    0x0800148c   0x0800148c   0x00000002   Code   RO           33    .text.PendSV_Handler  gd32f4xx_it.o
    0x0800148e   0x0800148e   0x00000002   PAD
    0x08001490   0x08001490   0x00000022   Code   RO          108    .text.QueueFull     queue.o
    0x080014b2   0x080014b2   0x00000002   PAD
    0x080014b4   0x080014b4   0x00000002   Code   RO           29    .text.SVC_Handler   gd32f4xx_it.o
    0x080014b6   0x080014b6   0x00000002   PAD
    0x080014b8   0x080014b8   0x000000cc   Code   RO          210    .text.Sensor_12bitInit  gpio.o
    0x08001584   0x08001584   0x00000052   Code   RO           71    .text.SysTick_Config  systick.o
    0x080015d6   0x080015d6   0x00000002   PAD
    0x080015d8   0x080015d8   0x00000024   Code   RO           59    .text.SysTick_Handler  gd32f4xx_it.o
    0x080015fc   0x080015fc   0x000000ae   Code   RO            2    .text.SystemInit    system_gd32f4xx.o
    0x080016aa   0x080016aa   0x00000002   PAD
    0x080016ac   0x080016ac   0x0000003c   Code   RO          226    .text.System_Led    gpio.o
    0x080016e8   0x080016e8   0x00000044   Code   RO          173    .text.TIM1_Interrupt_Mt4  motorstep.o
    0x0800172c   0x0800172c   0x00000022   Code   RO           45    .text.TIMER0_BRK_TIMER8_IRQHandler  gd32f4xx_it.o
    0x0800174e   0x0800174e   0x00000002   PAD
    0x08001750   0x08001750   0x00000022   Code   RO           49    .text.TIMER0_TRG_CMT_TIMER10_IRQHandler  gd32f4xx_it.o
    0x08001772   0x08001772   0x00000002   PAD
    0x08001774   0x08001774   0x00000022   Code   RO           47    .text.TIMER0_UP_TIMER9_IRQHandler  gd32f4xx_it.o
    0x08001796   0x08001796   0x00000002   PAD
    0x08001798   0x08001798   0x00000012   Code   RO           43    .text.TIMER1_IRQHandler  gd32f4xx_it.o
    0x080017aa   0x080017aa   0x00000002   PAD
    0x080017ac   0x080017ac   0x00000012   Code   RO           37    .text.TIMER2_IRQHandler  gd32f4xx_it.o
    0x080017be   0x080017be   0x00000002   PAD
    0x080017c0   0x080017c0   0x00000020   Code   RO           39    .text.TIMER5_DAC_IRQHandler  gd32f4xx_it.o
    0x080017e0   0x080017e0   0x00000020   Code   RO           41    .text.TIMER6_IRQHandler  gd32f4xx_it.o
    0x08001800   0x08001800   0x00000022   Code   RO           51    .text.TIMER7_BRK_TIMER11_IRQHandler  gd32f4xx_it.o
    0x08001822   0x08001822   0x00000002   PAD
    0x08001824   0x08001824   0x0000008c   Code   RO           57    .text.TIMER7_Channel_IRQHandler  gd32f4xx_it.o
    0x080018b0   0x080018b0   0x00000020   Code   RO           55    .text.TIMER7_TRG_CMT_TIMER13_IRQHandler  gd32f4xx_it.o
    0x080018d0   0x080018d0   0x00000020   Code   RO           53    .text.TIMER7_UP_TIMER12_IRQHandler  gd32f4xx_it.o
    0x080018f0   0x080018f0   0x00000026   Code   RO          143    .text.TestFunction  motoroperation.o
    0x08001916   0x08001916   0x00000002   PAD
    0x08001918   0x08001918   0x00000036   Code   RO          280    .text.Time10_Step7_Gpio_Config  time.o
    0x0800194e   0x0800194e   0x00000002   PAD
    0x08001950   0x08001950   0x00000036   Code   RO          282    .text.Time11_Step8_Gpio_Config  time.o
    0x08001986   0x08001986   0x00000002   PAD
    0x08001988   0x08001988   0x00000034   Code   RO          284    .text.Time12_Step9_Gpio_Config  time.o
    0x080019bc   0x080019bc   0x00000034   Code   RO          286    .text.Time13_Step10_Gpio_Config  time.o
    0x080019f0   0x080019f0   0x00000036   Code   RO          274    .text.Time1_Step4_Gpio_Config  time.o
    0x08001a26   0x08001a26   0x00000002   PAD
    0x08001a28   0x08001a28   0x00000034   Code   RO          268    .text.Time2_Step1_Gpio_Config  time.o
    0x08001a5c   0x08001a5c   0x00000034   Code   RO          270    .text.Time5_Step2_Gpio_Config  time.o
    0x08001a90   0x08001a90   0x00000034   Code   RO          272    .text.Time6_Step3_Gpio_Config  time.o
    0x08001ac4   0x08001ac4   0x0000006a   Code   RO          288    .text.Time7_Step11And12_Gpio_Config  time.o
    0x08001b2e   0x08001b2e   0x00000002   PAD
    0x08001b30   0x08001b30   0x00000036   Code   RO          276    .text.Time8_Step5_Gpio_Config  time.o
    0x08001b66   0x08001b66   0x00000002   PAD
    0x08001b68   0x08001b68   0x00000036   Code   RO          278    .text.Time9_Step6_Gpio_Config  time.o
    0x08001b9e   0x08001b9e   0x00000002   PAD
    0x08001ba0   0x08001ba0   0x0000012e   Code   RO          320    .text.Timer0_PWM2_Config  time.o
    0x08001cce   0x08001cce   0x00000002   PAD
    0x08001cd0   0x08001cd0   0x000000b6   Code   RO          292    .text.Timer0_gpio_config  time.o
    0x08001d86   0x08001d86   0x00000002   PAD
    0x08001d88   0x08001d88   0x0000006c   Code   RO          308    .text.Timer10_Step7_Config  time.o
    0x08001df4   0x08001df4   0x0000006c   Code   RO          310    .text.Timer11_Step8_Config  time.o
    0x08001e60   0x08001e60   0x0000006c   Code   RO          312    .text.Timer12_Step9_Config  time.o
    0x08001ecc   0x08001ecc   0x0000006c   Code   RO          314    .text.Timer13_Step10_Config  time.o
    0x08001f38   0x08001f38   0x00000068   Code   RO          302    .text.Timer1_Step4_Config  time.o
    0x08001fa0   0x08001fa0   0x0000006c   Code   RO          296    .text.Timer2_Step1_Config  time.o
    0x0800200c   0x0800200c   0x00000128   Code   RO          322    .text.Timer3_PWM3_Config  time.o
    0x08002134   0x08002134   0x000000b4   Code   RO          294    .text.Timer3_gpio_config  time.o
    0x080021e8   0x080021e8   0x00000128   Code   RO          318    .text.Timer4_PWM1_Config  time.o
    0x08002310   0x08002310   0x000000a8   Code   RO          290    .text.Timer4_gpio_config  time.o
    0x080023b8   0x080023b8   0x0000006c   Code   RO          298    .text.Timer5_Step2_Config  time.o
    0x08002424   0x08002424   0x0000006c   Code   RO          300    .text.Timer6_Step3_Config  time.o
    0x08002490   0x08002490   0x000000f0   Code   RO          316    .text.Timer7_Step11And12_config  time.o
    0x08002580   0x08002580   0x0000006c   Code   RO          304    .text.Timer8_Step5_Config  time.o
    0x080025ec   0x080025ec   0x0000006c   Code   RO          306    .text.Timer9_Step6_Config  time.o
    0x08002658   0x08002658   0x00000004   Code   RO           27    .text.UsageFault_Handler  gd32f4xx_it.o
    0x0800265c   0x0800265c   0x000000de   Code   RO          249    .text.can_config    can.o
    0x0800273a   0x0800273a   0x00000002   PAD
    0x0800273c   0x0800273c   0x0000003e   Code   RO          891    .text.can_deinit    gd32f4xx_can.o
    0x0800277a   0x0800277a   0x00000002   PAD
    0x0800277c   0x0800277c   0x0000001e   Code   RO          925    .text.can_error_get  gd32f4xx_can.o
    0x0800279a   0x0800279a   0x00000002   PAD
    0x0800279c   0x0800279c   0x00000150   Code   RO          897    .text.can_filter_init  gd32f4xx_can.o
    0x080028ec   0x080028ec   0x00000070   Code   RO          251    .text.can_gpio_config  can.o
    0x0800295c   0x0800295c   0x000001be   Code   RO          895    .text.can_init      gd32f4xx_can.o
    0x08002b1a   0x08002b1a   0x00000002   PAD
    0x08002b1c   0x08002b1c   0x00000014   Code   RO          935    .text.can_interrupt_enable  gd32f4xx_can.o
    0x08002b30   0x08002b30   0x0000001a   Code   RO          941    .text.can_interrupt_flag_clear  gd32f4xx_can.o
    0x08002b4a   0x08002b4a   0x00000002   PAD
    0x08002b4c   0x08002b4c   0x000000ac   Code   RO          939    .text.can_interrupt_flag_get  gd32f4xx_can.o
    0x08002bf8   0x08002bf8   0x00000154   Code   RO          915    .text.can_message_receive  gd32f4xx_can.o
    0x08002d4c   0x08002d4c   0x00000048   Code   RO          919    .text.can_receive_message_length_get  gd32f4xx_can.o
    0x08002d94   0x08002d94   0x00000136   Code   RO          893    .text.can_struct_para_init  gd32f4xx_can.o
    0x08002eca   0x08002eca   0x00000002   PAD
    0x08002ecc   0x08002ecc   0x00000026   Code   RO           75    .text.delay_1ms     systick.o
    0x08002ef2   0x08002ef2   0x00000002   PAD
    0x08002ef4   0x08002ef4   0x00000020   Code   RO           77    .text.delay_decrement  systick.o
    0x08002f14   0x08002f14   0x00000034   Code   RO          240    .text.fputc         uart.o
    0x08002f48   0x08002f48   0x000000d4   Code   RO          465    .text.gpio_af_set   gd32f4xx_gpio.o
    0x0800301c   0x0800301c   0x00000010   Code   RO          469    .text.gpio_bit_toggle  gd32f4xx_gpio.o
    0x0800302c   0x0800302c   0x00000026   Code   RO          453    .text.gpio_bit_write  gd32f4xx_gpio.o
    0x08003052   0x08003052   0x00000002   PAD
    0x08003054   0x08003054   0x00000020   Code   RO          228    .text.gpio_init     gpio.o
    0x08003074   0x08003074   0x0000002a   Code   RO          457    .text.gpio_input_bit_get  gd32f4xx_gpio.o
    0x0800309e   0x0800309e   0x00000002   PAD
    0x080030a0   0x080030a0   0x0000009c   Code   RO          445    .text.gpio_mode_set  gd32f4xx_gpio.o
    0x0800313c   0x0800313c   0x00000092   Code   RO          447    .text.gpio_output_options_set  gd32f4xx_gpio.o
    0x080031ce   0x080031ce   0x00000002   PAD
    0x080031d0   0x080031d0   0x00000034   Code   RO          224    .text.led_init      gpio.o
    0x08003204   0x08003204   0x000000a4   Code   RO           96    .text.main          main.o
    0x080032a8   0x080032a8   0x0000012a   Code   RO         1127    .text.nvic_irq_enable  gd32f4xx_misc.o
    0x080033d2   0x080033d2   0x00000002   PAD
    0x080033d4   0x080033d4   0x0000001c   Code   RO         1125    .text.nvic_priority_group_set  gd32f4xx_misc.o
    0x080033f0   0x080033f0   0x00000162   Code   RO         1104    .text.rcu_clock_freq_get  gd32f4xx_rcu.o
    0x08003552   0x08003552   0x00000002   PAD
    0x08003554   0x08003554   0x00000028   Code   RO         1026    .text.rcu_periph_clock_enable  gd32f4xx_rcu.o
    0x0800357c   0x0800357c   0x00000028   Code   RO         1036    .text.rcu_periph_reset_disable  gd32f4xx_rcu.o
    0x080035a4   0x080035a4   0x00000028   Code   RO         1034    .text.rcu_periph_reset_enable  gd32f4xx_rcu.o
    0x080035cc   0x080035cc   0x00000038   Code   RO         1072    .text.rcu_timer_clock_prescaler_config  gd32f4xx_rcu.o
    0x08003604   0x08003604   0x000001e2   Code   RO          165    .text.speed_decision  motorstep.o
    0x080037e6   0x080037e6   0x00000002   PAD
    0x080037e8   0x080037e8   0x000003d4   Code   RO          163    .text.stepper_move_T  motorstep.o
    0x08003bbc   0x08003bbc   0x000000b8   Code   RO            8    .text.system_clock_200m_8m_hxtal  system_gd32f4xx.o
    0x08003c74   0x08003c74   0x00000008   Code   RO            4    .text.system_clock_config  system_gd32f4xx.o
    0x08003c7c   0x08003c7c   0x00000032   Code   RO           69    .text.systick_config  systick.o
    0x08003cae   0x08003cae   0x00000002   PAD
    0x08003cb0   0x08003cb0   0x00000012   Code   RO          589    .text.timer_auto_reload_shadow_enable  gd32f4xx_timer.o
    0x08003cc2   0x08003cc2   0x00000002   PAD
    0x08003cc4   0x08003cc4   0x00000010   Code   RO          607    .text.timer_autoreload_value_config  gd32f4xx_timer.o
    0x08003cd4   0x08003cd4   0x000002c8   Code   RO          649    .text.timer_channel_output_config  gd32f4xx_timer.o
    0x08003f9c   0x08003f9c   0x0000008c   Code   RO          651    .text.timer_channel_output_mode_config  gd32f4xx_timer.o
    0x08004028   0x08004028   0x00000046   Code   RO          653    .text.timer_channel_output_pulse_value_config  gd32f4xx_timer.o
    0x0800406e   0x0800406e   0x00000002   PAD
    0x08004070   0x08004070   0x0000008c   Code   RO          655    .text.timer_channel_output_shadow_config  gd32f4xx_timer.o
    0x080040fc   0x080040fc   0x00000014   Code   RO          611    .text.timer_counter_read  gd32f4xx_timer.o
    0x08004110   0x08004110   0x000001e8   Code   RO          579    .text.timer_deinit  gd32f4xx_timer.o
    0x080042f8   0x080042f8   0x00000012   Code   RO          585    .text.timer_enable  gd32f4xx_timer.o
    0x0800430a   0x0800430a   0x00000002   PAD
    0x0800430c   0x0800430c   0x00000100   Code   RO          583    .text.timer_init    gd32f4xx_timer.o
    0x0800440c   0x0800440c   0x00000012   Code   RO          693    .text.timer_internal_clock_config  gd32f4xx_timer.o
    0x0800441e   0x0800441e   0x00000002   PAD
    0x08004420   0x08004420   0x00000014   Code   RO          717    .text.timer_interrupt_disable  gd32f4xx_timer.o
    0x08004434   0x08004434   0x00000014   Code   RO          715    .text.timer_interrupt_enable  gd32f4xx_timer.o
    0x08004448   0x08004448   0x00000012   Code   RO          721    .text.timer_interrupt_flag_clear  gd32f4xx_timer.o
    0x0800445a   0x0800445a   0x00000002   PAD
    0x0800445c   0x0800445c   0x0000003a   Code   RO          719    .text.timer_interrupt_flag_get  gd32f4xx_timer.o
    0x08004496   0x08004496   0x00000002   PAD
    0x08004498   0x08004498   0x0000002e   Code   RO          641    .text.timer_primary_output_config  gd32f4xx_timer.o
    0x080044c6   0x080044c6   0x00000002   PAD
    0x080044c8   0x080044c8   0x000000ca   Code   RO          238    .text.uart1_int     uart.o
    0x08004592   0x08004592   0x00000002   PAD
    0x08004594   0x08004594   0x00000158   Code   RO          732    .text.usart_baudrate_set  gd32f4xx_usart.o
    0x080046ec   0x080046ec   0x0000002e   Code   RO          748    .text.usart_data_first_config  gd32f4xx_usart.o
    0x0800471a   0x0800471a   0x00000002   PAD
    0x0800471c   0x0800471c   0x00000018   Code   RO          762    .text.usart_data_transmit  gd32f4xx_usart.o
    0x08004734   0x08004734   0x0000011e   Code   RO          730    .text.usart_deinit  gd32f4xx_usart.o
    0x08004852   0x08004852   0x00000002   PAD
    0x08004854   0x08004854   0x00000012   Code   RO          740    .text.usart_enable  gd32f4xx_usart.o
    0x08004866   0x08004866   0x00000002   PAD
    0x08004868   0x08004868   0x0000003a   Code   RO          828    .text.usart_flag_get  gd32f4xx_usart.o
    0x080048a2   0x080048a2   0x00000002   PAD
    0x080048a4   0x080048a4   0x0000001e   Code   RO          752    .text.usart_oversample_config  gd32f4xx_usart.o
    0x080048c2   0x080048c2   0x00000002   PAD
    0x080048c4   0x080048c4   0x0000001e   Code   RO          734    .text.usart_parity_config  gd32f4xx_usart.o
    0x080048e2   0x080048e2   0x00000002   PAD
    0x080048e4   0x080048e4   0x0000002a   Code   RO          746    .text.usart_receive_config  gd32f4xx_usart.o
    0x0800490e   0x0800490e   0x00000002   PAD
    0x08004910   0x08004910   0x0000001e   Code   RO          738    .text.usart_stop_bit_set  gd32f4xx_usart.o
    0x0800492e   0x0800492e   0x00000002   PAD
    0x08004930   0x08004930   0x0000002a   Code   RO          744    .text.usart_transmit_config  gd32f4xx_usart.o
    0x0800495a   0x0800495a   0x00000002   PAD
    0x0800495c   0x0800495c   0x0000001e   Code   RO          736    .text.usart_word_length_set  gd32f4xx_usart.o
    0x0800497a   0x0800497a   0x00000002   PAD
    0x0800497c   0x0800497c   0x00000020   Code   RO         1155    i.__0printf         mc_w.l(printfa.o)
    0x0800499c   0x0800499c   0x0000007a   Code   RO         1145    i.__hardfp_sqrt     m_wm.l(sqrt.o)
    0x08004a16   0x08004a16   0x0000000e   Code   RO         1250    i.__scatterload_copy  mc_w.l(handlers.o)
    0x08004a24   0x08004a24   0x00000002   Code   RO         1251    i.__scatterload_null  mc_w.l(handlers.o)
    0x08004a26   0x08004a26   0x0000000e   Code   RO         1252    i.__scatterload_zeroinit  mc_w.l(handlers.o)
    0x08004a34   0x08004a34   0x0000000c   Code   RO         1226    i.__set_errno       mc_w.l(errno.o)
    0x08004a40   0x08004a40   0x00000184   Code   RO         1162    i._fp_digits        mc_w.l(printfa.o)
    0x08004bc4   0x08004bc4   0x000006dc   Code   RO         1163    i._printf_core      mc_w.l(printfa.o)
    0x080052a0   0x080052a0   0x00000024   Code   RO         1164    i._printf_post_padding  mc_w.l(printfa.o)
    0x080052c4   0x080052c4   0x0000002e   Code   RO         1165    i._printf_pre_padding  mc_w.l(printfa.o)
    0x080052f2   0x080052f2   0x00000002   PAD
    0x080052f4   0x080052f4   0x00000034   Data   RO          146    .rodata..L__const.Motor_Dir_Set.Pin  motoroperation.o
    0x08005328   0x08005328   0x00000034   Data   RO          145    .rodata..L__const.Motor_Dir_Set.prot  motoroperation.o
    0x0800535c   0x0800535c   0x00000034   Data   RO          152    .rodata..L__const.Motor_Star_Set.handle  motoroperation.o
    0x08005390   0x08005390   0x00000034   Data   RO          153    .rodata..L__const.Motor_Star_Set.source  motoroperation.o
    0x080053c4   0x080053c4   0x00000034   Data   RO          154    .rodata..L__const.Motor_Stop_Set.handle  motoroperation.o
    0x080053f8   0x080053f8   0x00000034   Data   RO          155    .rodata..L__const.Motor_Stop_Set.source  motoroperation.o
    0x0800542c   0x0800542c   0x00000034   Data   RO          201    .rodata..L__const.stepper_move_T.MtPr  motorstep.o
    0x08005460   0x08005460   0x00000010   Data   RO          150    .rodata.cst16       motoroperation.o
    0x08005470   0x08005470   0x00000008   Data   RO          151    .rodata.cst8        motoroperation.o
    0x08005478   0x08005478   0x00000011   Data   RO           98    .rodata.str1.1      main.o
    0x08005489   0x08005489   0x00000003   PAD
    0x0800548c   0x0800548c   0x00000020   Data   RO         1249    Region$$Table       anon$$obj.o


    Execution Region RW_IRAM1 (Exec base: 0x20000000, Load base: 0x080054b0, Size: 0x00000de0, Max: 0x00030000, ABSOLUTE)

    Exec Addr    Load Addr    Size         Type   Attr      Idx    E Section Name        Object

    0x20000000   0x080054b0   0x00000004   Data   RW         1208    .data               mc_w.l(stdout.o)
    0x20000004   0x080054b4   0x00000004   Data   RW         1227    .data               mc_w.l(errno.o)
    0x20000008   0x080054b8   0x00000004   Data   RW           10    .data.SystemCoreClock  system_gd32f4xx.o
    0x2000000c   0x080054bc   0x00000004   PAD
    0x20000010        -       0x000007d0   Zero   RW          258    .bss.CAN1Buff       can.o
    0x200007e0        -       0x00000002   Zero   RW          260    .bss.Can0sendtimeout  can.o
    0x200007e2   0x080054bc   0x00000002   PAD
    0x200007e4        -       0x00000010   Zero   RW          257    .bss.Can1_revQueuebuff  can.o
    0x200007f4        -       0x00000004   Zero   RW          230    .bss.LedTimeCount   gpio.o
    0x200007f8        -       0x00000028   Zero   RW          189    .bss.MotorPr1       motorstep.o
    0x20000820        -       0x00000028   Zero   RW          198    .bss.MotorPr10      motorstep.o
    0x20000848        -       0x00000028   Zero   RW          199    .bss.MotorPr11      motorstep.o
    0x20000870        -       0x00000028   Zero   RW          200    .bss.MotorPr12      motorstep.o
    0x20000898        -       0x00000028   Zero   RW          190    .bss.MotorPr2       motorstep.o
    0x200008c0        -       0x00000028   Zero   RW          191    .bss.MotorPr3       motorstep.o
    0x200008e8        -       0x00000028   Zero   RW          192    .bss.MotorPr4       motorstep.o
    0x20000910        -       0x00000028   Zero   RW          193    .bss.MotorPr5       motorstep.o
    0x20000938        -       0x00000028   Zero   RW          194    .bss.MotorPr6       motorstep.o
    0x20000960        -       0x00000028   Zero   RW          195    .bss.MotorPr7       motorstep.o
    0x20000988        -       0x00000028   Zero   RW          196    .bss.MotorPr8       motorstep.o
    0x200009b0        -       0x00000028   Zero   RW          197    .bss.MotorPr9       motorstep.o
    0x200009d8        -       0x00000001   Zero   RW          202    .bss.TIM1_Interrupt_Mt4.ste  motorstep.o
    0x200009d9   0x080054bc   0x00000003   PAD
    0x200009dc        -       0x00000004   Zero   RW           79    .bss.delay          systick.o
    0x200009e0        -       0x00000400   Zero   RW           86    STACK               startup_gd32f407_427.o


==============================================================================

Image component sizes


      Code (inc. data)   RO Data    RW Data    ZI Data      Debug   Object Name

       346          0          0          0       2018       6281   can.o
      1814          4          0          0          0      11843   gd32f4xx_can.o
       610          0          0          0          0       4860   gd32f4xx_gpio.o
       592          0          0          0          0       3469   gd32f4xx_it.o
       326          0          0          0          0       3058   gd32f4xx_misc.o
       530          4          0          0          0      14925   gd32f4xx_rcu.o
      2058         20          0          0          0      17139   gd32f4xx_timer.o
       980          0          0          0          0      11780   gd32f4xx_usart.o
      1380          0          0          0          4       3050   gpio.o
       164          0         17          0          0        386   main.o
      1774          8        336          0          0       3675   motoroperation.o
      1530         40         52          0        481       4408   motorstep.o
       184          0          0          0          0       1854   queue.o
        36          8        392          0       1024        868   startup_gd32f407_427.o
       366          0          0          4          0       2516   system_gd32f4xx.o
       270          0          0          0          4       4314   systick.o
      3376          0          0          0          0       7807   time.o
       254          0          0          0          0       2715   uart.o

    ----------------------------------------------------------------------
     16716         84        832          4       3540     104948   Object Totals
         0          0         32          0          0          0   (incl. Generated)
       126          0          3          0          9          0   (incl. Padding)

    ----------------------------------------------------------------------

      Code (inc. data)   RO Data    RW Data    ZI Data      Debug   Library Member Name

       122          0          0          0          0        148   sqrt.o
         0          0          0          0          0          0   entry.o
         0          0          0          0          0          0   entry10a.o
         0          0          0          0          0          0   entry11a.o
         8          4          0          0          0          0   entry2.o
         4          0          0          0          0          0   entry5.o
         0          0          0          0          0          0   entry7b.o
         0          0          0          0          0          0   entry8b.o
         8          4          0          0          0          0   entry9a.o
        12          6          0          4          0         68   errno.o
        30          0          0          0          0          0   handlers.o
        36          8          0          0          0         68   init.o
         0          0          0          0          0          0   iusefp.o
        30          0          0          0          0         68   llshl.o
        36          0          0          0          0         68   llsshr.o
        32          0          0          0          0         68   llushr.o
      2258         90          0          0          0        452   printfa.o
         0          0          0          4          0          0   stdout.o
        44          0          0          0          0         80   uidiv.o
        98          0          0          0          0         92   uldiv.o
        48          0          0          0          0         68   cdrcmple.o
       334          0          0          0          0        148   dadd.o
       222          0          0          0          0        100   ddiv.o
       186          0          0          0          0        176   depilogue.o
        62          0          0          0          0         80   dfixi.o
        50          0          0          0          0         76   dfixui.o
        48          0          0          0          0         68   dfixul.o
        26          0          0          0          0         76   dfltui.o
       228          0          0          0          0         96   dmul.o
       162          0          0          0          0        100   dsqrt.o
        38          0          0          0          0         68   f2d.o

    ----------------------------------------------------------------------
      4128        112          0          8          0       2168   Library Totals
         6          0          0          0          0          0   (incl. Padding)

    ----------------------------------------------------------------------

      Code (inc. data)   RO Data    RW Data    ZI Data      Debug   Library Name

       122          0          0          0          0        148   m_wm.l
      2596        112          0          8          0        964   mc_w.l
      1404          0          0          0          0       1056   mf_w.l

    ----------------------------------------------------------------------
      4128        112          0          8          0       2168   Library Totals

    ----------------------------------------------------------------------

==============================================================================


      Code (inc. data)   RO Data    RW Data    ZI Data      Debug   

     20844        196        832         12       3540     106012   Grand Totals
     20844        196        832         12       3540     106012   ELF Image Totals
     20844        196        832         12          0          0   ROM Totals

==============================================================================

    Total RO  Size (Code + RO Data)                21676 (  21.17kB)
    Total RW  Size (RW Data + ZI Data)              3552 (   3.47kB)
    Total ROM Size (Code + RO Data + RW Data)      21688 (  21.18kB)

==============================================================================

